Component: ARM Compiler 5.06 update 6 (build 750) Tool: armlink [4d35ed]

==============================================================================

Section Cross References

    startup_stm32f407xx.o(STACK) refers (Special) to heapauxi.o(.text) for __use_two_region_memory
    startup_stm32f407xx.o(HEAP) refers (Special) to heapauxi.o(.text) for __use_two_region_memory
    startup_stm32f407xx.o(RESET) refers (Special) to heapauxi.o(.text) for __use_two_region_memory
    startup_stm32f407xx.o(RESET) refers to startup_stm32f407xx.o(STACK) for __initial_sp
    startup_stm32f407xx.o(RESET) refers to startup_stm32f407xx.o(.text) for Reset_Handler
    startup_stm32f407xx.o(RESET) refers to stm32f4xx_it.o(i.NMI_Handler) for NMI_Handler
    startup_stm32f407xx.o(RESET) refers to stm32f4xx_it.o(i.HardFault_Handler) for HardFault_Handler
    startup_stm32f407xx.o(RESET) refers to stm32f4xx_it.o(i.MemManage_Handler) for MemManage_Handler
    startup_stm32f407xx.o(RESET) refers to stm32f4xx_it.o(i.BusFault_Handler) for BusFault_Handler
    startup_stm32f407xx.o(RESET) refers to stm32f4xx_it.o(i.UsageFault_Handler) for UsageFault_Handler
    startup_stm32f407xx.o(RESET) refers to stm32f4xx_it.o(i.SVC_Handler) for SVC_Handler
    startup_stm32f407xx.o(RESET) refers to stm32f4xx_it.o(i.DebugMon_Handler) for DebugMon_Handler
    startup_stm32f407xx.o(RESET) refers to stm32f4xx_it.o(i.PendSV_Handler) for PendSV_Handler
    startup_stm32f407xx.o(RESET) refers to stm32f4xx_it.o(i.SysTick_Handler) for SysTick_Handler
    startup_stm32f407xx.o(RESET) refers to stm32f4xx_it.o(i.EXTI1_IRQHandler) for EXTI1_IRQHandler
    startup_stm32f407xx.o(RESET) refers to stm32f4xx_it.o(i.EXTI2_IRQHandler) for EXTI2_IRQHandler
    startup_stm32f407xx.o(RESET) refers to stm32f4xx_it.o(i.EXTI3_IRQHandler) for EXTI3_IRQHandler
    startup_stm32f407xx.o(RESET) refers to stm32f4xx_it.o(i.EXTI4_IRQHandler) for EXTI4_IRQHandler
    startup_stm32f407xx.o(RESET) refers to stm32f4xx_it.o(i.DMA1_Stream1_IRQHandler) for DMA1_Stream1_IRQHandler
    startup_stm32f407xx.o(RESET) refers to stm32f4xx_it.o(i.EXTI9_5_IRQHandler) for EXTI9_5_IRQHandler
    startup_stm32f407xx.o(RESET) refers to stm32f4xx_it.o(i.TIM1_BRK_TIM9_IRQHandler) for TIM1_BRK_TIM9_IRQHandler
    startup_stm32f407xx.o(.text) refers (Special) to heapauxi.o(.text) for __use_two_region_memory
    startup_stm32f407xx.o(.text) refers to system_stm32f4xx.o(i.SystemInit) for SystemInit
    startup_stm32f407xx.o(.text) refers to __main.o(!!!main) for __main
    startup_stm32f407xx.o(.text) refers to startup_stm32f407xx.o(HEAP) for Heap_Mem
    startup_stm32f407xx.o(.text) refers to startup_stm32f407xx.o(STACK) for Stack_Mem
    main.o(i.EncoderTest) refers to aml_motorcontrol.o(i.AML_MotorControl_TurnOnWallFollow) for AML_MotorControl_TurnOnWallFollow
    main.o(i.EncoderTest) refers to aml_encoder.o(i.AML_Encoder_GetLeftValue) for AML_Encoder_GetLeftValue
    main.o(i.EncoderTest) refers to aml_motorcontrol.o(i.AML_MotorControl_TurnOffWallFollow) for AML_MotorControl_TurnOffWallFollow
    main.o(i.EncoderTest) refers to aml_motorcontrol.o(i.AML_MotorControl_ShortBreak) for AML_MotorControl_ShortBreak
    main.o(i.EncoderTest) refers to aml_encoder.o(i.AML_Encoder_ResetLeftValue) for AML_Encoder_ResetLeftValue
    main.o(i.EncoderTest) refers to aml_debugdevice.o(i.AML_DebugDevice_BuzzerBeep) for AML_DebugDevice_BuzzerBeep
    main.o(i.EncoderTest) refers to stm32f4xx_hal.o(i.HAL_Delay) for HAL_Delay
    main.o(i.EncoderTest) refers to main.o(.data) for .data
    main.o(i.MX_GPIO_Init) refers to rt_memclr_w.o(.text) for __aeabi_memclr4
    main.o(i.MX_GPIO_Init) refers to stm32f4xx_hal_gpio.o(i.HAL_GPIO_WritePin) for HAL_GPIO_WritePin
    main.o(i.MX_GPIO_Init) refers to stm32f4xx_hal_gpio.o(i.HAL_GPIO_Init) for HAL_GPIO_Init
    main.o(i.MX_GPIO_Init) refers to stm32f4xx_hal_cortex.o(i.HAL_NVIC_SetPriority) for HAL_NVIC_SetPriority
    main.o(i.MX_GPIO_Init) refers to stm32f4xx_hal_cortex.o(i.HAL_NVIC_EnableIRQ) for HAL_NVIC_EnableIRQ
    main.o(i.MX_TIM1_Init) refers to rt_memclr_w.o(.text) for __aeabi_memclr4
    main.o(i.MX_TIM1_Init) refers to stm32f4xx_hal_tim.o(i.HAL_TIM_Encoder_Init) for HAL_TIM_Encoder_Init
    main.o(i.MX_TIM1_Init) refers to stm32f4xx_hal_tim_ex.o(i.HAL_TIMEx_MasterConfigSynchronization) for HAL_TIMEx_MasterConfigSynchronization
    main.o(i.MX_TIM1_Init) refers to main.o(.bss) for .bss
    main.o(i.MX_TIM2_Init) refers to rt_memclr_w.o(.text) for __aeabi_memclr4
    main.o(i.MX_TIM2_Init) refers to stm32f4xx_hal_tim.o(i.HAL_TIM_Base_Init) for HAL_TIM_Base_Init
    main.o(i.MX_TIM2_Init) refers to stm32f4xx_hal_tim.o(i.HAL_TIM_ConfigClockSource) for HAL_TIM_ConfigClockSource
    main.o(i.MX_TIM2_Init) refers to stm32f4xx_hal_tim.o(i.HAL_TIM_PWM_Init) for HAL_TIM_PWM_Init
    main.o(i.MX_TIM2_Init) refers to stm32f4xx_hal_tim_ex.o(i.HAL_TIMEx_MasterConfigSynchronization) for HAL_TIMEx_MasterConfigSynchronization
[...]
    SimpleKalmanFilter_Init                  0x08005cb9   Thumb Code    22  kalmanfilter.o(i.SimpleKalmanFilter_Init)
    SimpleKalmanFilter_updateEstimate        0x08005cd5   Thumb Code    74  kalmanfilter.o(i.SimpleKalmanFilter_updateEstimate)
    SysTick_Handler                          0x08005d1f   Thumb Code     4  stm32f4xx_it.o(i.SysTick_Handler)
    SystemClock_Config                       0x08005d25   Thumb Code   138  main.o(i.SystemClock_Config)
    SystemInit                               0x08005db9   Thumb Code    12  system_stm32f4xx.o(i.SystemInit)
    SystemTest                               0x08005dc9   Thumb Code    18  main.o(i.SystemTest)
    TIM1_BRK_TIM9_IRQHandler                 0x08005ddd   Thumb Code    18  stm32f4xx_it.o(i.TIM1_BRK_TIM9_IRQHandler)
    TIM_Base_SetConfig                       0x08005df9   Thumb Code   156  stm32f4xx_hal_tim.o(i.TIM_Base_SetConfig)
    TIM_CCxChannelCmd                        0x08005ec1   Thumb Code    26  stm32f4xx_hal_tim.o(i.TIM_CCxChannelCmd)
    TIM_ETR_SetConfig                        0x08005edb   Thumb Code    20  stm32f4xx_hal_tim.o(i.TIM_ETR_SetConfig)
    TIM_OC2_SetConfig                        0x08005f61   Thumb Code    98  stm32f4xx_hal_tim.o(i.TIM_OC2_SetConfig)
    TestLaser                                0x080060cb   Thumb Code    64  main.o(i.TestLaser)
    TestMPU                                  0x0800610d   Thumb Code   110  main.o(i.TestMPU)
    TestMotor                                0x08006185   Thumb Code   216  main.o(i.TestMotor)
    UART_Start_Receive_DMA                   0x080064bd   Thumb Code   134  stm32f4xx_hal_uart.o(i.UART_Start_Receive_DMA)
    UART_Start_Receive_IT                    0x08006551   Thumb Code    58  stm32f4xx_hal_uart.o(i.UART_Start_Receive_IT)
    UsageFault_Handler                       0x08006603   Thumb Code     2  stm32f4xx_it.o(i.UsageFault_Handler)
    VL53L0X_CheckAndLoadInterruptSettings    0x08006605   Thumb Code   118  vl53l0x_api.o(i.VL53L0X_CheckAndLoadInterruptSettings)
    VL53L0X_ClearInterruptMask               0x08006681   Thumb Code    76  vl53l0x_api.o(i.VL53L0X_ClearInterruptMask)
    VL53L0X_DataInit                         0x080066cd   Thumb Code   306  vl53l0x_api.o(i.VL53L0X_DataInit)
    VL53L0X_GetDeviceParameters              0x08006809   Thumb Code   128  vl53l0x_api.o(i.VL53L0X_GetDeviceParameters)
    VL53L0X_GetFractionEnable                0x08006889   Thumb Code    26  vl53l0x_api.o(i.VL53L0X_GetFractionEnable)
    VL53L0X_GetInterMeasurementPeriodMilliSeconds 0x080068a3   Thumb Code    54  vl53l0x_api.o(i.VL53L0X_GetInterMeasurementPeriodMilliSeconds)
    VL53L0X_GetInterruptMaskStatus           0x080068d9   Thumb Code    34  vl53l0x_api.o(i.VL53L0X_GetInterruptMaskStatus)
    VL53L0X_GetInterruptThresholds           0x080068fb   Thumb Code    52  vl53l0x_api.o(i.VL53L0X_GetInterruptThresholds)
    VL53L0X_GetLimitCheckEnable              0x0800692f   Thumb Code    24  vl53l0x_api.o(i.VL53L0X_GetLimitCheckEnable)
    VL53L0X_GetLimitCheckValue               0x08006949   Thumb Code   122  vl53l0x_api.o(i.VL53L0X_GetLimitCheckValue)
    VL53L0X_GetMeasurementDataReady          0x080069c3   Thumb Code    58  vl53l0x_api.o(i.VL53L0X_GetMeasurementDataReady)
    VL53L0X_GetMeasurementTimingBudgetMicroSeconds 0x080069fd   Thumb Code     4  vl53l0x_api.o(i.VL53L0X_GetMeasurementTimingBudgetMicroSeconds)
    VL53L0X_GetOffsetCalibrationDataMicroMeter 0x08006a01   Thumb Code     4  vl53l0x_api.o(i.VL53L0X_GetOffsetCalibrationDataMicroMeter)
    VL53L0X_GetRangingMeasurementData        0x08006a05   Thumb Code   300  vl53l0x_api.o(i.VL53L0X_GetRangingMeasurementData)
    VL53L0X_GetSequenceStepEnables           0x08006b31   Thumb Code   114  vl53l0x_api.o(i.VL53L0X_GetSequenceStepEnables)
    VL53L0X_GetSequenceStepTimeout           0x08006ba3   Thumb Code    54  vl53l0x_api.o(i.VL53L0X_GetSequenceStepTimeout)
    VL53L0X_GetVcselPulsePeriod              0x08006bd9   Thumb Code     4  vl53l0x_api.o(i.VL53L0X_GetVcselPulsePeriod)
    VL53L0X_GetWrapAroundCheckEnable         0x08006bdd   Thumb Code    44  vl53l0x_api.o(i.VL53L0X_GetWrapAroundCheckEnable)
    VL53L0X_GetXTalkCompensationEnable       0x08006c09   Thumb Code    10  vl53l0x_api.o(i.VL53L0X_GetXTalkCompensationEnable)
    VL53L0X_GetXTalkCompensationRateMegaCps  0x08006c13   Thumb Code    44  vl53l0x_api.o(i.VL53L0X_GetXTalkCompensationRateMegaCps)
    VL53L0X_PerformRefCalibration            0x08006c3f   Thumb Code     6  vl53l0x_api.o(i.VL53L0X_PerformRefCalibration)
    VL53L0X_PerformRefSpadManagement         0x08006c45   Thumb Code     4  vl53l0x_api.o(i.VL53L0X_PerformRefSpadManagement)
    VL53L0X_PerformSingleMeasurement         0x08006c49   Thumb Code    34  vl53l0x_api.o(i.VL53L0X_PerformSingleMeasurement)
    VL53L0X_PerformSingleRangingMeasurement  0x08006c6b   Thumb Code    52  vl53l0x_api.o(i.VL53L0X_PerformSingleRangingMeasurement)
    VL53L0X_PollingDelay                     0x08006c9f   Thumb Code    14  vl53l0x_platform.o(i.VL53L0X_PollingDelay)
    VL53L0X_RdByte                           0x08006cad   Thumb Code    40  vl53l0x_platform.o(i.VL53L0X_RdByte)
    VL53L0X_RdDWord                          0x08006cd5   Thumb Code    66  vl53l0x_platform.o(i.VL53L0X_RdDWord)
    VL53L0X_RdWord                           0x08006d1d   Thumb Code    54  vl53l0x_platform.o(i.VL53L0X_RdWord)
    VL53L0X_ReadMulti                        0x08006d59   Thumb Code    48  vl53l0x_platform.o(i.VL53L0X_ReadMulti)
    VL53L0X_SetDeviceAddress                 0x08006d89   Thumb Code     8  vl53l0x_api.o(i.VL53L0X_SetDeviceAddress)
    VL53L0X_SetDeviceMode                    0x08006d91   Thumb Code    36  vl53l0x_api.o(i.VL53L0X_SetDeviceMode)
    VL53L0X_SetGpioConfig                    0x08006db5   Thumb Code   312  vl53l0x_api.o(i.VL53L0X_SetGpioConfig)
    VL53L0X_SetLimitCheckEnable              0x08006eed   Thumb Code   130  vl53l0x_api.o(i.VL53L0X_SetLimitCheckEnable)
    VL53L0X_SetLimitCheckValue               0x08006f6f   Thumb Code    80  vl53l0x_api.o(i.VL53L0X_SetLimitCheckValue)
    VL53L0X_SetMeasurementTimingBudgetMicroSeconds 0x08006fbf   Thumb Code     4  vl53l0x_api.o(i.VL53L0X_SetMeasurementTimingBudgetMicroSeconds)
    VL53L0X_SetSequenceStepEnable            0x08006fc3   Thumb Code   174  vl53l0x_api.o(i.VL53L0X_SetSequenceStepEnable)
    VL53L0X_SetVcselPulsePeriod              0x08007071   Thumb Code     4  vl53l0x_api.o(i.VL53L0X_SetVcselPulsePeriod)
    VL53L0X_StartMeasurement                 0x08007075   Thumb Code   134  vl53l0x_api.o(i.VL53L0X_StartMeasurement)
    VL53L0X_StaticInit                       0x080070fd   Thumb Code   366  vl53l0x_api.o(i.VL53L0X_StaticInit)
    VL53L0X_UpdateByte                       0x08007271   Thumb Code    42  vl53l0x_platform.o(i.VL53L0X_UpdateByte)
    VL53L0X_WaitDeviceBooted                 0x0800729b   Thumb Code     6  vl53l0x_api.o(i.VL53L0X_WaitDeviceBooted)
    VL53L0X_WrByte                           0x080072a1   Thumb Code    32  vl53l0x_platform.o(i.VL53L0X_WrByte)
    VL53L0X_WrWord                           0x080072c5   Thumb Code    36  vl53l0x_platform.o(i.VL53L0X_WrWord)
    VL53L0X_WriteMulti                       0x080072ed   Thumb Code    52  vl53l0x_platform.o(i.VL53L0X_WriteMulti)
    VL53L0X_calc_dmax                        0x08007325   Thumb Code   212  vl53l0x_api_core.o(i.VL53L0X_calc_dmax)
    VL53L0X_calc_macro_period_ps             0x080073fd   Thumb Code    16  vl53l0x_api_core.o(i.VL53L0X_calc_macro_period_ps)
    VL53L0X_calc_sigma_estimate              0x0800740d   Thumb Code   480  vl53l0x_api_core.o(i.VL53L0X_calc_sigma_estimate)
    VL53L0X_calc_timeout_mclks               0x080075f9   Thumb Code    34  vl53l0x_api_core.o(i.VL53L0X_calc_timeout_mclks)
    VL53L0X_calc_timeout_us                  0x0800761b   Thumb Code    34  vl53l0x_api_core.o(i.VL53L0X_calc_timeout_us)
    VL53L0X_decode_timeout                   0x0800763d   Thumb Code    12  vl53l0x_api_core.o(i.VL53L0X_decode_timeout)
    VL53L0X_decode_vcsel_period              0x08007649   Thumb Code     8  vl53l0x_api_core.o(i.VL53L0X_decode_vcsel_period)
    VL53L0X_device_read_strobe               0x08007651   Thumb Code    70  vl53l0x_api_core.o(i.VL53L0X_device_read_strobe)
    VL53L0X_encode_timeout                   0x08007697   Thumb Code    30  vl53l0x_api_core.o(i.VL53L0X_encode_timeout)
    VL53L0X_encode_vcsel_period              0x080076b5   Thumb Code    10  vl53l0x_api_core.o(i.VL53L0X_encode_vcsel_period)
    VL53L0X_get_info_from_device             0x080076bf   Thumb Code  1320  vl53l0x_api_core.o(i.VL53L0X_get_info_from_device)
    VL53L0X_get_measurement_timing_budget_micro_seconds 0x08007be7   Thumb Code   196  vl53l0x_api_core.o(i.VL53L0X_get_measurement_timing_budget_micro_seconds)
    VL53L0X_get_offset_calibration_data_micro_meter 0x08007cab   Thumb Code    52  vl53l0x_api_calibration.o(i.VL53L0X_get_offset_calibration_data_micro_meter)
    VL53L0X_get_pal_range_status             0x08007ce1   Thumb Code   478  vl53l0x_api_core.o(i.VL53L0X_get_pal_range_status)
    VL53L0X_get_total_signal_rate            0x08007ebf   Thumb Code    28  vl53l0x_api_core.o(i.VL53L0X_get_total_signal_rate)
    VL53L0X_get_total_xtalk_rate             0x08007edb   Thumb Code    46  vl53l0x_api_core.o(i.VL53L0X_get_total_xtalk_rate)
    VL53L0X_get_vcsel_pulse_period           0x08007f09   Thumb Code    48  vl53l0x_api_core.o(i.VL53L0X_get_vcsel_pulse_period)
    VL53L0X_isqrt                            0x08007f39   Thumb Code    42  vl53l0x_api_core.o(i.VL53L0X_isqrt)
    VL53L0X_load_tuning_settings             0x08007f65   Thumb Code   164  vl53l0x_api_core.o(i.VL53L0X_load_tuning_settings)
    VL53L0X_measurement_poll_for_completion  0x08008009   Thumb Code    50  vl53l0x_api_core.o(i.VL53L0X_measurement_poll_for_completion)
    VL53L0X_perform_phase_calibration        0x0800803b   Thumb Code   116  vl53l0x_api_calibration.o(i.VL53L0X_perform_phase_calibration)
    VL53L0X_perform_ref_calibration          0x080080af   Thumb Code    64  vl53l0x_api_calibration.o(i.VL53L0X_perform_ref_calibration)
    VL53L0X_perform_ref_spad_management      0x080080ef   Thumb Code   540  vl53l0x_api_calibration.o(i.VL53L0X_perform_ref_spad_management)
    VL53L0X_perform_single_ref_calibration   0x0800830b   Thumb Code    56  vl53l0x_api_calibration.o(i.VL53L0X_perform_single_ref_calibration)
    VL53L0X_perform_vhv_calibration          0x08008343   Thumb Code   116  vl53l0x_api_calibration.o(i.VL53L0X_perform_vhv_calibration)
    VL53L0X_ref_calibration_io               0x080083b7   Thumb Code   178  vl53l0x_api_calibration.o(i.VL53L0X_ref_calibration_io)
    VL53L0X_set_measurement_timing_budget_micro_seconds 0x08008469   Thumb Code   194  vl53l0x_api_core.o(i.VL53L0X_set_measurement_timing_budget_micro_seconds)
    VL53L0X_set_reference_spads              0x0800852b   Thumb Code   166  vl53l0x_api_calibration.o(i.VL53L0X_set_reference_spads)
    VL53L0X_set_vcsel_pulse_period           0x080085d1   Thumb Code   544  vl53l0x_api_core.o(i.VL53L0X_set_vcsel_pulse_period)
    _I2CRead                                 0x080087f1   Thumb Code    32  vl53l0x_platform.o(i._I2CRead)
    _I2CWrite                                0x08008811   Thumb Code    28  vl53l0x_platform.o(i._I2CWrite)
    __hardfp___mathlib_tofloat               0x08008851   Thumb Code   232  narrow.o(i.__hardfp___mathlib_tofloat)
    __hardfp_ldexp                           0x08008949   Thumb Code   200  ldexp.o(i.__hardfp_ldexp)
    __mathlib_dbl_overflow                   0x08008a19   Thumb Code    24  dunder.o(i.__mathlib_dbl_overflow)
    __mathlib_dbl_underflow                  0x08008a39   Thumb Code    24  dunder.o(i.__mathlib_dbl_underflow)
    __mathlib_narrow                         0x08008a59   Thumb Code    18  narrow.o(i.__mathlib_narrow)
    __support_ldexp                          0x08008a6b   Thumb Code    20  ldexp.o(i.__support_ldexp)
    _is_digit                                0x08008a7f   Thumb Code    14  scanf_fp.o(i._is_digit)
    advanceOneCell                           0x08008a8d   Thumb Code    76  flood.o(i.advanceOneCell)
    advanceOneCellVisited                    0x08008add   Thumb Code    64  flood.o(i.advanceOneCellVisited)
    advanceTicksFlood                        0x08008b21   Thumb Code   736  flood.o(i.advanceTicksFlood)
    centerMovement                           0x08008e09   Thumb Code  1392  flood.o(i.centerMovement)
    checkForWalls                            0x08009379   Thumb Code   396  flood.o(i.checkForWalls)
    enable_ref_spads                         0x08009505   Thumb Code   148  vl53l0x_api_calibration.o(i.enable_ref_spads)
    enable_spad_bit                          0x08009599   Thumb Code    42  vl53l0x_api_calibration.o(i.enable_spad_bit)
    floodFill                                0x080095c5   Thumb Code   684  flood.o(i.floodFill)
    frexp                                    0x08009879   Thumb Code   118  frexp.o(i.frexp)
    get_next_good_spad                       0x08009905   Thumb Code    92  vl53l0x_api_calibration.o(i.get_next_good_spad)
    get_ref_spad_map                         0x08009961   Thumb Code    10  vl53l0x_api_calibration.o(i.get_ref_spad_map)
    get_sequence_step_timeout                0x0800996b   Thumb Code   242  vl53l0x_api_core.o(i.get_sequence_step_timeout)
    handle                                   0x08009a5d   Thumb Code    46  aml_mpusensor.o(i.handle)
    init_coor                                0x08009a99   Thumb Code     6  flood.o(i.init_coor)
    init_distance_maze                       0x08009a9f   Thumb Code   144  flood.o(i.init_distance_maze)
    init_wall_maze                           0x08009b31   Thumb Code    82  flood.o(i.init_wall_maze)
    is_aperture                              0x08009b85   Thumb Code    20  vl53l0x_api_calibration.o(i.is_aperture)
    logicalFlood                             0x08009b9d   Thumb Code   174  flood.o(i.logicalFlood)
    main                                     0x08009c4d   Thumb Code   340  main.o(i.main)
    minusOneNeighbor                         0x08009dc5   Thumb Code   258  flood.o(i.minusOneNeighbor)
    perform_ref_signal_measurement           0x08009ec7   Thumb Code   100  vl53l0x_api_calibration.o(i.perform_ref_signal_measurement)
    pop_stack                                0x08009f2b   Thumb Code    26  flood.o(i.pop_stack)
    push_stack                               0x08009f45   Thumb Code    22  flood.o(i.push_stack)
    sequence_step_enabled                    0x08009f5b   Thumb Code    56  vl53l0x_api.o(i.sequence_step_enabled)
    set_ref_spad_map                         0x08009f93   Thumb Code    10  vl53l0x_api_calibration.o(i.set_ref_spad_map)
    set_sequence_step_timeout                0x08009f9d   Thumb Code   260  vl53l0x_api_core.o(i.set_sequence_step_timeout)
    uncontrolledAdvanceTicks                 0x0800a0a1   Thumb Code   118  flood.o(i.uncontrolledAdvanceTicks)
    _get_lc_numeric                          0x0800a119   Thumb Code    44  lc_numeric_c.o(locale$$code)
    _get_lc_ctype                            0x0800a145   Thumb Code    44  lc_ctype_c.o(locale$$code)
    __aeabi_dneg                             0x0800a171   Thumb Code     0  basic.o(x$fpl$basic)
    _dneg                                    0x0800a171   Thumb Code     6  basic.o(x$fpl$basic)
    __aeabi_fneg                             0x0800a177   Thumb Code     0  basic.o(x$fpl$basic)
    _fneg                                    0x0800a177   Thumb Code     6  basic.o(x$fpl$basic)
    _dabs                                    0x0800a17d   Thumb Code     6  basic.o(x$fpl$basic)
    _fabs                                    0x0800a183   Thumb Code     6  basic.o(x$fpl$basic)
    __aeabi_d2f                              0x0800a189   Thumb Code     0  d2f.o(x$fpl$d2f)
    _d2f                                     0x0800a189   Thumb Code    98  d2f.o(x$fpl$d2f)
    __aeabi_dadd                             0x0800a1ed   Thumb Code     0  daddsub_clz.o(x$fpl$dadd)
    _dadd                                    0x0800a1ed   Thumb Code   332  daddsub_clz.o(x$fpl$dadd)
    __fpl_dcheck_NaN1                        0x0800a33d   Thumb Code    10  dcheck1.o(x$fpl$dcheck1)
    __fpl_dcmp_Inf                           0x0800a34d   Thumb Code    24  dcmpi.o(x$fpl$dcmpinf)
    __aeabi_ddiv                             0x0800a365   Thumb Code     0  ddiv.o(x$fpl$ddiv)
    _ddiv                                    0x0800a365   Thumb Code   552  ddiv.o(x$fpl$ddiv)
    __aeabi_cdcmpeq                          0x0800a615   Thumb Code     0  deqf.o(x$fpl$deqf)
    _dcmpeq                                  0x0800a615   Thumb Code   120  deqf.o(x$fpl$deqf)
    __aeabi_d2iz                             0x0800a68d   Thumb Code     0  dfix.o(x$fpl$dfix)
    _dfix                                    0x0800a68d   Thumb Code    94  dfix.o(x$fpl$dfix)
    __aeabi_i2d                              0x0800a6eb   Thumb Code     0  dflt_clz.o(x$fpl$dflt)
    _dflt                                    0x0800a6eb   Thumb Code    46  dflt_clz.o(x$fpl$dflt)
    __aeabi_ui2d                             0x0800a719   Thumb Code     0  dflt_clz.o(x$fpl$dfltu)
    _dfltu                                   0x0800a719   Thumb Code    38  dflt_clz.o(x$fpl$dfltu)
    __aeabi_cdcmple                          0x0800a741   Thumb Code     0  dleqf.o(x$fpl$dleqf)
    _dcmple                                  0x0800a741   Thumb Code   120  dleqf.o(x$fpl$dleqf)
    __fpl_dcmple_InfNaN                      0x0800a7a3   Thumb Code     0  dleqf.o(x$fpl$dleqf)
    __aeabi_dmul                             0x0800a7b9   Thumb Code     0  dmul.o(x$fpl$dmul)
    _dmul                                    0x0800a7b9   Thumb Code   332  dmul.o(x$fpl$dmul)
    __fpl_dnaninf                            0x0800a90d   Thumb Code   156  dnaninf.o(x$fpl$dnaninf)
    __fpl_dretinf                            0x0800a9a9   Thumb Code    12  dretinf.o(x$fpl$dretinf)
    __aeabi_cdrcmple                         0x0800a9b5   Thumb Code     0  drleqf.o(x$fpl$drleqf)
    _drcmple                                 0x0800a9b5   Thumb Code   108  drleqf.o(x$fpl$drleqf)
    __aeabi_drsub                            0x0800aa21   Thumb Code     0  daddsub_clz.o(x$fpl$drsb)
    _drsb                                    0x0800aa21   Thumb Code    22  daddsub_clz.o(x$fpl$drsb)
    __aeabi_dsub                             0x0800aa39   Thumb Code     0  daddsub_clz.o(x$fpl$dsub)
    _dsub                                    0x0800aa39   Thumb Code   464  daddsub_clz.o(x$fpl$dsub)
    _fp_init                                 0x0800ac0d   Thumb Code    10  fpinit.o(x$fpl$fpinit)
    __fplib_config_fpu_vfp                   0x0800ac15   Thumb Code     0  fpinit.o(x$fpl$fpinit)
    __fplib_config_pureend_doubles           0x0800ac15   Thumb Code     0  fpinit.o(x$fpl$fpinit)
    __fpl_fretinf                            0x0800ac17   Thumb Code    10  fretinf.o(x$fpl$fretinf)
    __ieee_status                            0x0800ac21   Thumb Code     6  istatus.o(x$fpl$ieeestatus)
    __fpl_return_NaN                         0x0800ac27   Thumb Code   100  retnan.o(x$fpl$retnan)
    __ARM_scalbn                             0x0800ac8b   Thumb Code    92  scalbn.o(x$fpl$scalbn)
    _scanf_real                              0x0800ace7   Thumb Code     4  scanf1.o(x$fpl$scanf1)
    _scanf_hex_real                          0x0800aceb   Thumb Code     4  scanf2.o(x$fpl$scanf2)
    _scanf_infnan                            0x0800acef   Thumb Code     4  scanf2.o(x$fpl$scanf2)
    __fpl_cmpreturn                          0x0800acf3   Thumb Code    48  trapv.o(x$fpl$trapveneer)
    __I$use$fp                               0x0800ad22   Number         0  usenofp.o(x$fpl$usenofp)
    AHBPrescTable                            0x0800ad2a   Data          16  system_stm32f4xx.o(.constdata)
    APBPrescTable                            0x0800ad3a   Data           8  system_stm32f4xx.o(.constdata)
    Region$$Table$$Base                      0x0800add8   Number         0  anon$$obj.o(Region$$Table)
    Region$$Table$$Limit                     0x0800adf8   Number         0  anon$$obj.o(Region$$Table)
    __aeabi_HUGE_VAL                         0x0800adf8   Data           0  fpconst.o(c$$dinf)
    __aeabi_HUGE_VALL                        0x0800adf8   Data           0  fpconst.o(c$$dinf)
    __aeabi_INFINITY                         0x0800adf8   Data           0  fpconst.o(c$$dinf)
    __dInf                                   0x0800adf8   Data           0  fpconst.o(c$$dinf)
    __huge_val                               0x0800adf8   Data           0  fpconst.o(c$$dinf)
    __dbl_max                                0x0800ae00   Data           0  fpconst.o(c$$dmax)
    __ctype                                  0x0800ae31   Data           0  lc_ctype_c.o(locale$$data)
    ButtonPressed                            0x20000000   Data           1  main.o(.data)
    ReadButton                               0x20000001   Data           1  main.o(.data)
    algorithm                                0x20000004   Data           4  main.o(.data)
    LeftSpeed                                0x20000008   Data           8  main.o(.data)
    RightSpeed                               0x20000010   Data           8  main.o(.data)
    Led                                      0x20000018   Data          16  aml_debugdevice.o(.data)
    Button                                   0x20000028   Data          10  aml_keyboard.o(.data)
    isApertureSpads                          0x20000034   Data           1  aml_lasersensor.o(.data)
    VhvSettings                              0x20000035   Data           1  aml_lasersensor.o(.data)
    PhaseCal                                 0x20000036   Data           1  aml_lasersensor.o(.data)
    refSpadCount                             0x20000038   Data           4  aml_lasersensor.o(.data)
    LaserSensorAddress                       0x2000003c   Data           5  aml_lasersensor.o(.data)
    direction                                0x20000048   Data           1  aml_motorcontrol.o(.data)
    FinishFlag                               0x20000049   Data           1  aml_motorcontrol.o(.data)
    TurnFlag                                 0x2000004a   Data           1  aml_motorcontrol.o(.data)
    MaxLeftWallDistance                      0x2000004c   Data           2  aml_motorcontrol.o(.data)
    MaxRightWallDistance                     0x2000004e   Data           2  aml_motorcontrol.o(.data)
    MinFrontWallDistance                     0x20000050   Data           2  aml_motorcontrol.o(.data)
    MouseSpeed                               0x20000054   Data           4  aml_motorcontrol.o(.data)
    MinLeftWallDistance                      0x20000058   Data           4  aml_motorcontrol.o(.data)
    MinRightWallDistance                     0x2000005c   Data           4  aml_motorcontrol.o(.data)
    SetpointAngle                            0x20000060   Data           8  aml_motorcontrol.o(.data)
    TempSetpoint                             0x20000068   Data           8  aml_motorcontrol.o(.data)
    Speed_Kp_Left                            0x20000070   Data           8  aml_motorcontrol.o(.data)
    Speed_Ki_Left                            0x20000078   Data           8  aml_motorcontrol.o(.data)
    Speed_Kd_Left                            0x20000080   Data           8  aml_motorcontrol.o(.data)
    PreviouseLeftEncoderValue                0x20000088   Data           8  aml_motorcontrol.o(.data)
    Speed_Kp_Right                           0x20000090   Data           8  aml_motorcontrol.o(.data)
    Speed_Ki_Right                           0x20000098   Data           8  aml_motorcontrol.o(.data)
    Speed_Kd_Right                           0x200000a0   Data           8  aml_motorcontrol.o(.data)
    Position_Kp                              0x200000a8   Data           8  aml_motorcontrol.o(.data)
    Position_Ki                              0x200000b0   Data           8  aml_motorcontrol.o(.data)
    Position_Kd                              0x200000b8   Data           8  aml_motorcontrol.o(.data)
    LeftWallFollow_Kp                        0x200000c0   Data           8  aml_motorcontrol.o(.data)
    LeftWallFollow_Ki                        0x200000c8   Data           8  aml_motorcontrol.o(.data)
    LeftWallFollow_Kd                        0x200000d0   Data           8  aml_motorcontrol.o(.data)
    RightWallFollow_Kp                       0x200000d8   Data           8  aml_motorcontrol.o(.data)
    RightWallFollow_Ki                       0x200000e0   Data           8  aml_motorcontrol.o(.data)
    RightWallFollow_Kd                       0x200000e8   Data           8  aml_motorcontrol.o(.data)
    MPUFollow_Kp                             0x200000f0   Data           8  aml_motorcontrol.o(.data)
    MPUFollow_Ki                             0x200000f8   Data           8  aml_motorcontrol.o(.data)
    MPUFollow_Kd                             0x20000100   Data           8  aml_motorcontrol.o(.data)
    MinRotateSpeed                           0x20000108   Data           8  aml_motorcontrol.o(.data)
    MaxRotateSpeed                           0x20000110   Data           8  aml_motorcontrol.o(.data)
    TurnLeftAngle                            0x20000118   Data           8  aml_motorcontrol.o(.data)
    TurnRightAngle                           0x20000120   Data           8  aml_motorcontrol.o(.data)
    TurnLeft_Kp                              0x20000128   Data           8  aml_motorcontrol.o(.data)
    TurnLeft_Ki                              0x20000130   Data           8  aml_motorcontrol.o(.data)
    TurnLeft_Kd                              0x20000138   Data           8  aml_motorcontrol.o(.data)
    TurnRight_Kp                             0x20000140   Data           8  aml_motorcontrol.o(.data)
    TurnRight_Ki                             0x20000148   Data           8  aml_motorcontrol.o(.data)
    TurnRight_Kd                             0x20000150   Data           8  aml_motorcontrol.o(.data)
    OutputMin                                0x20000158   Data           8  aml_motorcontrol.o(.data)
    OutputMax                                0x20000160   Data           8  aml_motorcontrol.o(.data)
    Input_Left                               0x20000168   Data           8  aml_motorcontrol.o(.data)
    Output_Left                              0x20000170   Data           8  aml_motorcontrol.o(.data)
    Setpoint_Left                            0x20000178   Data           8  aml_motorcontrol.o(.data)
    Input_Right                              0x20000180   Data           8  aml_motorcontrol.o(.data)
    Output_Right                             0x20000188   Data           8  aml_motorcontrol.o(.data)
    Setpoint_Right                           0x20000190   Data           8  aml_motorcontrol.o(.data)
    SetpointDistance                         0x20000198   Data           8  aml_motorcontrol.o(.data)
    LeftWallDistance                         0x200001a0   Data           8  aml_motorcontrol.o(.data)
    RightWallDistance                        0x200001a8   Data           8  aml_motorcontrol.o(.data)
    Input_MPUFollow                          0x200001b0   Data           8  aml_motorcontrol.o(.data)
    Output_MPUFollow                         0x200001b8   Data           8  aml_motorcontrol.o(.data)
    Setpoint_MPUFollow                       0x200001c0   Data           8  aml_motorcontrol.o(.data)
    Input_TurnLeft                           0x200001c8   Data           8  aml_motorcontrol.o(.data)
    Output_TurnLeft                          0x200001d0   Data           8  aml_motorcontrol.o(.data)
    Setpoint_TurnLeft                        0x200001d8   Data           8  aml_motorcontrol.o(.data)
    Input_TurnRight                          0x200001e0   Data           8  aml_motorcontrol.o(.data)
    Output_TurnRight                         0x200001e8   Data           8  aml_motorcontrol.o(.data)
    Setpoint_TurnRight                       0x200001f0   Data           8  aml_motorcontrol.o(.data)
    buffer                                   0x200001f8   Data           1  aml_mpusensor.o(.data)
    ResetCommand                             0x200001f9   Data           3  aml_mpusensor.o(.data)
    PreviousAngle                            0x20000200   Data           8  aml_mpusensor.o(.data)
    SaveAngle                                0x20000208   Data           8  aml_mpusensor.o(.data)
    Angle                                    0x20000210   Data           8  aml_mpusensor.o(.data)
    RemoteBuffer                             0x20000218   Data           1  aml_remote.o(.data)
    RemoteIndex                              0x20000219   Data           1  aml_remote.o(.data)
    ki                                       0x20000220   Data           8  aml_remote.o(.data)
    kp                                       0x20000228   Data           8  aml_remote.o(.data)
    kd                                       0x20000230   Data           8  aml_remote.o(.data)
    DefaultTuningSettings                    0x20000238   Data         243  vl53l0x_api.o(.data)
    InterruptThresholdSettings               0x2000032b   Data         438  vl53l0x_api.o(.data)
    refArrayQuadrants                        0x200004e4   Data          16  vl53l0x_api_calibration.o(.data)
    DebugMode                                0x200004f4   Data           1  flood.o(.data)
    BeforeTurnTicks                          0x200004f8   Data           4  flood.o(.data)
    AfterTurnTicks                           0x200004fc   Data           4  flood.o(.data)
    uwTickFreq                               0x20000500   Data           1  stm32f4xx_hal.o(.data)
    uwTickPrio                               0x20000504   Data           4  stm32f4xx_hal.o(.data)
    uwTick                                   0x20000508   Data           4  stm32f4xx_hal.o(.data)
    SystemCoreClock                          0x2000050c   Data           4  system_stm32f4xx.o(.data)
    hi2c1                                    0x20000510   Data          84  main.o(.bss)
    htim1                                    0x20000564   Data          72  main.o(.bss)
    htim2                                    0x200005ac   Data          72  main.o(.bss)
    htim4                                    0x200005f4   Data          72  main.o(.bss)
    htim9                                    0x2000063c   Data          72  main.o(.bss)
    htim10                                   0x20000684   Data          72  main.o(.bss)
    huart3                                   0x200006cc   Data          68  main.o(.bss)
    huart6                                   0x20000710   Data          68  main.o(.bss)
    debug                                    0x20000754   Data         200  main.o(.bss)
    distances                                0x2000081c   Data        1024  main.o(.bss)
    cell_walls_info                          0x20000c1c   Data        1280  main.o(.bss)
    update_stack                             0x2000111c   Data        2052  main.o(.bss)
    hdma_usart3_rx                           0x20001920   Data          96  main.o(.bss)
    KalmanFilter                             0x20001980   Data         120  aml_lasersensor.o(.bss)
    SensorValue                              0x200019f8   Data         196  aml_lasersensor.o(.bss)
    Dev_Val                                  0x20001abc   Data        2744  aml_lasersensor.o(.bss)
    Laser                                    0x20002574   Data          28  aml_lasersensor.o(.bss)
    PID_SpeedLeft                            0x20002590   Data         112  aml_motorcontrol.o(.bss)
    PID_SpeedRight                           0x20002600   Data         112  aml_motorcontrol.o(.bss)
    PID_PositionLeft                         0x20002670   Data         112  aml_motorcontrol.o(.bss)
    PID_PositionRight                        0x200026e0   Data         112  aml_motorcontrol.o(.bss)
    PID_LeftWallFollow                       0x20002750   Data         112  aml_motorcontrol.o(.bss)
    PID_RightWallFollow                      0x200027c0   Data         112  aml_motorcontrol.o(.bss)
    PID_MPUFollow                            0x20002830   Data         112  aml_motorcontrol.o(.bss)
    PID_TurnLeft                             0x200028a0   Data         112  aml_motorcontrol.o(.bss)
    PID_TurnRight                            0x20002910   Data         112  aml_motorcontrol.o(.bss)
    MPUData                                  0x20002980   Data          36  aml_mpusensor.o(.bss)
    RemoteData                               0x200029a4   Data          48  aml_remote.o(.bss)
    _I2CBuffer                               0x200029d4   Data          64  vl53l0x_platform.o(.bss)
    __libspace_start                         0x20002a14   Data          96  libspace.o(.bss)
    __temporary_stack_top$libspace           0x20002a74   Data           0  libspace.o(.bss)



==============================================================================

Memory Map of the image

  Image Entry point : 0x08000189

  Load Region LR_IROM1 (Base: 0x08000000, Size: 0x0000b444, Max: 0x00080000, ABSOLUTE, COMPRESSED[0x0000b258])

    Execution Region ER_IROM1 (Exec base: 0x08000000, Load base: 0x08000000, Size: 0x0000af34, Max: 0x00080000, ABSOLUTE)

    Exec Addr    Load Addr    Size         Type   Attr      Idx    E Section Name        Object

    0x08000000   0x08000000   0x00000188   Data   RO            3    RESET               startup_stm32f407xx.o
    0x08000188   0x08000188   0x00000008   Code   RO         5525  * !!!main             c_w.l(__main.o)
    0x08000190   0x08000190   0x00000034   Code   RO         5873    !!!scatter          c_w.l(__scatter.o)
    0x080001c4   0x080001c4   0x0000005a   Code   RO         5871    !!dczerorl2         c_w.l(__dczerorl2.o)
    0x0800021e   0x0800021e   0x00000002   PAD
    0x08000220   0x08000220   0x0000001c   Code   RO         5875    !!handler_zi        c_w.l(__scatter_zi.o)
    0x0800023c   0x0800023c   0x00000002   Code   RO         5688    .ARM.Collect$$libinit$$00000000  c_w.l(libinit.o)
    0x0800023e   0x0800023e   0x00000004   Code   RO         5689    .ARM.Collect$$libinit$$00000001  c_w.l(libinit2.o)
    0x08000242   0x08000242   0x00000000   Code   RO         5692    .ARM.Collect$$libinit$$00000004  c_w.l(libinit2.o)
    0x08000242   0x08000242   0x00000000   Code   RO         5695    .ARM.Collect$$libinit$$0000000A  c_w.l(libinit2.o)
    0x08000242   0x08000242   0x00000000   Code   RO         5697    .ARM.Collect$$libinit$$0000000C  c_w.l(libinit2.o)
    0x08000242   0x08000242   0x00000000   Code   RO         5699    .ARM.Collect$$libinit$$0000000E  c_w.l(libinit2.o)
    0x08000242   0x08000242   0x00000006   Code   RO         5700    .ARM.Collect$$libinit$$0000000F  c_w.l(libinit2.o)
    0x08000248   0x08000248   0x00000000   Code   RO         5702    .ARM.Collect$$libinit$$00000011  c_w.l(libinit2.o)
    0x08000248   0x08000248   0x0000000c   Code   RO         5703    .ARM.Collect$$libinit$$00000012  c_w.l(libinit2.o)
    0x08000254   0x08000254   0x00000000   Code   RO         5704    .ARM.Collect$$libinit$$00000013  c_w.l(libinit2.o)
    0x08000254   0x08000254   0x00000000   Code   RO         5706    .ARM.Collect$$libinit$$00000015  c_w.l(libinit2.o)
    0x08000254   0x08000254   0x0000000a   Code   RO         5707    .ARM.Collect$$libinit$$00000016  c_w.l(libinit2.o)
    0x0800025e   0x0800025e   0x00000000   Code   RO         5708    .ARM.Collect$$libinit$$00000017  c_w.l(libinit2.o)
    0x0800025e   0x0800025e   0x00000000   Code   RO         5710    .ARM.Collect$$libinit$$00000019  c_w.l(libinit2.o)
    0x0800025e   0x0800025e   0x00000000   Code   RO         5712    .ARM.Collect$$libinit$$0000001B  c_w.l(libinit2.o)
    0x0800025e   0x0800025e   0x00000000   Code   RO         5714    .ARM.Collect$$libinit$$0000001D  c_w.l(libinit2.o)
    0x0800025e   0x0800025e   0x00000000   Code   RO         5716    .ARM.Collect$$libinit$$0000001F  c_w.l(libinit2.o)
    0x0800025e   0x0800025e   0x00000000   Code   RO         5718    .ARM.Collect$$libinit$$00000021  c_w.l(libinit2.o)
    0x0800025e   0x0800025e   0x00000000   Code   RO         5720    .ARM.Collect$$libinit$$00000023  c_w.l(libinit2.o)
    0x0800025e   0x0800025e   0x00000000   Code   RO         5722    .ARM.Collect$$libinit$$00000025  c_w.l(libinit2.o)
    0x0800025e   0x0800025e   0x00000000   Code   RO         5726    .ARM.Collect$$libinit$$0000002C  c_w.l(libinit2.o)
    0x0800025e   0x0800025e   0x00000000   Code   RO         5728    .ARM.Collect$$libinit$$0000002E  c_w.l(libinit2.o)
    0x0800025e   0x0800025e   0x00000000   Code   RO         5730    .ARM.Collect$$libinit$$00000030  c_w.l(libinit2.o)
    0x0800025e   0x0800025e   0x00000000   Code   RO         5732    .ARM.Collect$$libinit$$00000032  c_w.l(libinit2.o)
    0x0800025e   0x0800025e   0x00000002   Code   RO         5733    .ARM.Collect$$libinit$$00000033  c_w.l(libinit2.o)
    0x08000260   0x08000260   0x00000002   Code   RO         5830    .ARM.Collect$$libshutdown$$00000000  c_w.l(libshutdown.o)
    0x08000262   0x08000262   0x00000000   Code   RO         5850    .ARM.Collect$$libshutdown$$00000002  c_w.l(libshutdown2.o)
    0x08000262   0x08000262   0x00000000   Code   RO         5852    .ARM.Collect$$libshutdown$$00000004  c_w.l(libshutdown2.o)
    0x08000262   0x08000262   0x00000000   Code   RO         5855    .ARM.Collect$$libshutdown$$00000007  c_w.l(libshutdown2.o)
    0x08000262   0x08000262   0x00000000   Code   RO         5858    .ARM.Collect$$libshutdown$$0000000A  c_w.l(libshutdown2.o)
    0x08000262   0x08000262   0x00000000   Code   RO         5860    .ARM.Collect$$libshutdown$$0000000C  c_w.l(libshutdown2.o)
    0x08000262   0x08000262   0x00000000   Code   RO         5863    .ARM.Collect$$libshutdown$$0000000F  c_w.l(libshutdown2.o)
    0x08000262   0x08000262   0x00000002   Code   RO         5864    .ARM.Collect$$libshutdown$$00000010  c_w.l(libshutdown2.o)
    0x08000264   0x08000264   0x00000000   Code   RO         5563    .ARM.Collect$$rtentry$$00000000  c_w.l(__rtentry.o)
    0x08000264   0x08000264   0x00000000   Code   RO         5584    .ARM.Collect$$rtentry$$00000002  c_w.l(__rtentry2.o)
    0x08000264   0x08000264   0x00000006   Code   RO         5596    .ARM.Collect$$rtentry$$00000004  c_w.l(__rtentry4.o)
    0x0800026a   0x0800026a   0x00000000   Code   RO         5586    .ARM.Collect$$rtentry$$00000009  c_w.l(__rtentry2.o)
    0x0800026a   0x0800026a   0x00000004   Code   RO         5587    .ARM.Collect$$rtentry$$0000000A  c_w.l(__rtentry2.o)
    0x0800026e   0x0800026e   0x00000000   Code   RO         5589    .ARM.Collect$$rtentry$$0000000C  c_w.l(__rtentry2.o)
    0x0800026e   0x0800026e   0x00000008   Code   RO         5590    .ARM.Collect$$rtentry$$0000000D  c_w.l(__rtentry2.o)
    0x08000276   0x08000276   0x00000002   Code   RO         5742    .ARM.Collect$$rtexit$$00000000  c_w.l(rtexit.o)
    0x08000278   0x08000278   0x00000000   Code   RO         5782    .ARM.Collect$$rtexit$$00000002  c_w.l(rtexit2.o)
    0x08000278   0x08000278   0x00000004   Code   RO         5783    .ARM.Collect$$rtexit$$00000003  c_w.l(rtexit2.o)
    0x0800027c   0x0800027c   0x00000006   Code   RO         5784    .ARM.Collect$$rtexit$$00000004  c_w.l(rtexit2.o)
    0x08000282   0x08000282   0x00000002   PAD
    0x08000284   0x08000284   0x00000040   Code   RO            4    .text               startup_stm32f407xx.o
    0x080002c4   0x080002c4   0x000000ee   Code   RO         5509    .text               c_w.l(lludivv7m.o)
    0x080003b2   0x080003b2   0x00000002   PAD
    0x080003b4   0x080003b4   0x0000003c   Code   RO         5511    .text               c_w.l(__0sscanf.o)
    0x080003f0   0x080003f0   0x00000048   Code   RO         5513    .text               c_w.l(strcpy.o)
    0x08000438   0x08000438   0x0000008a   Code   RO         5515    .text               c_w.l(rt_memcpy_v6.o)
    0x080004c2   0x080004c2   0x00000064   Code   RO         5517    .text               c_w.l(rt_memcpy_w.o)
    0x08000526   0x08000526   0x00000044   Code   RO         5519    .text               c_w.l(rt_memclr.o)
    0x0800056a   0x0800056a   0x0000004e   Code   RO         5521    .text               c_w.l(rt_memclr_w.o)
    0x080005b8   0x080005b8   0x00000006   Code   RO         5523    .text               c_w.l(heapauxi.o)
    0x080005be   0x080005be   0x00000002   PAD
    0x080005c0   0x080005c0   0x000004f8   Code   RO         5568    .text               c_w.l(scanf_fp.o)
    0x08000ab8   0x08000ab8   0x0000002c   Code   RO         5572    .text               c_w.l(scanf_char.o)
    0x08000ae4   0x08000ae4   0x00000040   Code   RO         5574    .text               c_w.l(_sgetc.o)
    0x08000b24   0x08000b24   0x00000008   Code   RO         5603    .text               c_w.l(rt_locale_intlibspace.o)
    0x08000b2c   0x08000b2c   0x00000008   Code   RO         5608    .text               c_w.l(rt_errno_addr_intlibspace.o)
    0x08000b34   0x08000b34   0x00000012   Code   RO         5610    .text               c_w.l(isspace.o)
    0x08000b46   0x08000b46   0x00000002   PAD
    0x08000b48   0x08000b48   0x00000374   Code   RO         5612    .text               c_w.l(_scanf.o)
    0x08000ebc   0x08000ebc   0x000000e4   Code   RO         5614    .text               c_w.l(bigflt0.o)
    0x08000fa0   0x08000fa0   0x00000008   Code   RO         5662    .text               c_w.l(libspace.o)
    0x08000fa8   0x08000fa8   0x0000004a   Code   RO         5665    .text               c_w.l(sys_stackheap_outer.o)
    0x08000ff2   0x08000ff2   0x00000002   PAD
    0x08000ff4   0x08000ff4   0x00000010   Code   RO         5667    .text               c_w.l(rt_ctype_table.o)
    0x08001004   0x08001004   0x00000016   Code   RO         5669    .text               c_w.l(_rserrno.o)
    0x0800101a   0x0800101a   0x00000002   PAD
    0x0800101c   0x0800101c   0x00000320   Code   RO         5671    .text               c_w.l(scanf_hexfp.o)
    0x0800133c   0x0800133c   0x00000134   Code   RO         5673    .text               c_w.l(scanf_infnan.o)
    0x08001470   0x08001470   0x00000012   Code   RO         5675    .text               c_w.l(exit.o)
    0x08001482   0x08001482   0x00000002   PAD
    0x08001484   0x08001484   0x00000080   Code   RO         5681    .text               c_w.l(strcmpv7m.o)
    0x08001504   0x08001504   0x00000026   Code   RO         5746    .text               c_w.l(llshl.o)
    0x0800152a   0x0800152a   0x0000001c   Code   RO         5748    .text               c_w.l(_chval.o)
    0x08001546   0x08001546   0x00000002   PAD
    0x08001548   0x08001548   0x0000000c   Code   RO         5779    .text               c_w.l(sys_exit.o)
    0x08001554   0x08001554   0x00000002   Code   RO         5817    .text               c_w.l(use_no_semi.o)
    0x08001556   0x08001556   0x00000000   Code   RO         5819    .text               c_w.l(indicate_semi.o)
    0x08001556   0x08001556   0x00000338   Code   RO         5627    CL$$btod_div_common  c_w.l(btod.o)
    0x0800188e   0x0800188e   0x00000002   PAD
    0x08001890   0x08001890   0x00000084   Code   RO         5625    CL$$btod_e2d        c_w.l(btod.o)
    0x08001914   0x08001914   0x000000dc   Code   RO         5624    CL$$btod_e2e        c_w.l(btod.o)
    0x080019f0   0x080019f0   0x0000002a   Code   RO         5621    CL$$btod_ediv       c_w.l(btod.o)
    0x08001a1a   0x08001a1a   0x0000002a   Code   RO         5623    CL$$btod_edivd      c_w.l(btod.o)
    0x08001a44   0x08001a44   0x0000002a   Code   RO         5620    CL$$btod_emul       c_w.l(btod.o)
    0x08001a6e   0x08001a6e   0x0000002a   Code   RO         5622    CL$$btod_emuld      c_w.l(btod.o)
    0x08001a98   0x08001a98   0x00000244   Code   RO         5626    CL$$btod_mult_common  c_w.l(btod.o)
    0x08001cdc   0x08001cdc   0x00000044   Code   RO          745    i.ABS               aml_motorcontrol.o
    0x08001d20   0x08001d20   0x00000038   Code   RO          513    i.AML_DebugDevice_BuzzerBeep  aml_debugdevice.o
    0x08001d58   0x08001d58   0x00000002   Code   RO          514    i.AML_DebugDevice_Handle  aml_debugdevice.o
    0x08001d5a   0x08001d5a   0x00000002   PAD
    0x08001d5c   0x08001d5c   0x00000064   Code   RO          515    i.AML_DebugDevice_SetAllLED  aml_debugdevice.o
    0x08001dc0   0x08001dc0   0x00000018   Code   RO          519    i.AML_DebugDevice_TurnOffLED  aml_debugdevice.o
    0x08001dd8   0x08001dd8   0x00000018   Code   RO          521    i.AML_DebugDevice_TurnOnLED  aml_debugdevice.o
    0x08001df0   0x08001df0   0x00000010   Code   RO          592    i.AML_Encoder_GetLeftValue  aml_encoder.o
    0x08001e00   0x08001e00   0x00000010   Code   RO          593    i.AML_Encoder_GetRightValue  aml_encoder.o
    0x08001e10   0x08001e10   0x00000010   Code   RO          594    i.AML_Encoder_ResetLeftValue  aml_encoder.o
    0x08001e20   0x08001e20   0x00000010   Code   RO          595    i.AML_Encoder_ResetRightValue  aml_encoder.o
    0x08001e30   0x08001e30   0x00000020   Code   RO          596    i.AML_Encoder_Setup  aml_encoder.o
    0x08001e50   0x08001e50   0x000000b0   Code   RO          681    i.AML_LaserSensor_Init  aml_lasersensor.o
    0x08001f00   0x08001f00   0x000000ec   Code   RO          682    i.AML_LaserSensor_ReadAll  aml_lasersensor.o
    0x08001fec   0x08001fec   0x00000014   Code   RO          683    i.AML_LaserSensor_ReadSingleWithFillter  aml_lasersensor.o
    0x08002000   0x08002000   0x0000002c   Code   RO          684    i.AML_LaserSensor_ReadSingleWithoutFillter  aml_lasersensor.o
    0x0800202c   0x0800202c   0x000001ac   Code   RO          685    i.AML_LaserSensor_Setup  aml_lasersensor.o
    0x080021d8   0x080021d8   0x00000024   Code   RO         1026    i.AML_MPUSensor_GetAngle  aml_mpusensor.o
    0x080021fc   0x080021fc   0x0000007c   Code   RO         1027    i.AML_MPUSensor_ResetAngle  aml_mpusensor.o
    0x08002278   0x08002278   0x0000001c   Code   RO         1028    i.AML_MPUSensor_Setup  aml_mpusensor.o
    0x08002294   0x08002294   0x00000084   Code   RO          746    i.AML_MotoControl_GoStraight5  aml_motorcontrol.o
    0x08002318   0x08002318   0x00000098   Code   RO          753    i.AML_MotorControl_LeftPWM  aml_motorcontrol.o
    0x080023b0   0x080023b0   0x00000064   Code   RO          755    i.AML_MotorControl_LeftWallFollow  aml_motorcontrol.o
    0x08002414   0x08002414   0x00000090   Code   RO          756    i.AML_MotorControl_MPUFollow  aml_motorcontrol.o
    0x080024a4   0x080024a4   0x00000068   Code   RO          759    i.AML_MotorControl_PIDSetMode  aml_motorcontrol.o
    0x0800250c   0x0800250c   0x000000a4   Code   RO          760    i.AML_MotorControl_PIDSetOutputLimits  aml_motorcontrol.o
    0x080025b0   0x080025b0   0x0000002c   Code   RO          761    i.AML_MotorControl_PIDSetSampleTime  aml_motorcontrol.o
    0x080025dc   0x080025dc   0x000001b8   Code   RO          763    i.AML_MotorControl_PIDSetup  aml_motorcontrol.o
    0x08002794   0x08002794   0x00000098   Code   RO          765    i.AML_MotorControl_RightPWM  aml_motorcontrol.o
    0x0800282c   0x0800282c   0x00000064   Code   RO          767    i.AML_MotorControl_RightWallFollow  aml_motorcontrol.o
    0x08002890   0x08002890   0x00000054   Code   RO          768    i.AML_MotorControl_SetCenterPosition  aml_motorcontrol.o
    0x080028e4   0x080028e4   0x0000000c   Code   RO          772    i.AML_MotorControl_SetMouseSpeed  aml_motorcontrol.o
    0x080028f0   0x080028f0   0x0000003c   Code   RO          775    i.AML_MotorControl_Setup  aml_motorcontrol.o
    0x0800292c   0x0800292c   0x00000050   Code   RO          776    i.AML_MotorControl_ShortBreak  aml_motorcontrol.o
    0x0800297c   0x0800297c   0x00000012   Code   RO          777    i.AML_MotorControl_Stop  aml_motorcontrol.o
    0x0800298e   0x0800298e   0x00000002   PAD
    0x08002990   0x08002990   0x00000148   Code   RO          779    i.AML_MotorControl_TurnLeft180  aml_motorcontrol.o
    0x08002ad8   0x08002ad8   0x00000198   Code   RO          780    i.AML_MotorControl_TurnLeft90  aml_motorcontrol.o
    0x08002c70   0x08002c70   0x0000000c   Code   RO          781    i.AML_MotorControl_TurnOffWallFollow  aml_motorcontrol.o
    0x08002c7c   0x08002c7c   0x0000000c   Code   RO          782    i.AML_MotorControl_TurnOnWallFollow  aml_motorcontrol.o
    0x08002c88   0x08002c88   0x0000018c   Code   RO          784    i.AML_MotorControl_TurnRight90  aml_motorcontrol.o
    0x08002e14   0x08002e14   0x00000068   Code   RO         1086    i.AML_Remote_Handle  aml_remote.o
    0x08002e7c   0x08002e7c   0x00000014   Code   RO         1087    i.AML_Remote_Setup  aml_remote.o
    0x08002e90   0x08002e90   0x00000002   Code   RO          316    i.BusFault_Handler  stm32f4xx_it.o
    0x08002e92   0x08002e92   0x00000002   PAD
    0x08002e94   0x08002e94   0x0000000c   Code   RO          317    i.DMA1_Stream1_IRQHandler  stm32f4xx_it.o
    0x08002ea0   0x08002ea0   0x00000028   Code   RO         3469    i.DMA_CalcBaseAndBitshift  stm32f4xx_hal_dma.o
    0x08002ec8   0x08002ec8   0x00000054   Code   RO         3470    i.DMA_CheckFifoParam  stm32f4xx_hal_dma.o
    0x08002f1c   0x08002f1c   0x00000028   Code   RO         3471    i.DMA_SetConfig     stm32f4xx_hal_dma.o
    0x08002f44   0x08002f44   0x00000002   Code   RO          318    i.DebugMon_Handler  stm32f4xx_it.o
    0x08002f46   0x08002f46   0x00000006   Code   RO          319    i.EXTI1_IRQHandler  stm32f4xx_it.o
    0x08002f4c   0x08002f4c   0x00000006   Code   RO          320    i.EXTI2_IRQHandler  stm32f4xx_it.o
    0x08002f52   0x08002f52   0x00000006   Code   RO          321    i.EXTI3_IRQHandler  stm32f4xx_it.o
    0x08002f58   0x08002f58   0x00000006   Code   RO          322    i.EXTI4_IRQHandler  stm32f4xx_it.o
    0x08002f5e   0x08002f5e   0x00000006   Code   RO          323    i.EXTI9_5_IRQHandler  stm32f4xx_it.o
    0x08002f64   0x08002f64   0x00000004   Code   RO           14    i.Error_Handler     main.o
    0x08002f68   0x08002f68   0x00000092   Code   RO         3472    i.HAL_DMA_Abort     stm32f4xx_hal_dma.o
    0x08002ffa   0x08002ffa   0x00000002   PAD
    0x08002ffc   0x08002ffc   0x000001a0   Code   RO         3477    i.HAL_DMA_IRQHandler  stm32f4xx_hal_dma.o
    0x0800319c   0x0800319c   0x000000d4   Code   RO         3478    i.HAL_DMA_Init      stm32f4xx_hal_dma.o
    0x08003270   0x08003270   0x0000006e   Code   RO         3482    i.HAL_DMA_Start_IT  stm32f4xx_hal_dma.o
    0x080032de   0x080032de   0x00000002   PAD
    0x080032e0   0x080032e0   0x00000024   Code   RO         3891    i.HAL_Delay         stm32f4xx_hal.o
    0x08003304   0x08003304   0x0000004c   Code   RO          643    i.HAL_GPIO_EXTI_Callback  aml_keyboard.o
    0x08003350   0x08003350   0x00000018   Code   RO         3364    i.HAL_GPIO_EXTI_IRQHandler  stm32f4xx_hal_gpio.o
    0x08003368   0x08003368   0x000001f0   Code   RO         3365    i.HAL_GPIO_Init     stm32f4xx_hal_gpio.o
    0x08003558   0x08003558   0x0000000a   Code   RO         3369    i.HAL_GPIO_WritePin  stm32f4xx_hal_gpio.o
    0x08003562   0x08003562   0x00000002   PAD
    0x08003564   0x08003564   0x0000000c   Code   RO         3897    i.HAL_GetTick       stm32f4xx_hal.o
    0x08003570   0x08003570   0x00000188   Code   RO         2571    i.HAL_I2C_Init      stm32f4xx_hal_i2c.o
    0x080036f8   0x080036f8   0x000001e0   Code   RO         2577    i.HAL_I2C_Master_Receive  stm32f4xx_hal_i2c.o
    0x080038d8   0x080038d8   0x0000012c   Code   RO         2584    i.HAL_I2C_Master_Transmit  stm32f4xx_hal_i2c.o
    0x08003a04   0x08003a04   0x0000006c   Code   RO          435    i.HAL_I2C_MspInit   stm32f4xx_hal_msp.o
    0x08003a70   0x08003a70   0x00000010   Code   RO         3903    i.HAL_IncTick       stm32f4xx_hal.o
    0x08003a80   0x08003a80   0x00000034   Code   RO         3904    i.HAL_Init          stm32f4xx_hal.o
    0x08003ab4   0x08003ab4   0x00000040   Code   RO         3905    i.HAL_InitTick      stm32f4xx_hal.o
    0x08003af4   0x08003af4   0x00000030   Code   RO          436    i.HAL_MspInit       stm32f4xx_hal_msp.o
    0x08003b24   0x08003b24   0x0000001a   Code   RO         3754    i.HAL_NVIC_EnableIRQ  stm32f4xx_hal_cortex.o
    0x08003b3e   0x08003b3e   0x00000002   PAD
    0x08003b40   0x08003b40   0x00000040   Code   RO         3760    i.HAL_NVIC_SetPriority  stm32f4xx_hal_cortex.o
    0x08003b80   0x08003b80   0x00000024   Code   RO         3761    i.HAL_NVIC_SetPriorityGrouping  stm32f4xx_hal_cortex.o
    0x08003ba4   0x08003ba4   0x00000134   Code   RO         3011    i.HAL_RCC_ClockConfig  stm32f4xx_hal_rcc.o
    0x08003cd8   0x08003cd8   0x00000020   Code   RO         3018    i.HAL_RCC_GetPCLK1Freq  stm32f4xx_hal_rcc.o
    0x08003cf8   0x08003cf8   0x00000020   Code   RO         3019    i.HAL_RCC_GetPCLK2Freq  stm32f4xx_hal_rcc.o
    0x08003d18   0x08003d18   0x00000064   Code   RO         3020    i.HAL_RCC_GetSysClockFreq  stm32f4xx_hal_rcc.o
    0x08003d7c   0x08003d7c   0x0000036c   Code   RO         3023    i.HAL_RCC_OscConfig  stm32f4xx_hal_rcc.o
    0x080040e8   0x080040e8   0x00000028   Code   RO         3765    i.HAL_SYSTICK_Config  stm32f4xx_hal_cortex.o
    0x08004110   0x08004110   0x00000002   Code   RO         4848    i.HAL_TIMEx_BreakCallback  stm32f4xx_hal_tim_ex.o
    0x08004112   0x08004112   0x00000002   Code   RO         4849    i.HAL_TIMEx_CommutCallback  stm32f4xx_hal_tim_ex.o
    0x08004114   0x08004114   0x00000090   Code   RO         4867    i.HAL_TIMEx_MasterConfigSynchronization  stm32f4xx_hal_tim_ex.o
    0x080041a4   0x080041a4   0x0000005a   Code   RO         4144    i.HAL_TIM_Base_Init  stm32f4xx_hal_tim.o
    0x080041fe   0x080041fe   0x00000002   PAD
    0x08004200   0x08004200   0x00000054   Code   RO          438    i.HAL_TIM_Base_MspInit  stm32f4xx_hal_msp.o
    0x08004254   0x08004254   0x00000078   Code   RO         4147    i.HAL_TIM_Base_Start  stm32f4xx_hal_tim.o
    0x080042cc   0x080042cc   0x00000080   Code   RO         4149    i.HAL_TIM_Base_Start_IT  stm32f4xx_hal_tim.o
    0x0800434c   0x0800434c   0x00000030   Code   RO         4152    i.HAL_TIM_Base_Stop_IT  stm32f4xx_hal_tim.o
    0x0800437c   0x0800437c   0x000000dc   Code   RO         4153    i.HAL_TIM_ConfigClockSource  stm32f4xx_hal_tim.o
    0x08004458   0x08004458   0x000000a4   Code   RO         4165    i.HAL_TIM_Encoder_Init  stm32f4xx_hal_tim.o
    0x080044fc   0x080044fc   0x000000ec   Code   RO          440    i.HAL_TIM_Encoder_MspInit  stm32f4xx_hal_msp.o
    0x080045e8   0x080045e8   0x0000008e   Code   RO         4168    i.HAL_TIM_Encoder_Start  stm32f4xx_hal_tim.o
    0x08004676   0x08004676   0x00000002   Code   RO         4178    i.HAL_TIM_IC_CaptureCallback  stm32f4xx_hal_tim.o
    0x08004678   0x08004678   0x00000166   Code   RO         4192    i.HAL_TIM_IRQHandler  stm32f4xx_hal_tim.o
    0x080047de   0x080047de   0x00000002   PAD
    0x080047e0   0x080047e0   0x00000050   Code   RO          441    i.HAL_TIM_MspPostInit  stm32f4xx_hal_msp.o
    0x08004830   0x08004830   0x00000002   Code   RO         4195    i.HAL_TIM_OC_DelayElapsedCallback  stm32f4xx_hal_tim.o
    0x08004832   0x08004832   0x000000cc   Code   RO         4216    i.HAL_TIM_PWM_ConfigChannel  stm32f4xx_hal_tim.o
    0x080048fe   0x080048fe   0x0000005a   Code   RO         4219    i.HAL_TIM_PWM_Init  stm32f4xx_hal_tim.o
    0x08004958   0x08004958   0x00000002   Code   RO         4221    i.HAL_TIM_PWM_MspInit  stm32f4xx_hal_tim.o
    0x0800495a   0x0800495a   0x00000002   Code   RO         4222    i.HAL_TIM_PWM_PulseFinishedCallback  stm32f4xx_hal_tim.o
    0x0800495c   0x0800495c   0x000000c8   Code   RO         4224    i.HAL_TIM_PWM_Start  stm32f4xx_hal_tim.o
    0x08004a24   0x08004a24   0x00000034   Code   RO          786    i.HAL_TIM_PeriodElapsedCallback  aml_motorcontrol.o
    0x08004a58   0x08004a58   0x00000002   Code   RO         4235    i.HAL_TIM_TriggerCallback  stm32f4xx_hal_tim.o
    0x08004a5a   0x08004a5a   0x00000002   Code   RO         5126    i.HAL_UARTEx_RxEventCallback  stm32f4xx_hal_uart.o
    0x08004a5c   0x08004a5c   0x00000070   Code   RO         5138    i.HAL_UART_DMAStop  stm32f4xx_hal_uart.o
    0x08004acc   0x08004acc   0x00000002   Code   RO         5140    i.HAL_UART_ErrorCallback  stm32f4xx_hal_uart.o
    0x08004ace   0x08004ace   0x00000062   Code   RO         5144    i.HAL_UART_Init     stm32f4xx_hal_uart.o
    0x08004b30   0x08004b30   0x000000e8   Code   RO          443    i.HAL_UART_MspInit  stm32f4xx_hal_msp.o
    0x08004c18   0x08004c18   0x000000c0   Code   RO         5147    i.HAL_UART_Receive  stm32f4xx_hal_uart.o
    0x08004cd8   0x08004cd8   0x0000002a   Code   RO         5148    i.HAL_UART_Receive_DMA  stm32f4xx_hal_uart.o
    0x08004d02   0x08004d02   0x0000002a   Code   RO         5149    i.HAL_UART_Receive_IT  stm32f4xx_hal_uart.o
    0x08004d2c   0x08004d2c   0x00000130   Code   RO         1029    i.HAL_UART_RxCpltCallback  aml_mpusensor.o
    0x08004e5c   0x08004e5c   0x00000002   Code   RO         5151    i.HAL_UART_RxHalfCpltCallback  stm32f4xx_hal_uart.o
    0x08004e5e   0x08004e5e   0x00000002   PAD
    0x08004e60   0x08004e60   0x000000b2   Code   RO         5152    i.HAL_UART_Transmit  stm32f4xx_hal_uart.o
    0x08004f12   0x08004f12   0x00000002   PAD
    0x08004f14   0x08004f14   0x00000010   Code   RO          324    i.HardFault_Handler  stm32f4xx_it.o
    0x08004f24   0x08004f24   0x0000002e   Code   RO         2613    i.I2C_IsAcknowledgeFailed  stm32f4xx_hal_i2c.o
    0x08004f52   0x08004f52   0x00000002   PAD
    0x08004f54   0x08004f54   0x000000ec   Code   RO         2616    i.I2C_MasterRequestRead  stm32f4xx_hal_i2c.o
    0x08005040   0x08005040   0x0000009c   Code   RO         2617    i.I2C_MasterRequestWrite  stm32f4xx_hal_i2c.o
    0x080050dc   0x080050dc   0x0000004c   Code   RO         2628    i.I2C_WaitOnBTFFlagUntilTimeout  stm32f4xx_hal_i2c.o
    0x08005128   0x08005128   0x00000068   Code   RO         2629    i.I2C_WaitOnFlagUntilTimeout  stm32f4xx_hal_i2c.o
    0x08005190   0x08005190   0x00000096   Code   RO         2630    i.I2C_WaitOnMasterAddressFlagUntilTimeout  stm32f4xx_hal_i2c.o
    0x08005226   0x08005226   0x00000066   Code   RO         2631    i.I2C_WaitOnRXNEFlagUntilTimeout  stm32f4xx_hal_i2c.o
    0x0800528c   0x0800528c   0x0000004c   Code   RO         2632    i.I2C_WaitOnTXEFlagUntilTimeout  stm32f4xx_hal_i2c.o
    0x080052d8   0x080052d8   0x00000174   Code   RO           15    i.MX_GPIO_Init      main.o
    0x0800544c   0x0800544c   0x00000070   Code   RO           16    i.MX_TIM1_Init      main.o
    0x080054bc   0x080054bc   0x000000a8   Code   RO           17    i.MX_TIM2_Init      main.o
    0x08005564   0x08005564   0x00000070   Code   RO           18    i.MX_TIM4_Init      main.o
    0x080055d4   0x080055d4   0x0000004c   Code   RO           19    i.MX_TIM9_Init      main.o
    0x08005620   0x08005620   0x00000002   Code   RO          325    i.MemManage_Handler  stm32f4xx_it.o
    0x08005622   0x08005622   0x00000002   Code   RO          326    i.NMI_Handler       stm32f4xx_it.o
    0x08005624   0x08005624   0x0000008c   Code   RO         1188    i.PID               pid.o
    0x080056b0   0x080056b0   0x00000164   Code   RO         1190    i.PID_Compute       pid.o
    0x08005814   0x08005814   0x00000050   Code   RO         1196    i.PID_Init          pid.o
    0x08005864   0x08005864   0x00000044   Code   RO         1197    i.PID_SetControllerDirection  pid.o
    0x080058a8   0x080058a8   0x0000001c   Code   RO         1198    i.PID_SetMode       pid.o
    0x080058c4   0x080058c4   0x000000b0   Code   RO         1199    i.PID_SetOutputLimits  pid.o
    0x08005974   0x08005974   0x000000ec   Code   RO         1202    i.PID_SetTunings2   pid.o
    0x08005a60   0x08005a60   0x00000002   Code   RO          327    i.PendSV_Handler    stm32f4xx_it.o
    0x08005a62   0x08005a62   0x00000002   PAD
    0x08005a64   0x08005a64   0x000001b8   Code   RO           21    i.Run               main.o
    0x08005c1c   0x08005c1c   0x00000002   Code   RO          328    i.SVC_Handler       stm32f4xx_it.o
    0x08005c1e   0x08005c1e   0x00000002   PAD
    0x08005c20   0x08005c20   0x0000000c   Code   RO         2433    i.SetAfterTurnTicks  flood.o
    0x08005c2c   0x08005c2c   0x0000000c   Code   RO         2434    i.SetBeforeTurnTicks  flood.o
    0x08005c38   0x08005c38   0x00000080   Code   RO           22    i.SetTicks          main.o
    0x08005cb8   0x08005cb8   0x0000001c   Code   RO         1126    i.SimpleKalmanFilter_Init  kalmanfilter.o
    0x08005cd4   0x08005cd4   0x0000004a   Code   RO         1132    i.SimpleKalmanFilter_updateEstimate  kalmanfilter.o
    0x08005d1e   0x08005d1e   0x00000004   Code   RO          329    i.SysTick_Handler   stm32f4xx_it.o
    0x08005d22   0x08005d22   0x00000002   PAD
    0x08005d24   0x08005d24   0x00000094   Code   RO           23    i.SystemClock_Config  main.o
    0x08005db8   0x08005db8   0x00000010   Code   RO         5473    i.SystemInit        system_stm32f4xx.o
    0x08005dc8   0x08005dc8   0x00000012   Code   RO           24    i.SystemTest        main.o
    0x08005dda   0x08005dda   0x00000002   PAD
    0x08005ddc   0x08005ddc   0x0000001c   Code   RO          330    i.TIM1_BRK_TIM9_IRQHandler  stm32f4xx_it.o
    0x08005df8   0x08005df8   0x000000c8   Code   RO         4237    i.TIM_Base_SetConfig  stm32f4xx_hal_tim.o
    0x08005ec0   0x08005ec0   0x0000001a   Code   RO         4238    i.TIM_CCxChannelCmd  stm32f4xx_hal_tim.o
    0x08005eda   0x08005eda   0x00000014   Code   RO         4248    i.TIM_ETR_SetConfig  stm32f4xx_hal_tim.o
    0x08005eee   0x08005eee   0x00000010   Code   RO         4249    i.TIM_ITRx_SetConfig  stm32f4xx_hal_tim.o
    0x08005efe   0x08005efe   0x00000002   PAD
    0x08005f00   0x08005f00   0x00000060   Code   RO         4250    i.TIM_OC1_SetConfig  stm32f4xx_hal_tim.o
    0x08005f60   0x08005f60   0x0000006c   Code   RO         4251    i.TIM_OC2_SetConfig  stm32f4xx_hal_tim.o
    0x08005fcc   0x08005fcc   0x00000068   Code   RO         4252    i.TIM_OC3_SetConfig  stm32f4xx_hal_tim.o
    0x08006034   0x08006034   0x00000050   Code   RO         4253    i.TIM_OC4_SetConfig  stm32f4xx_hal_tim.o
    0x08006084   0x08006084   0x00000022   Code   RO         4255    i.TIM_TI1_ConfigInputStage  stm32f4xx_hal_tim.o
    0x080060a6   0x080060a6   0x00000024   Code   RO         4257    i.TIM_TI2_ConfigInputStage  stm32f4xx_hal_tim.o
    0x080060ca   0x080060ca   0x00000040   Code   RO           25    i.TestLaser         main.o
    0x0800610a   0x0800610a   0x00000002   PAD
    0x0800610c   0x0800610c   0x00000078   Code   RO           26    i.TestMPU           main.o
    0x08006184   0x08006184   0x000000dc   Code   RO           27    i.TestMotor         main.o
    0x08006260   0x08006260   0x0000004a   Code   RO         5158    i.UART_DMAError     stm32f4xx_hal_uart.o
    0x080062aa   0x080062aa   0x00000082   Code   RO         5159    i.UART_DMAReceiveCplt  stm32f4xx_hal_uart.o
    0x0800632c   0x0800632c   0x0000001a   Code   RO         5161    i.UART_DMARxHalfCplt  stm32f4xx_hal_uart.o
    0x08006346   0x08006346   0x0000004e   Code   RO         5167    i.UART_EndRxTransfer  stm32f4xx_hal_uart.o
    0x08006394   0x08006394   0x0000001c   Code   RO         5168    i.UART_EndTxTransfer  stm32f4xx_hal_uart.o
    0x080063b0   0x080063b0   0x0000010c   Code   RO         5170    i.UART_SetConfig    stm32f4xx_hal_uart.o
    0x080064bc   0x080064bc   0x00000094   Code   RO         5171    i.UART_Start_Receive_DMA  stm32f4xx_hal_uart.o
    0x08006550   0x08006550   0x0000003a   Code   RO         5172    i.UART_Start_Receive_IT  stm32f4xx_hal_uart.o
    0x0800658a   0x0800658a   0x00000078   Code   RO         5173    i.UART_WaitOnFlagUntilTimeout  stm32f4xx_hal_uart.o
    0x08006602   0x08006602   0x00000002   Code   RO          331    i.UsageFault_Handler  stm32f4xx_it.o
    0x08006604   0x08006604   0x0000007c   Code   RO         1302    i.VL53L0X_CheckAndLoadInterruptSettings  vl53l0x_api.o
    0x08006680   0x08006680   0x0000004c   Code   RO         1303    i.VL53L0X_ClearInterruptMask  vl53l0x_api.o
    0x080066cc   0x080066cc   0x0000013c   Code   RO         1304    i.VL53L0X_DataInit  vl53l0x_api.o
    0x08006808   0x08006808   0x00000080   Code   RO         1310    i.VL53L0X_GetDeviceParameters  vl53l0x_api.o
    0x08006888   0x08006888   0x0000001a   Code   RO         1312    i.VL53L0X_GetFractionEnable  vl53l0x_api.o
    0x080068a2   0x080068a2   0x00000036   Code   RO         1316    i.VL53L0X_GetInterMeasurementPeriodMilliSeconds  vl53l0x_api.o
    0x080068d8   0x080068d8   0x00000022   Code   RO         1317    i.VL53L0X_GetInterruptMaskStatus  vl53l0x_api.o
    0x080068fa   0x080068fa   0x00000034   Code   RO         1318    i.VL53L0X_GetInterruptThresholds  vl53l0x_api.o
    0x0800692e   0x0800692e   0x00000018   Code   RO         1320    i.VL53L0X_GetLimitCheckEnable  vl53l0x_api.o
    0x08006946   0x08006946   0x00000002   PAD
    0x08006948   0x08006948   0x0000007a   Code   RO         1323    i.VL53L0X_GetLimitCheckValue  vl53l0x_api.o
    0x080069c2   0x080069c2   0x0000003a   Code   RO         1326    i.VL53L0X_GetMeasurementDataReady  vl53l0x_api.o
    0x080069fc   0x080069fc   0x00000004   Code   RO         1328    i.VL53L0X_GetMeasurementTimingBudgetMicroSeconds  vl53l0x_api.o
    0x08006a00   0x08006a00   0x00000004   Code   RO         1332    i.VL53L0X_GetOffsetCalibrationDataMicroMeter  vl53l0x_api.o
    0x08006a04   0x08006a04   0x0000012c   Code   RO         1340    i.VL53L0X_GetRangingMeasurementData  vl53l0x_api.o
    0x08006b30   0x08006b30   0x00000072   Code   RO         1344    i.VL53L0X_GetSequenceStepEnables  vl53l0x_api.o
    0x08006ba2   0x08006ba2   0x00000036   Code   RO         1345    i.VL53L0X_GetSequenceStepTimeout  vl53l0x_api.o
    0x08006bd8   0x08006bd8   0x00000004   Code   RO         1353    i.VL53L0X_GetVcselPulsePeriod  vl53l0x_api.o
    0x08006bdc   0x08006bdc   0x0000002c   Code   RO         1355    i.VL53L0X_GetWrapAroundCheckEnable  vl53l0x_api.o
    0x08006c08   0x08006c08   0x0000000a   Code   RO         1356    i.VL53L0X_GetXTalkCompensationEnable  vl53l0x_api.o
    0x08006c12   0x08006c12   0x0000002c   Code   RO         1357    i.VL53L0X_GetXTalkCompensationRateMegaCps  vl53l0x_api.o
    0x08006c3e   0x08006c3e   0x00000006   Code   RO         1359    i.VL53L0X_PerformRefCalibration  vl53l0x_api.o
    0x08006c44   0x08006c44   0x00000004   Code   RO         1360    i.VL53L0X_PerformRefSpadManagement  vl53l0x_api.o
    0x08006c48   0x08006c48   0x00000022   Code   RO         1362    i.VL53L0X_PerformSingleMeasurement  vl53l0x_api.o
    0x08006c6a   0x08006c6a   0x00000034   Code   RO         1363    i.VL53L0X_PerformSingleRangingMeasurement  vl53l0x_api.o
    0x08006c9e   0x08006c9e   0x0000000e   Code   RO         2343    i.VL53L0X_PollingDelay  vl53l0x_platform.o
    0x08006cac   0x08006cac   0x00000028   Code   RO         2344    i.VL53L0X_RdByte    vl53l0x_platform.o
    0x08006cd4   0x08006cd4   0x00000048   Code   RO         2345    i.VL53L0X_RdDWord   vl53l0x_platform.o
    0x08006d1c   0x08006d1c   0x0000003c   Code   RO         2346    i.VL53L0X_RdWord    vl53l0x_platform.o
    0x08006d58   0x08006d58   0x00000030   Code   RO         2347    i.VL53L0X_ReadMulti  vl53l0x_platform.o
    0x08006d88   0x08006d88   0x00000008   Code   RO         1367    i.VL53L0X_SetDeviceAddress  vl53l0x_api.o
    0x08006d90   0x08006d90   0x00000024   Code   RO         1368    i.VL53L0X_SetDeviceMode  vl53l0x_api.o
    0x08006db4   0x08006db4   0x00000138   Code   RO         1371    i.VL53L0X_SetGpioConfig  vl53l0x_api.o
    0x08006eec   0x08006eec   0x00000082   Code   RO         1376    i.VL53L0X_SetLimitCheckEnable  vl53l0x_api.o
    0x08006f6e   0x08006f6e   0x00000050   Code   RO         1377    i.VL53L0X_SetLimitCheckValue  vl53l0x_api.o
    0x08006fbe   0x08006fbe   0x00000004   Code   RO         1379    i.VL53L0X_SetMeasurementTimingBudgetMicroSeconds  vl53l0x_api.o
    0x08006fc2   0x08006fc2   0x000000ae   Code   RO         1386    i.VL53L0X_SetSequenceStepEnable  vl53l0x_api.o
    0x08007070   0x08007070   0x00000004   Code   RO         1391    i.VL53L0X_SetVcselPulsePeriod  vl53l0x_api.o
    0x08007074   0x08007074   0x00000086   Code   RO         1395    i.VL53L0X_StartMeasurement  vl53l0x_api.o
    0x080070fa   0x080070fa   0x00000002   PAD
    0x080070fc   0x080070fc   0x00000174   Code   RO         1396    i.VL53L0X_StaticInit  vl53l0x_api.o
    0x08007270   0x08007270   0x0000002a   Code   RO         2348    i.VL53L0X_UpdateByte  vl53l0x_platform.o
    0x0800729a   0x0800729a   0x00000006   Code   RO         1398    i.VL53L0X_WaitDeviceBooted  vl53l0x_api.o
    0x080072a0   0x080072a0   0x00000024   Code   RO         2349    i.VL53L0X_WrByte    vl53l0x_platform.o
    0x080072c4   0x080072c4   0x00000028   Code   RO         2351    i.VL53L0X_WrWord    vl53l0x_platform.o
    0x080072ec   0x080072ec   0x00000038   Code   RO         2352    i.VL53L0X_WriteMulti  vl53l0x_platform.o
    0x08007324   0x08007324   0x000000d8   Code   RO         2076    i.VL53L0X_calc_dmax  vl53l0x_api_core.o
    0x080073fc   0x080073fc   0x00000010   Code   RO         2077    i.VL53L0X_calc_macro_period_ps  vl53l0x_api_core.o
    0x0800740c   0x0800740c   0x000001ec   Code   RO         2078    i.VL53L0X_calc_sigma_estimate  vl53l0x_api_core.o
    0x080075f8   0x080075f8   0x00000022   Code   RO         2079    i.VL53L0X_calc_timeout_mclks  vl53l0x_api_core.o
    0x0800761a   0x0800761a   0x00000022   Code   RO         2080    i.VL53L0X_calc_timeout_us  vl53l0x_api_core.o
    0x0800763c   0x0800763c   0x0000000c   Code   RO         2081    i.VL53L0X_decode_timeout  vl53l0x_api_core.o
    0x08007648   0x08007648   0x00000008   Code   RO         2082    i.VL53L0X_decode_vcsel_period  vl53l0x_api_core.o
    0x08007650   0x08007650   0x00000046   Code   RO         2083    i.VL53L0X_device_read_strobe  vl53l0x_api_core.o
    0x08007696   0x08007696   0x0000001e   Code   RO         2084    i.VL53L0X_encode_timeout  vl53l0x_api_core.o
    0x080076b4   0x080076b4   0x0000000a   Code   RO         2085    i.VL53L0X_encode_vcsel_period  vl53l0x_api_core.o
    0x080076be   0x080076be   0x00000528   Code   RO         2086    i.VL53L0X_get_info_from_device  vl53l0x_api_core.o
    0x08007be6   0x08007be6   0x000000c4   Code   RO         2087    i.VL53L0X_get_measurement_timing_budget_micro_seconds  vl53l0x_api_core.o
    0x08007caa   0x08007caa   0x00000034   Code   RO         1921    i.VL53L0X_get_offset_calibration_data_micro_meter  vl53l0x_api_calibration.o
    0x08007cde   0x08007cde   0x00000002   PAD
    0x08007ce0   0x08007ce0   0x000001de   Code   RO         2088    i.VL53L0X_get_pal_range_status  vl53l0x_api_core.o
    0x08007ebe   0x08007ebe   0x0000001c   Code   RO         2089    i.VL53L0X_get_total_signal_rate  vl53l0x_api_core.o
    0x08007eda   0x08007eda   0x0000002e   Code   RO         2090    i.VL53L0X_get_total_xtalk_rate  vl53l0x_api_core.o
    0x08007f08   0x08007f08   0x00000030   Code   RO         2091    i.VL53L0X_get_vcsel_pulse_period  vl53l0x_api_core.o
    0x08007f38   0x08007f38   0x0000002a   Code   RO         2092    i.VL53L0X_isqrt     vl53l0x_api_core.o
    0x08007f62   0x08007f62   0x00000002   PAD
    0x08007f64   0x08007f64   0x000000a4   Code   RO         2093    i.VL53L0X_load_tuning_settings  vl53l0x_api_core.o
    0x08008008   0x08008008   0x00000032   Code   RO         2094    i.VL53L0X_measurement_poll_for_completion  vl53l0x_api_core.o
    0x0800803a   0x0800803a   0x00000074   Code   RO         1925    i.VL53L0X_perform_phase_calibration  vl53l0x_api_calibration.o
    0x080080ae   0x080080ae   0x00000040   Code   RO         1926    i.VL53L0X_perform_ref_calibration  vl53l0x_api_calibration.o
    0x080080ee   0x080080ee   0x0000021c   Code   RO         1927    i.VL53L0X_perform_ref_spad_management  vl53l0x_api_calibration.o
    0x0800830a   0x0800830a   0x00000038   Code   RO         1928    i.VL53L0X_perform_single_ref_calibration  vl53l0x_api_calibration.o
    0x08008342   0x08008342   0x00000074   Code   RO         1929    i.VL53L0X_perform_vhv_calibration  vl53l0x_api_calibration.o
    0x080083b6   0x080083b6   0x000000b2   Code   RO         1931    i.VL53L0X_ref_calibration_io  vl53l0x_api_calibration.o
    0x08008468   0x08008468   0x000000c2   Code   RO         2097    i.VL53L0X_set_measurement_timing_budget_micro_seconds  vl53l0x_api_core.o
    0x0800852a   0x0800852a   0x000000a6   Code   RO         1934    i.VL53L0X_set_reference_spads  vl53l0x_api_calibration.o
    0x080085d0   0x080085d0   0x00000220   Code   RO         2098    i.VL53L0X_set_vcsel_pulse_period  vl53l0x_api_core.o
    0x080087f0   0x080087f0   0x00000020   Code   RO         2353    i._I2CRead          vl53l0x_platform.o
    0x08008810   0x08008810   0x0000001c   Code   RO         2354    i._I2CWrite         vl53l0x_platform.o
    0x0800882c   0x0800882c   0x00000020   Code   RO         3767    i.__NVIC_SetPriority  stm32f4xx_hal_cortex.o
    0x0800884c   0x0800884c   0x00000004   PAD
    0x08008850   0x08008850   0x000000f8   Code   RO         5654    i.__hardfp___mathlib_tofloat  m_wm.l(narrow.o)
    0x08008948   0x08008948   0x000000d0   Code   RO         5763    i.__hardfp_ldexp    m_wm.l(ldexp.o)
    0x08008a18   0x08008a18   0x00000020   Code   RO         5802    i.__mathlib_dbl_overflow  m_wm.l(dunder.o)
    0x08008a38   0x08008a38   0x00000020   Code   RO         5804    i.__mathlib_dbl_underflow  m_wm.l(dunder.o)
    0x08008a58   0x08008a58   0x00000012   Code   RO         5655    i.__mathlib_narrow  m_wm.l(narrow.o)
    0x08008a6a   0x08008a6a   0x00000014   Code   RO         5765    i.__support_ldexp   m_wm.l(ldexp.o)
    0x08008a7e   0x08008a7e   0x0000000e   Code   RO         5570    i._is_digit         c_w.l(scanf_fp.o)
    0x08008a8c   0x08008a8c   0x00000050   Code   RO         2435    i.advanceOneCell    flood.o
    0x08008adc   0x08008adc   0x00000044   Code   RO         2436    i.advanceOneCellVisited  flood.o
    0x08008b20   0x08008b20   0x000002e8   Code   RO         2437    i.advanceTicksFlood  flood.o
    0x08008e08   0x08008e08   0x00000570   Code   RO         2438    i.centerMovement    flood.o
    0x08009378   0x08009378   0x0000018c   Code   RO         2439    i.checkForWalls     flood.o
    0x08009504   0x08009504   0x00000094   Code   RO         1936    i.enable_ref_spads  vl53l0x_api_calibration.o
    0x08009598   0x08009598   0x0000002a   Code   RO         1937    i.enable_spad_bit   vl53l0x_api_calibration.o
    0x080095c2   0x080095c2   0x00000002   PAD
    0x080095c4   0x080095c4   0x000002b0   Code   RO         2440    i.floodFill         flood.o
    0x08009874   0x08009874   0x00000004   PAD
    0x08009878   0x08009878   0x0000008c   Code   RO         5738    i.frexp             m_wm.l(frexp.o)
    0x08009904   0x08009904   0x0000005c   Code   RO         1938    i.get_next_good_spad  vl53l0x_api_calibration.o
    0x08009960   0x08009960   0x0000000a   Code   RO         1939    i.get_ref_spad_map  vl53l0x_api_calibration.o
    0x0800996a   0x0800996a   0x000000f2   Code   RO         2099    i.get_sequence_step_timeout  vl53l0x_api_core.o
    0x08009a5c   0x08009a5c   0x0000003c   Code   RO         1031    i.handle            aml_mpusensor.o
    0x08009a98   0x08009a98   0x00000006   Code   RO         2441    i.init_coor         flood.o
    0x08009a9e   0x08009a9e   0x00000090   Code   RO         2442    i.init_distance_maze  flood.o
    0x08009b2e   0x08009b2e   0x00000002   PAD
    0x08009b30   0x08009b30   0x00000052   Code   RO         2443    i.init_wall_maze    flood.o
    0x08009b82   0x08009b82   0x00000002   PAD
    0x08009b84   0x08009b84   0x00000018   Code   RO         1940    i.is_aperture       vl53l0x_api_calibration.o
    0x08009b9c   0x08009b9c   0x000000ae   Code   RO         2444    i.logicalFlood      flood.o
    0x08009c4a   0x08009c4a   0x00000002   PAD
    0x08009c4c   0x08009c4c   0x00000178   Code   RO           29    i.main              main.o
    0x08009dc4   0x08009dc4   0x00000102   Code   RO         2445    i.minusOneNeighbor  flood.o
    0x08009ec6   0x08009ec6   0x00000064   Code   RO         1941    i.perform_ref_signal_measurement  vl53l0x_api_calibration.o
    0x08009f2a   0x08009f2a   0x0000001a   Code   RO         2446    i.pop_stack         flood.o
    0x08009f44   0x08009f44   0x00000016   Code   RO         2447    i.push_stack        flood.o
    0x08009f5a   0x08009f5a   0x00000038   Code   RO         1400    i.sequence_step_enabled  vl53l0x_api.o
    0x08009f92   0x08009f92   0x0000000a   Code   RO         1942    i.set_ref_spad_map  vl53l0x_api_calibration.o
    0x08009f9c   0x08009f9c   0x00000104   Code   RO         2100    i.set_sequence_step_timeout  vl53l0x_api_core.o
    0x0800a0a0   0x0800a0a0   0x00000076   Code   RO         2450    i.uncontrolledAdvanceTicks  flood.o
    0x0800a116   0x0800a116   0x00000002   PAD
    0x0800a118   0x0800a118   0x0000002c   Code   RO         5640    locale$$code        c_w.l(lc_numeric_c.o)
    0x0800a144   0x0800a144   0x0000002c   Code   RO         5751    locale$$code        c_w.l(lc_ctype_c.o)
    0x0800a170   0x0800a170   0x00000018   Code   RO         5527    x$fpl$basic         fz_wm.l(basic.o)
    0x0800a188   0x0800a188   0x00000062   Code   RO         5734    x$fpl$d2f           fz_wm.l(d2f.o)
    0x0800a1ea   0x0800a1ea   0x00000002   PAD
    0x0800a1ec   0x0800a1ec   0x00000150   Code   RO         5529    x$fpl$dadd          fz_wm.l(daddsub_clz.o)
    0x0800a33c   0x0800a33c   0x00000010   Code   RO         5831    x$fpl$dcheck1       fz_wm.l(dcheck1.o)
    0x0800a34c   0x0800a34c   0x00000018   Code   RO         5576    x$fpl$dcmpinf       fz_wm.l(dcmpi.o)
    0x0800a364   0x0800a364   0x000002b0   Code   RO         5536    x$fpl$ddiv          fz_wm.l(ddiv.o)
    0x0800a614   0x0800a614   0x00000078   Code   RO         5539    x$fpl$deqf          fz_wm.l(deqf.o)
    0x0800a68c   0x0800a68c   0x0000005e   Code   RO         5541    x$fpl$dfix          fz_wm.l(dfix.o)
    0x0800a6ea   0x0800a6ea   0x0000002e   Code   RO         5550    x$fpl$dflt          fz_wm.l(dflt_clz.o)
    0x0800a718   0x0800a718   0x00000026   Code   RO         5549    x$fpl$dfltu         fz_wm.l(dflt_clz.o)
    0x0800a73e   0x0800a73e   0x00000002   PAD
    0x0800a740   0x0800a740   0x00000078   Code   RO         5555    x$fpl$dleqf         fz_wm.l(dleqf.o)
    0x0800a7b8   0x0800a7b8   0x00000154   Code   RO         5557    x$fpl$dmul          fz_wm.l(dmul.o)
    0x0800a90c   0x0800a90c   0x0000009c   Code   RO         5578    x$fpl$dnaninf       fz_wm.l(dnaninf.o)
    0x0800a9a8   0x0800a9a8   0x0000000c   Code   RO         5580    x$fpl$dretinf       fz_wm.l(dretinf.o)
    0x0800a9b4   0x0800a9b4   0x0000006c   Code   RO         5559    x$fpl$drleqf        fz_wm.l(drleqf.o)
    0x0800aa20   0x0800aa20   0x00000016   Code   RO         5530    x$fpl$drsb          fz_wm.l(daddsub_clz.o)
    0x0800aa36   0x0800aa36   0x00000002   PAD
    0x0800aa38   0x0800aa38   0x000001d4   Code   RO         5531    x$fpl$dsub          fz_wm.l(daddsub_clz.o)
    0x0800ac0c   0x0800ac0c   0x0000000a   Code   RO         5759    x$fpl$fpinit        fz_wm.l(fpinit.o)
    0x0800ac16   0x0800ac16   0x0000000a   Code   RO         5761    x$fpl$fretinf       fz_wm.l(fretinf.o)
    0x0800ac20   0x0800ac20   0x00000006   Code   RO         5646    x$fpl$ieeestatus    fz_wm.l(istatus.o)
    0x0800ac26   0x0800ac26   0x00000064   Code   RO         5865    x$fpl$retnan        fz_wm.l(retnan.o)
    0x0800ac8a   0x0800ac8a   0x0000005c   Code   RO         5796    x$fpl$scalbn        fz_wm.l(scalbn.o)
    0x0800ace6   0x0800ace6   0x00000004   Code   RO         5561    x$fpl$scanf1        fz_wm.l(scanf1.o)
    0x0800acea   0x0800acea   0x00000008   Code   RO         5648    x$fpl$scanf2        fz_wm.l(scanf2.o)
    0x0800acf2   0x0800acf2   0x00000030   Code   RO         5867    x$fpl$trapveneer    fz_wm.l(trapv.o)
    0x0800ad22   0x0800ad22   0x00000000   Code   RO         5582    x$fpl$usenofp       fz_wm.l(usenofp.o)
    0x0800ad22   0x0800ad22   0x00000008   Data   RO         3484    .constdata          stm32f4xx_hal_dma.o
    0x0800ad2a   0x0800ad2a   0x00000010   Data   RO         5474    .constdata          system_stm32f4xx.o
    0x0800ad3a   0x0800ad3a   0x00000008   Data   RO         5475    .constdata          system_stm32f4xx.o
    0x0800ad42   0x0800ad42   0x00000002   PAD
    0x0800ad44   0x0800ad44   0x00000094   Data   RO         5615    .constdata          c_w.l(bigflt0.o)
    0x0800add8   0x0800add8   0x00000020   Data   RO         5869    Region$$Table       anon$$obj.o
    0x0800adf8   0x0800adf8   0x00000008   Data   RO         5642    c$$dinf             fz_wm.l(fpconst.o)
    0x0800ae00   0x0800ae00   0x00000008   Data   RO         5645    c$$dmax             fz_wm.l(fpconst.o)
    0x0800ae08   0x0800ae08   0x0000001c   Data   RO         5639    locale$$data        c_w.l(lc_numeric_c.o)
    0x0800ae24   0x0800ae24   0x00000110   Data   RO         5750    locale$$data        c_w.l(lc_ctype_c.o)


    Execution Region RW_IRAM1 (Exec base: 0x20000000, Load base: 0x0800af34, Size: 0x00003078, Max: 0x0001c000, ABSOLUTE, COMPRESSED[0x00000324])

    Exec Addr    Load Addr    Size         Type   Attr      Idx    E Section Name        Object

    0x20000000   COMPRESSED   0x00000018   Data   RW           35    .data               main.o
    0x20000018   COMPRESSED   0x00000010   Data   RW          522    .data               aml_debugdevice.o
    0x20000028   COMPRESSED   0x0000000a   Data   RW          644    .data               aml_keyboard.o
    0x20000032   COMPRESSED   0x00000002   PAD
    0x20000034   COMPRESSED   0x0000000d   Data   RW          689    .data               aml_lasersensor.o
    0x20000041   COMPRESSED   0x00000007   PAD
    0x20000048   COMPRESSED   0x000001b0   Data   RW          789    .data               aml_motorcontrol.o
    0x200001f8   COMPRESSED   0x00000020   Data   RW         1033    .data               aml_mpusensor.o
    0x20000218   COMPRESSED   0x00000020   Data   RW         1090    .data               aml_remote.o
    0x20000238   COMPRESSED   0x000002a9   Data   RW         1401    .data               vl53l0x_api.o
    0x200004e1   COMPRESSED   0x00000003   PAD
    0x200004e4   COMPRESSED   0x00000010   Data   RW         1943    .data               vl53l0x_api_calibration.o
    0x200004f4   COMPRESSED   0x0000000c   Data   RW         2451    .data               flood.o
    0x20000500   COMPRESSED   0x0000000c   Data   RW         3911    .data               stm32f4xx_hal.o
    0x2000050c   COMPRESSED   0x00000004   Data   RW         5476    .data               system_stm32f4xx.o
    0x20000510        -       0x00001410   Zero   RW           30    .bss                main.o
    0x20001920        -       0x00000060   Zero   RW           31    .bss                main.o
    0x20001980        -       0x00000c10   Zero   RW          688    .bss                aml_lasersensor.o
    0x20002590        -       0x000003f0   Zero   RW          788    .bss                aml_motorcontrol.o
    0x20002980        -       0x00000024   Zero   RW         1032    .bss                aml_mpusensor.o
    0x200029a4        -       0x00000030   Zero   RW         1089    .bss                aml_remote.o
    0x200029d4        -       0x00000040   Zero   RW         2355    .bss                vl53l0x_platform.o
    0x20002a14        -       0x00000060   Zero   RW         5663    .bss                c_w.l(libspace.o)
    0x20002a74   COMPRESSED   0x00000004   PAD
    0x20002a78        -       0x00000200   Zero   RW            2    HEAP                startup_stm32f407xx.o
    0x20002c78        -       0x00000400   Zero   RW            1    STACK               startup_stm32f407xx.o


    Execution Region RW_IRAM2 (Exec base: 0x2001c000, Load base: 0x0800b258, Size: 0x00000000, Max: 0x00004000, ABSOLUTE)

    **** No section assigned to this execution region ****


==============================================================================

Image component sizes


      Code (inc. data)   RO Data    RW Data    ZI Data      Debug   Object Name

       206         32          0         16          0       4081   aml_debugdevice.o
        96         34          0          0          0       2950   aml_encoder.o
        76         12          0         10          0       1563   aml_keyboard.o
       904         66          0         13       3088       4836   aml_lasersensor.o
      3062        284          0        432       1008      20659   aml_motorcontrol.o
       552        110          0         32         36       4460   aml_mpusensor.o
       124         38          0         32         48       2189   aml_remote.o
      4222         40          0         12          0      16219   flood.o
       102          6          0          0          0       1890   kalmanfilter.o
      2358        142          0         24       5232     730563   main.o
      1084         44          0          0          0       6286   pid.o
        64         26        392          0       1536        932   startup_stm32f407xx.o
       180         28          0         12          0      10125   stm32f4xx_hal.o
       198         14          0          0          0      34479   stm32f4xx_hal_cortex.o
      1048         16          8          0          0       7407   stm32f4xx_hal_dma.o
       530         52          0          0          0       3171   stm32f4xx_hal_gpio.o
      2118         50          0          0          0      13638   stm32f4xx_hal_i2c.o
       788         92          0          0          0       5471   stm32f4xx_hal_msp.o
      1348         76          0          0          0       5768   stm32f4xx_hal_rcc.o
      2494        166          0          0          0      22589   stm32f4xx_hal_tim.o
       148         28          0          0          0       2809   stm32f4xx_hal_tim_ex.o
      1600         24          0          0          0      15832   stm32f4xx_hal_uart.o
       104         20          0          0          0       8944   stm32f4xx_it.o
        16          4         24          4          0       1391   system_stm32f4xx.o
      3004         64          0        681          0      35347   vl53l0x_api.o
      1714          4          0         16          0      17813   vl53l0x_api_calibration.o
      4534         16          0          0          0      29049   vl53l0x_api_core.o
       468         24          0          0         64       9889   vl53l0x_platform.o

    ----------------------------------------------------------------------
     33204       1516        458       1296      11012    1020350   Object Totals
         0          0         32          0          0          0   (incl. Generated)
        62          4          2         12          0          0   (incl. Padding)

    ----------------------------------------------------------------------

      Code (inc. data)   RO Data    RW Data    ZI Data      Debug   Library Member Name

        60          8          0          0          0         84   __0sscanf.o
        90          0          0          0          0          0   __dczerorl2.o
         8          0          0          0          0         68   __main.o
         0          0          0          0          0          0   __rtentry.o
        12          0          0          0          0          0   __rtentry2.o
         6          0          0          0          0          0   __rtentry4.o
        52          8          0          0          0          0   __scatter.o
        28          0          0          0          0          0   __scatter_zi.o
        28          0          0          0          0         68   _chval.o
        22          0          0          0          0        100   _rserrno.o
       884          6          0          0          0        100   _scanf.o
        64          0          0          0          0         84   _sgetc.o
       228          4        148          0          0         96   bigflt0.o
      1924        136          0          0          0        756   btod.o
        18          0          0          0          0         80   exit.o
         6          0          0          0          0        152   heapauxi.o
         0          0          0          0          0          0   indicate_semi.o
        18          0          0          0          0         76   isspace.o
        44         10        272          0          0         76   lc_ctype_c.o
        44         10         28          0          0         76   lc_numeric_c.o
         2          0          0          0          0          0   libinit.o
        34          0          0          0          0          0   libinit2.o
         2          0          0          0          0          0   libshutdown.o
         2          0          0          0          0          0   libshutdown2.o
         8          4          0          0         96         68   libspace.o
        38          0          0          0          0         68   llshl.o
       238          0          0          0          0        100   lludivv7m.o
        16          4          0          0          0         76   rt_ctype_table.o
         8          4          0          0          0         68   rt_errno_addr_intlibspace.o
         8          4          0          0          0         68   rt_locale_intlibspace.o
        68          0          0          0          0         68   rt_memclr.o
        78          0          0          0          0         80   rt_memclr_w.o
       138          0          0          0          0         68   rt_memcpy_v6.o
       100          0          0          0          0         80   rt_memcpy_w.o
         2          0          0          0          0          0   rtexit.o
        10          0          0          0          0          0   rtexit2.o
        44          8          0          0          0         84   scanf_char.o
      1286         16          0          0          0        236   scanf_fp.o
       800         14          0          0          0        100   scanf_hexfp.o
       308         16          0          0          0        100   scanf_infnan.o
       128          0          0          0          0         68   strcmpv7m.o
        72          0          0          0          0         80   strcpy.o
        12          4          0          0          0         68   sys_exit.o
        74          0          0          0          0         80   sys_stackheap_outer.o
         2          0          0          0          0         68   use_no_semi.o
        24          0          0          0          0        164   basic.o
        98          4          0          0          0        140   d2f.o
       826         16          0          0          0        492   daddsub_clz.o
        16          4          0          0          0        116   dcheck1.o
        24          0          0          0          0        116   dcmpi.o
       688        140          0          0          0        256   ddiv.o
       120          4          0          0          0        140   deqf.o
        94          4          0          0          0        140   dfix.o
        84          0          0          0          0        232   dflt_clz.o
       120          4          0          0          0        140   dleqf.o
       340         12          0          0          0        152   dmul.o
       156          4          0          0          0        140   dnaninf.o
        12          0          0          0          0        116   dretinf.o
       108          0          0          0          0        128   drleqf.o
         0          0         16          0          0          0   fpconst.o
        10          0          0          0          0        116   fpinit.o
        10          0          0          0          0        116   fretinf.o
         6          0          0          0          0        116   istatus.o
       100          0          0          0          0        116   retnan.o
        92          0          0          0          0        116   scalbn.o
         4          0          0          0          0        116   scanf1.o
         8          0          0          0          0        132   scanf2.o
        48          0          0          0          0        116   trapv.o
         0          0          0          0          0          0   usenofp.o
        64         16          0          0          0        248   dunder.o
       140         22          0          0          0        132   frexp.o
       228          8          0          0          0        308   ldexp.o
       266         16          0          0          0        308   narrow.o

    ----------------------------------------------------------------------
     10726        512        464          0        100       7856   Library Totals
        26          2          0          0          4          0   (incl. Padding)

    ----------------------------------------------------------------------

      Code (inc. data)   RO Data    RW Data    ZI Data      Debug   Library Name

      7014        256        448          0         96       3444   c_w.l
      2988        192         16          0          0       3416   fz_wm.l
       698         62          0          0          0        996   m_wm.l

    ----------------------------------------------------------------------
     10726        512        464          0        100       7856   Library Totals

    ----------------------------------------------------------------------

==============================================================================


      Code (inc. data)   RO Data    RW Data    ZI Data      Debug   

     43930       2028        922       1296      11112     996834   Grand Totals
     43930       2028        922        804      11112     996834   ELF Image Totals (compressed)
     43930       2028        922        804          0          0   ROM Totals

==============================================================================

    Total RO  Size (Code + RO Data)                44852 (  43.80kB)
    Total RW  Size (RW Data + ZI Data)             12408 (  12.12kB)
    Total ROM Size (Code + RO Data + RW Data)      45656 (  44.59kB)

==============================================================================

