Component: ARM Compiler 5.06 update 6 (build 750) Tool: armlink [4d35ed]

==============================================================================

Section Cross References

    startup_stm32f407xx.o(STACK) refers (Special) to heapauxi.o(.text) for __use_two_region_memory
    startup_stm32f407xx.o(HEAP) refers (Special) to heapauxi.o(.text) for __use_two_region_memory
    startup_stm32f407xx.o(RESET) refers (Special) to heapauxi.o(.text) for __use_two_region_memory
    startup_stm32f407xx.o(RESET) refers to startup_stm32f407xx.o(STACK) for __initial_sp
    startup_stm32f407xx.o(RESET) refers to startup_stm32f407xx.o(.text) for Reset_Handler
    startup_stm32f407xx.o(RESET) refers to stm32f4xx_it.o(i.NMI_Handler) for NMI_Handler
    startup_stm32f407xx.o(RESET) refers to stm32f4xx_it.o(i.HardFault_Handler) for HardFault_Handler
    startup_stm32f407xx.o(RESET) refers to stm32f4xx_it.o(i.MemManage_Handler) for MemManage_Handler
    startup_stm32f407xx.o(RESET) refers to stm32f4xx_it.o(i.BusFault_Handler) for BusFault_Handler
    startup_stm32f407xx.o(RESET) refers to stm32f4xx_it.o(i.UsageFault_Handler) for UsageFault_Handler
    startup_stm32f407xx.o(RESET) refers to stm32f4xx_it.o(i.SVC_Handler) for SVC_Handler
    startup_stm32f407xx.o(RESET) refers to stm32f4xx_it.o(i.DebugMon_Handler) for DebugMon_Handler
    startup_stm32f407xx.o(RESET) refers to stm32f4xx_it.o(i.PendSV_Handler) for PendSV_Handler
    startup_stm32f407xx.o(RESET) refers to stm32f4xx_it.o(i.SysTick_Handler) for SysTick_Handler
    startup_stm32f407xx.o(RESET) refers to stm32f4xx_it.o(i.EXTI1_IRQHandler) for EXTI1_IRQHandler
    startup_stm32f407xx.o(RESET) refers to stm32f4xx_it.o(i.EXTI2_IRQHandler) for EXTI2_IRQHandler
    startup_stm32f407xx.o(RESET) refers to stm32f4xx_it.o(i.EXTI3_IRQHandler) for EXTI3_IRQHandler
    startup_stm32f407xx.o(RESET) refers to stm32f4xx_it.o(i.EXTI4_IRQHandler) for EXTI4_IRQHandler
    startup_stm32f407xx.o(RESET) refers to stm32f4xx_it.o(i.DMA1_Stream1_IRQHandler) for DMA1_Stream1_IRQHandler
    startup_stm32f407xx.o(RESET) refers to stm32f4xx_it.o(i.EXTI9_5_IRQHandler) for EXTI9_5_IRQHandler
    startup_stm32f407xx.o(RESET) refers to stm32f4xx_it.o(i.TIM1_BRK_TIM9_IRQHandler) for TIM1_BRK_TIM9_IRQHandler
    startup_stm32f407xx.o(RESET) refers to stm32f4xx_it.o(i.USART3_IRQHandler) for USART3_IRQHandler
    startup_stm32f407xx.o(RESET) refers to stm32f4xx_it.o(i.USART6_IRQHandler) for USART6_IRQHandler
    startup_stm32f407xx.o(.text) refers (Special) to heapauxi.o(.text) for __use_two_region_memory
    startup_stm32f407xx.o(.text) refers to system_stm32f4xx.o(i.SystemInit) for SystemInit
    startup_stm32f407xx.o(.text) refers to __main.o(!!!main) for __main
    startup_stm32f407xx.o(.text) refers to startup_stm32f407xx.o(HEAP) for Heap_Mem
    startup_stm32f407xx.o(.text) refers to startup_stm32f407xx.o(STACK) for Stack_Mem
    main.o(i.MX_GPIO_Init) refers to rt_memclr_w.o(.text) for __aeabi_memclr4
    main.o(i.MX_GPIO_Init) refers to stm32f4xx_hal_gpio.o(i.HAL_GPIO_WritePin) for HAL_GPIO_WritePin
    main.o(i.MX_GPIO_Init) refers to stm32f4xx_hal_gpio.o(i.HAL_GPIO_Init) for HAL_GPIO_Init
    main.o(i.MX_GPIO_Init) refers to stm32f4xx_hal_cortex.o(i.HAL_NVIC_SetPriority) for HAL_NVIC_SetPriority
    main.o(i.MX_GPIO_Init) refers to stm32f4xx_hal_cortex.o(i.HAL_NVIC_EnableIRQ) for HAL_NVIC_EnableIRQ
    main.o(i.MX_TIM1_Init) refers to rt_memclr_w.o(.text) for __aeabi_memclr4
    main.o(i.MX_TIM1_Init) refers to stm32f4xx_hal_tim.o(i.HAL_TIM_Encoder_Init) for HAL_TIM_Encoder_Init
    main.o(i.MX_TIM1_Init) refers to stm32f4xx_hal_tim_ex.o(i.HAL_TIMEx_MasterConfigSynchronization) for HAL_TIMEx_MasterConfigSynchronization
    main.o(i.MX_TIM1_Init) refers to main.o(.bss) for .bss
    main.o(i.MX_TIM2_Init) refers to rt_memclr_w.o(.text) for __aeabi_memclr4
    main.o(i.MX_TIM2_Init) refers to stm32f4xx_hal_tim.o(i.HAL_TIM_Base_Init) for HAL_TIM_Base_Init
    main.o(i.MX_TIM2_Init) refers to stm32f4xx_hal_tim.o(i.HAL_TIM_ConfigClockSource) for HAL_TIM_ConfigClockSource
    main.o(i.MX_TIM2_Init) refers to stm32f4xx_hal_tim.o(i.HAL_TIM_PWM_Init) for HAL_TIM_PWM_Init
    main.o(i.MX_TIM2_Init) refers to stm32f4xx_hal_tim_ex.o(i.HAL_TIMEx_MasterConfigSynchronization) for HAL_TIMEx_MasterConfigSynchronization
    main.o(i.MX_TIM2_Init) refers to stm32f4xx_hal_tim.o(i.HAL_TIM_PWM_ConfigChannel) for HAL_TIM_PWM_ConfigChannel
    main.o(i.MX_TIM2_Init) refers to stm32f4xx_hal_msp.o(i.HAL_TIM_MspPostInit) for HAL_TIM_MspPostInit
    main.o(i.MX_TIM2_Init) refers to main.o(.bss) for .bss
    main.o(i.MX_TIM4_Init) refers to rt_memclr_w.o(.text) for __aeabi_memclr4
    main.o(i.MX_TIM4_Init) refers to stm32f4xx_hal_tim.o(i.HAL_TIM_Encoder_Init) for HAL_TIM_Encoder_Init
    main.o(i.MX_TIM4_Init) refers to stm32f4xx_hal_tim_ex.o(i.HAL_TIMEx_MasterConfigSynchronization) for HAL_TIMEx_MasterConfigSynchronization
    main.o(i.MX_TIM4_Init) refers to main.o(.bss) for .bss
[...]
    HAL_NVIC_SetPriority                     0x08003569   Thumb Code    60  stm32f4xx_hal_cortex.o(i.HAL_NVIC_SetPriority)
    HAL_NVIC_SetPriorityGrouping             0x080035a9   Thumb Code    26  stm32f4xx_hal_cortex.o(i.HAL_NVIC_SetPriorityGrouping)
    HAL_RCC_ClockConfig                      0x080035cd   Thumb Code   288  stm32f4xx_hal_rcc.o(i.HAL_RCC_ClockConfig)
    HAL_RCC_GetPCLK1Freq                     0x08003701   Thumb Code    20  stm32f4xx_hal_rcc.o(i.HAL_RCC_GetPCLK1Freq)
    HAL_RCC_GetPCLK2Freq                     0x08003721   Thumb Code    20  stm32f4xx_hal_rcc.o(i.HAL_RCC_GetPCLK2Freq)
    HAL_RCC_GetSysClockFreq                  0x08003741   Thumb Code    88  stm32f4xx_hal_rcc.o(i.HAL_RCC_GetSysClockFreq)
    HAL_RCC_OscConfig                        0x080037a5   Thumb Code   856  stm32f4xx_hal_rcc.o(i.HAL_RCC_OscConfig)
    HAL_SYSTICK_Config                       0x08003b11   Thumb Code    40  stm32f4xx_hal_cortex.o(i.HAL_SYSTICK_Config)
    HAL_TIMEx_BreakCallback                  0x08003b39   Thumb Code     2  stm32f4xx_hal_tim_ex.o(i.HAL_TIMEx_BreakCallback)
    HAL_TIMEx_CommutCallback                 0x08003b3b   Thumb Code     2  stm32f4xx_hal_tim_ex.o(i.HAL_TIMEx_CommutCallback)
    HAL_TIMEx_MasterConfigSynchronization    0x08003b3d   Thumb Code   116  stm32f4xx_hal_tim_ex.o(i.HAL_TIMEx_MasterConfigSynchronization)
    HAL_TIM_Base_Init                        0x08003bcd   Thumb Code    90  stm32f4xx_hal_tim.o(i.HAL_TIM_Base_Init)
    HAL_TIM_Base_MspInit                     0x08003c29   Thumb Code    76  stm32f4xx_hal_msp.o(i.HAL_TIM_Base_MspInit)
    HAL_TIM_Base_Start                       0x08003c7d   Thumb Code    90  stm32f4xx_hal_tim.o(i.HAL_TIM_Base_Start)
    HAL_TIM_Base_Start_IT                    0x08003cf5   Thumb Code   100  stm32f4xx_hal_tim.o(i.HAL_TIM_Base_Start_IT)
    HAL_TIM_Base_Stop_IT                     0x08003d75   Thumb Code    48  stm32f4xx_hal_tim.o(i.HAL_TIM_Base_Stop_IT)
    HAL_TIM_ConfigClockSource                0x08003da5   Thumb Code   220  stm32f4xx_hal_tim.o(i.HAL_TIM_ConfigClockSource)
    HAL_TIM_Encoder_Init                     0x08003e81   Thumb Code   164  stm32f4xx_hal_tim.o(i.HAL_TIM_Encoder_Init)
    HAL_TIM_Encoder_MspInit                  0x08003f25   Thumb Code   210  stm32f4xx_hal_msp.o(i.HAL_TIM_Encoder_MspInit)
    HAL_TIM_Encoder_Start                    0x08004011   Thumb Code   142  stm32f4xx_hal_tim.o(i.HAL_TIM_Encoder_Start)
    HAL_TIM_IC_CaptureCallback               0x0800409f   Thumb Code     2  stm32f4xx_hal_tim.o(i.HAL_TIM_IC_CaptureCallback)
    HAL_TIM_IRQHandler                       0x080040a1   Thumb Code   358  stm32f4xx_hal_tim.o(i.HAL_TIM_IRQHandler)
    HAL_TIM_MspPostInit                      0x08004209   Thumb Code    70  stm32f4xx_hal_msp.o(i.HAL_TIM_MspPostInit)
    HAL_TIM_OC_DelayElapsedCallback          0x08004259   Thumb Code     2  stm32f4xx_hal_tim.o(i.HAL_TIM_OC_DelayElapsedCallback)
    HAL_TIM_PWM_ConfigChannel                0x0800425b   Thumb Code   204  stm32f4xx_hal_tim.o(i.HAL_TIM_PWM_ConfigChannel)
    HAL_TIM_PWM_Init                         0x08004327   Thumb Code    90  stm32f4xx_hal_tim.o(i.HAL_TIM_PWM_Init)
    HAL_TIM_PWM_MspInit                      0x08004381   Thumb Code     2  stm32f4xx_hal_tim.o(i.HAL_TIM_PWM_MspInit)
    HAL_TIM_PWM_PulseFinishedCallback        0x08004383   Thumb Code     2  stm32f4xx_hal_tim.o(i.HAL_TIM_PWM_PulseFinishedCallback)
    HAL_TIM_PWM_Start                        0x08004385   Thumb Code   172  stm32f4xx_hal_tim.o(i.HAL_TIM_PWM_Start)
    HAL_TIM_PeriodElapsedCallback            0x0800444d   Thumb Code    32  aml_motorcontrol.o(i.HAL_TIM_PeriodElapsedCallback)
    HAL_TIM_TriggerCallback                  0x08004475   Thumb Code     2  stm32f4xx_hal_tim.o(i.HAL_TIM_TriggerCallback)
    HAL_UARTEx_RxEventCallback               0x08004477   Thumb Code     2  stm32f4xx_hal_uart.o(i.HAL_UARTEx_RxEventCallback)
    HAL_UART_DMAStop                         0x08004479   Thumb Code   112  stm32f4xx_hal_uart.o(i.HAL_UART_DMAStop)
    HAL_UART_ErrorCallback                   0x080044e9   Thumb Code     2  stm32f4xx_hal_uart.o(i.HAL_UART_ErrorCallback)
    HAL_UART_IRQHandler                      0x080044ed   Thumb Code   610  stm32f4xx_hal_uart.o(i.HAL_UART_IRQHandler)
    HAL_UART_Init                            0x08004755   Thumb Code    98  stm32f4xx_hal_uart.o(i.HAL_UART_Init)
    HAL_UART_MspInit                         0x080047b9   Thumb Code   232  stm32f4xx_hal_msp.o(i.HAL_UART_MspInit)
    HAL_UART_Receive                         0x080048bd   Thumb Code   192  stm32f4xx_hal_uart.o(i.HAL_UART_Receive)
    HAL_UART_Receive_DMA                     0x0800497d   Thumb Code    42  stm32f4xx_hal_uart.o(i.HAL_UART_Receive_DMA)
    HAL_UART_Receive_IT                      0x080049a7   Thumb Code    42  stm32f4xx_hal_uart.o(i.HAL_UART_Receive_IT)
    HAL_UART_RxCpltCallback                  0x080049d1   Thumb Code   192  aml_mpusensor.o(i.HAL_UART_RxCpltCallback)
    HAL_UART_RxHalfCpltCallback              0x08004ad5   Thumb Code     2  stm32f4xx_hal_uart.o(i.HAL_UART_RxHalfCpltCallback)
    HAL_UART_Transmit                        0x08004ad9   Thumb Code   178  stm32f4xx_hal_uart.o(i.HAL_UART_Transmit)
    HAL_UART_TxCpltCallback                  0x08004b8b   Thumb Code     2  stm32f4xx_hal_uart.o(i.HAL_UART_TxCpltCallback)
    HardFault_Handler                        0x08004b8d   Thumb Code    12  stm32f4xx_it.o(i.HardFault_Handler)
    MemManage_Handler                        0x0800529d   Thumb Code     2  stm32f4xx_it.o(i.MemManage_Handler)
    NMI_Handler                              0x0800529f   Thumb Code     2  stm32f4xx_it.o(i.NMI_Handler)
    PID                                      0x080052a1   Thumb Code   122  pid.o(i.PID)
    PID_Compute                              0x0800532d   Thumb Code   346  pid.o(i.PID_Compute)
    PID_Init                                 0x08005491   Thumb Code    80  pid.o(i.PID_Init)
    PID_SetControllerDirection               0x080054e1   Thumb Code    68  pid.o(i.PID_SetControllerDirection)
    PID_SetMode                              0x08005525   Thumb Code    28  pid.o(i.PID_SetMode)
    PID_SetOutputLimits                      0x08005541   Thumb Code   176  pid.o(i.PID_SetOutputLimits)
    PID_SetTunings2                          0x080055f1   Thumb Code   220  pid.o(i.PID_SetTunings2)
    PendSV_Handler                           0x080056dd   Thumb Code     2  stm32f4xx_it.o(i.PendSV_Handler)
    SVC_Handler                              0x080056df   Thumb Code     2  stm32f4xx_it.o(i.SVC_Handler)
    SimpleKalmanFilter_Init                  0x080056e1   Thumb Code    22  kalmanfilter.o(i.SimpleKalmanFilter_Init)
    SimpleKalmanFilter_updateEstimate        0x080056fd   Thumb Code    74  kalmanfilter.o(i.SimpleKalmanFilter_updateEstimate)
    SysTick_Handler                          0x08005747   Thumb Code     4  stm32f4xx_it.o(i.SysTick_Handler)
    SystemClock_Config                       0x0800574d   Thumb Code   138  main.o(i.SystemClock_Config)
    SystemInit                               0x080057e1   Thumb Code    12  system_stm32f4xx.o(i.SystemInit)
    TIM1_BRK_TIM9_IRQHandler                 0x080057f1   Thumb Code    18  stm32f4xx_it.o(i.TIM1_BRK_TIM9_IRQHandler)
    TIM_Base_SetConfig                       0x0800580d   Thumb Code   156  stm32f4xx_hal_tim.o(i.TIM_Base_SetConfig)
    TIM_CCxChannelCmd                        0x080058d5   Thumb Code    26  stm32f4xx_hal_tim.o(i.TIM_CCxChannelCmd)
    TIM_ETR_SetConfig                        0x080058ef   Thumb Code    20  stm32f4xx_hal_tim.o(i.TIM_ETR_SetConfig)
    TIM_OC2_SetConfig                        0x08005975   Thumb Code    98  stm32f4xx_hal_tim.o(i.TIM_OC2_SetConfig)
    UART_Start_Receive_DMA                   0x08005e0d   Thumb Code   134  stm32f4xx_hal_uart.o(i.UART_Start_Receive_DMA)
    UART_Start_Receive_IT                    0x08005ea1   Thumb Code    58  stm32f4xx_hal_uart.o(i.UART_Start_Receive_IT)
    USART3_IRQHandler                        0x08005f55   Thumb Code     6  stm32f4xx_it.o(i.USART3_IRQHandler)
    USART6_IRQHandler                        0x08005f61   Thumb Code     6  stm32f4xx_it.o(i.USART6_IRQHandler)
    UsageFault_Handler                       0x08005f6d   Thumb Code     2  stm32f4xx_it.o(i.UsageFault_Handler)
    VL53L0X_CheckAndLoadInterruptSettings    0x08005f71   Thumb Code   118  vl53l0x_api.o(i.VL53L0X_CheckAndLoadInterruptSettings)
    VL53L0X_ClearInterruptMask               0x08005fed   Thumb Code    76  vl53l0x_api.o(i.VL53L0X_ClearInterruptMask)
    VL53L0X_DataInit                         0x08006039   Thumb Code   306  vl53l0x_api.o(i.VL53L0X_DataInit)
    VL53L0X_GetDeviceParameters              0x08006175   Thumb Code   128  vl53l0x_api.o(i.VL53L0X_GetDeviceParameters)
    VL53L0X_GetFractionEnable                0x080061f5   Thumb Code    26  vl53l0x_api.o(i.VL53L0X_GetFractionEnable)
    VL53L0X_GetInterMeasurementPeriodMilliSeconds 0x0800620f   Thumb Code    54  vl53l0x_api.o(i.VL53L0X_GetInterMeasurementPeriodMilliSeconds)
    VL53L0X_GetInterruptMaskStatus           0x08006245   Thumb Code    34  vl53l0x_api.o(i.VL53L0X_GetInterruptMaskStatus)
    VL53L0X_GetInterruptThresholds           0x08006267   Thumb Code    52  vl53l0x_api.o(i.VL53L0X_GetInterruptThresholds)
    VL53L0X_GetLimitCheckEnable              0x0800629b   Thumb Code    24  vl53l0x_api.o(i.VL53L0X_GetLimitCheckEnable)
    VL53L0X_GetLimitCheckValue               0x080062b5   Thumb Code   122  vl53l0x_api.o(i.VL53L0X_GetLimitCheckValue)
    VL53L0X_GetMeasurementDataReady          0x0800632f   Thumb Code    58  vl53l0x_api.o(i.VL53L0X_GetMeasurementDataReady)
    VL53L0X_GetMeasurementTimingBudgetMicroSeconds 0x08006369   Thumb Code     4  vl53l0x_api.o(i.VL53L0X_GetMeasurementTimingBudgetMicroSeconds)
    VL53L0X_GetOffsetCalibrationDataMicroMeter 0x0800636d   Thumb Code     4  vl53l0x_api.o(i.VL53L0X_GetOffsetCalibrationDataMicroMeter)
    VL53L0X_GetRangingMeasurementData        0x08006371   Thumb Code   300  vl53l0x_api.o(i.VL53L0X_GetRangingMeasurementData)
    VL53L0X_GetSequenceStepEnables           0x0800649d   Thumb Code   114  vl53l0x_api.o(i.VL53L0X_GetSequenceStepEnables)
    VL53L0X_GetSequenceStepTimeout           0x0800650f   Thumb Code    54  vl53l0x_api.o(i.VL53L0X_GetSequenceStepTimeout)
    VL53L0X_GetVcselPulsePeriod              0x08006545   Thumb Code     4  vl53l0x_api.o(i.VL53L0X_GetVcselPulsePeriod)
    VL53L0X_GetWrapAroundCheckEnable         0x08006549   Thumb Code    44  vl53l0x_api.o(i.VL53L0X_GetWrapAroundCheckEnable)
    VL53L0X_GetXTalkCompensationEnable       0x08006575   Thumb Code    10  vl53l0x_api.o(i.VL53L0X_GetXTalkCompensationEnable)
    VL53L0X_GetXTalkCompensationRateMegaCps  0x0800657f   Thumb Code    44  vl53l0x_api.o(i.VL53L0X_GetXTalkCompensationRateMegaCps)
    VL53L0X_PerformRefCalibration            0x080065ab   Thumb Code     6  vl53l0x_api.o(i.VL53L0X_PerformRefCalibration)
    VL53L0X_PerformRefSpadManagement         0x080065b1   Thumb Code     4  vl53l0x_api.o(i.VL53L0X_PerformRefSpadManagement)
    VL53L0X_PerformSingleMeasurement         0x080065b5   Thumb Code    34  vl53l0x_api.o(i.VL53L0X_PerformSingleMeasurement)
    VL53L0X_PerformSingleRangingMeasurement  0x080065d7   Thumb Code    52  vl53l0x_api.o(i.VL53L0X_PerformSingleRangingMeasurement)
    VL53L0X_PollingDelay                     0x0800660b   Thumb Code    14  vl53l0x_platform.o(i.VL53L0X_PollingDelay)
    VL53L0X_RdByte                           0x08006619   Thumb Code    40  vl53l0x_platform.o(i.VL53L0X_RdByte)
    VL53L0X_RdDWord                          0x08006641   Thumb Code    66  vl53l0x_platform.o(i.VL53L0X_RdDWord)
    VL53L0X_RdWord                           0x08006689   Thumb Code    54  vl53l0x_platform.o(i.VL53L0X_RdWord)
    VL53L0X_ReadMulti                        0x080066c5   Thumb Code    48  vl53l0x_platform.o(i.VL53L0X_ReadMulti)
    VL53L0X_SetDeviceAddress                 0x080066f5   Thumb Code     8  vl53l0x_api.o(i.VL53L0X_SetDeviceAddress)
    VL53L0X_SetDeviceMode                    0x080066fd   Thumb Code    36  vl53l0x_api.o(i.VL53L0X_SetDeviceMode)
    VL53L0X_SetGpioConfig                    0x08006721   Thumb Code   312  vl53l0x_api.o(i.VL53L0X_SetGpioConfig)
    VL53L0X_SetLimitCheckEnable              0x08006859   Thumb Code   130  vl53l0x_api.o(i.VL53L0X_SetLimitCheckEnable)
    VL53L0X_SetLimitCheckValue               0x080068db   Thumb Code    80  vl53l0x_api.o(i.VL53L0X_SetLimitCheckValue)
    VL53L0X_SetMeasurementTimingBudgetMicroSeconds 0x0800692b   Thumb Code     4  vl53l0x_api.o(i.VL53L0X_SetMeasurementTimingBudgetMicroSeconds)
    VL53L0X_SetSequenceStepEnable            0x0800692f   Thumb Code   174  vl53l0x_api.o(i.VL53L0X_SetSequenceStepEnable)
    VL53L0X_SetVcselPulsePeriod              0x080069dd   Thumb Code     4  vl53l0x_api.o(i.VL53L0X_SetVcselPulsePeriod)
    VL53L0X_StartMeasurement                 0x080069e1   Thumb Code   134  vl53l0x_api.o(i.VL53L0X_StartMeasurement)
    VL53L0X_StaticInit                       0x08006a69   Thumb Code   366  vl53l0x_api.o(i.VL53L0X_StaticInit)
    VL53L0X_UpdateByte                       0x08006bdd   Thumb Code    42  vl53l0x_platform.o(i.VL53L0X_UpdateByte)
    VL53L0X_WaitDeviceBooted                 0x08006c07   Thumb Code     6  vl53l0x_api.o(i.VL53L0X_WaitDeviceBooted)
    VL53L0X_WrByte                           0x08006c0d   Thumb Code    32  vl53l0x_platform.o(i.VL53L0X_WrByte)
    VL53L0X_WrWord                           0x08006c31   Thumb Code    36  vl53l0x_platform.o(i.VL53L0X_WrWord)
    VL53L0X_WriteMulti                       0x08006c59   Thumb Code    52  vl53l0x_platform.o(i.VL53L0X_WriteMulti)
    VL53L0X_calc_dmax                        0x08006c91   Thumb Code   212  vl53l0x_api_core.o(i.VL53L0X_calc_dmax)
    VL53L0X_calc_macro_period_ps             0x08006d69   Thumb Code    16  vl53l0x_api_core.o(i.VL53L0X_calc_macro_period_ps)
    VL53L0X_calc_sigma_estimate              0x08006d79   Thumb Code   480  vl53l0x_api_core.o(i.VL53L0X_calc_sigma_estimate)
    VL53L0X_calc_timeout_mclks               0x08006f65   Thumb Code    34  vl53l0x_api_core.o(i.VL53L0X_calc_timeout_mclks)
    VL53L0X_calc_timeout_us                  0x08006f87   Thumb Code    34  vl53l0x_api_core.o(i.VL53L0X_calc_timeout_us)
    VL53L0X_decode_timeout                   0x08006fa9   Thumb Code    12  vl53l0x_api_core.o(i.VL53L0X_decode_timeout)
    VL53L0X_decode_vcsel_period              0x08006fb5   Thumb Code     8  vl53l0x_api_core.o(i.VL53L0X_decode_vcsel_period)
    VL53L0X_device_read_strobe               0x08006fbd   Thumb Code    70  vl53l0x_api_core.o(i.VL53L0X_device_read_strobe)
    VL53L0X_encode_timeout                   0x08007003   Thumb Code    30  vl53l0x_api_core.o(i.VL53L0X_encode_timeout)
    VL53L0X_encode_vcsel_period              0x08007021   Thumb Code    10  vl53l0x_api_core.o(i.VL53L0X_encode_vcsel_period)
    VL53L0X_get_info_from_device             0x0800702b   Thumb Code  1320  vl53l0x_api_core.o(i.VL53L0X_get_info_from_device)
    VL53L0X_get_measurement_timing_budget_micro_seconds 0x08007553   Thumb Code   196  vl53l0x_api_core.o(i.VL53L0X_get_measurement_timing_budget_micro_seconds)
    VL53L0X_get_offset_calibration_data_micro_meter 0x08007617   Thumb Code    52  vl53l0x_api_calibration.o(i.VL53L0X_get_offset_calibration_data_micro_meter)
    VL53L0X_get_pal_range_status             0x0800764d   Thumb Code   478  vl53l0x_api_core.o(i.VL53L0X_get_pal_range_status)
    VL53L0X_get_total_signal_rate            0x0800782b   Thumb Code    28  vl53l0x_api_core.o(i.VL53L0X_get_total_signal_rate)
    VL53L0X_get_total_xtalk_rate             0x08007847   Thumb Code    46  vl53l0x_api_core.o(i.VL53L0X_get_total_xtalk_rate)
    VL53L0X_get_vcsel_pulse_period           0x08007875   Thumb Code    48  vl53l0x_api_core.o(i.VL53L0X_get_vcsel_pulse_period)
    VL53L0X_isqrt                            0x080078a5   Thumb Code    42  vl53l0x_api_core.o(i.VL53L0X_isqrt)
    VL53L0X_load_tuning_settings             0x080078d1   Thumb Code   164  vl53l0x_api_core.o(i.VL53L0X_load_tuning_settings)
    VL53L0X_measurement_poll_for_completion  0x08007975   Thumb Code    50  vl53l0x_api_core.o(i.VL53L0X_measurement_poll_for_completion)
    VL53L0X_perform_phase_calibration        0x080079a7   Thumb Code   116  vl53l0x_api_calibration.o(i.VL53L0X_perform_phase_calibration)
    VL53L0X_perform_ref_calibration          0x08007a1b   Thumb Code    64  vl53l0x_api_calibration.o(i.VL53L0X_perform_ref_calibration)
    VL53L0X_perform_ref_spad_management      0x08007a5b   Thumb Code   540  vl53l0x_api_calibration.o(i.VL53L0X_perform_ref_spad_management)
    VL53L0X_perform_single_ref_calibration   0x08007c77   Thumb Code    56  vl53l0x_api_calibration.o(i.VL53L0X_perform_single_ref_calibration)
    VL53L0X_perform_vhv_calibration          0x08007caf   Thumb Code   116  vl53l0x_api_calibration.o(i.VL53L0X_perform_vhv_calibration)
    VL53L0X_ref_calibration_io               0x08007d23   Thumb Code   178  vl53l0x_api_calibration.o(i.VL53L0X_ref_calibration_io)
    VL53L0X_set_measurement_timing_budget_micro_seconds 0x08007dd5   Thumb Code   194  vl53l0x_api_core.o(i.VL53L0X_set_measurement_timing_budget_micro_seconds)
    VL53L0X_set_reference_spads              0x08007e97   Thumb Code   166  vl53l0x_api_calibration.o(i.VL53L0X_set_reference_spads)
    VL53L0X_set_vcsel_pulse_period           0x08007f3d   Thumb Code   544  vl53l0x_api_core.o(i.VL53L0X_set_vcsel_pulse_period)
    _I2CRead                                 0x0800815d   Thumb Code    32  vl53l0x_platform.o(i._I2CRead)
    _I2CWrite                                0x0800817d   Thumb Code    28  vl53l0x_platform.o(i._I2CWrite)
    __hardfp___mathlib_tofloat               0x080081b9   Thumb Code   232  narrow.o(i.__hardfp___mathlib_tofloat)
    __hardfp_ldexp                           0x080082b1   Thumb Code   200  ldexp.o(i.__hardfp_ldexp)
    __mathlib_dbl_overflow                   0x08008381   Thumb Code    24  dunder.o(i.__mathlib_dbl_overflow)
    __mathlib_dbl_underflow                  0x080083a1   Thumb Code    24  dunder.o(i.__mathlib_dbl_underflow)
    __mathlib_narrow                         0x080083c1   Thumb Code    18  narrow.o(i.__mathlib_narrow)
    __support_ldexp                          0x080083d3   Thumb Code    20  ldexp.o(i.__support_ldexp)
    _is_digit                                0x080083e7   Thumb Code    14  scanf_fp.o(i._is_digit)
    enable_ref_spads                         0x080083f5   Thumb Code   148  vl53l0x_api_calibration.o(i.enable_ref_spads)
    enable_spad_bit                          0x08008489   Thumb Code    42  vl53l0x_api_calibration.o(i.enable_spad_bit)
    frexp                                    0x080084b9   Thumb Code   118  frexp.o(i.frexp)
    get_next_good_spad                       0x08008545   Thumb Code    92  vl53l0x_api_calibration.o(i.get_next_good_spad)
    get_ref_spad_map                         0x080085a1   Thumb Code    10  vl53l0x_api_calibration.o(i.get_ref_spad_map)
    get_sequence_step_timeout                0x080085ab   Thumb Code   242  vl53l0x_api_core.o(i.get_sequence_step_timeout)
    handle                                   0x0800869d   Thumb Code    46  aml_mpusensor.o(i.handle)
    is_aperture                              0x080086d9   Thumb Code    20  vl53l0x_api_calibration.o(i.is_aperture)
    main                                     0x080086f1   Thumb Code   286  main.o(i.main)
    perform_ref_signal_measurement           0x08008831   Thumb Code   100  vl53l0x_api_calibration.o(i.perform_ref_signal_measurement)
    sequence_step_enabled                    0x08008895   Thumb Code    56  vl53l0x_api.o(i.sequence_step_enabled)
    set_ref_spad_map                         0x080088cd   Thumb Code    10  vl53l0x_api_calibration.o(i.set_ref_spad_map)
    set_sequence_step_timeout                0x080088d7   Thumb Code   260  vl53l0x_api_core.o(i.set_sequence_step_timeout)
    _get_lc_numeric                          0x080089dd   Thumb Code    44  lc_numeric_c.o(locale$$code)
    _get_lc_ctype                            0x08008a09   Thumb Code    44  lc_ctype_c.o(locale$$code)
    __aeabi_dneg                             0x08008a35   Thumb Code     0  basic.o(x$fpl$basic)
    _dneg                                    0x08008a35   Thumb Code     6  basic.o(x$fpl$basic)
    __aeabi_fneg                             0x08008a3b   Thumb Code     0  basic.o(x$fpl$basic)
    _fneg                                    0x08008a3b   Thumb Code     6  basic.o(x$fpl$basic)
    _dabs                                    0x08008a41   Thumb Code     6  basic.o(x$fpl$basic)
    _fabs                                    0x08008a47   Thumb Code     6  basic.o(x$fpl$basic)
    __aeabi_d2f                              0x08008a4d   Thumb Code     0  d2f.o(x$fpl$d2f)
    _d2f                                     0x08008a4d   Thumb Code    98  d2f.o(x$fpl$d2f)
    __aeabi_dadd                             0x08008ab1   Thumb Code     0  daddsub_clz.o(x$fpl$dadd)
    _dadd                                    0x08008ab1   Thumb Code   332  daddsub_clz.o(x$fpl$dadd)
    __fpl_dcheck_NaN1                        0x08008c01   Thumb Code    10  dcheck1.o(x$fpl$dcheck1)
    __fpl_dcmp_Inf                           0x08008c11   Thumb Code    24  dcmpi.o(x$fpl$dcmpinf)
    __aeabi_ddiv                             0x08008c29   Thumb Code     0  ddiv.o(x$fpl$ddiv)
    _ddiv                                    0x08008c29   Thumb Code   552  ddiv.o(x$fpl$ddiv)
    __aeabi_cdcmpeq                          0x08008ed9   Thumb Code     0  deqf.o(x$fpl$deqf)
    _dcmpeq                                  0x08008ed9   Thumb Code   120  deqf.o(x$fpl$deqf)
    __aeabi_d2iz                             0x08008f51   Thumb Code     0  dfix.o(x$fpl$dfix)
    _dfix                                    0x08008f51   Thumb Code    94  dfix.o(x$fpl$dfix)
    __aeabi_i2d                              0x08008faf   Thumb Code     0  dflt_clz.o(x$fpl$dflt)
    _dflt                                    0x08008faf   Thumb Code    46  dflt_clz.o(x$fpl$dflt)
    __aeabi_ui2d                             0x08008fdd   Thumb Code     0  dflt_clz.o(x$fpl$dfltu)
    _dfltu                                   0x08008fdd   Thumb Code    38  dflt_clz.o(x$fpl$dfltu)
    __aeabi_cdcmple                          0x08009005   Thumb Code     0  dleqf.o(x$fpl$dleqf)
    _dcmple                                  0x08009005   Thumb Code   120  dleqf.o(x$fpl$dleqf)
    __fpl_dcmple_InfNaN                      0x08009067   Thumb Code     0  dleqf.o(x$fpl$dleqf)
    __aeabi_dmul                             0x0800907d   Thumb Code     0  dmul.o(x$fpl$dmul)
    _dmul                                    0x0800907d   Thumb Code   332  dmul.o(x$fpl$dmul)
    __fpl_dnaninf                            0x080091d1   Thumb Code   156  dnaninf.o(x$fpl$dnaninf)
    __fpl_dretinf                            0x0800926d   Thumb Code    12  dretinf.o(x$fpl$dretinf)
    __aeabi_cdrcmple                         0x08009279   Thumb Code     0  drleqf.o(x$fpl$drleqf)
    _drcmple                                 0x08009279   Thumb Code   108  drleqf.o(x$fpl$drleqf)
    __aeabi_drsub                            0x080092e5   Thumb Code     0  daddsub_clz.o(x$fpl$drsb)
    _drsb                                    0x080092e5   Thumb Code    22  daddsub_clz.o(x$fpl$drsb)
    __aeabi_dsub                             0x080092fd   Thumb Code     0  daddsub_clz.o(x$fpl$dsub)
    _dsub                                    0x080092fd   Thumb Code   464  daddsub_clz.o(x$fpl$dsub)
    _fp_init                                 0x080094d1   Thumb Code    10  fpinit.o(x$fpl$fpinit)
    __fplib_config_fpu_vfp                   0x080094d9   Thumb Code     0  fpinit.o(x$fpl$fpinit)
    __fplib_config_pureend_doubles           0x080094d9   Thumb Code     0  fpinit.o(x$fpl$fpinit)
    __fpl_fretinf                            0x080094db   Thumb Code    10  fretinf.o(x$fpl$fretinf)
    __ieee_status                            0x080094e5   Thumb Code     6  istatus.o(x$fpl$ieeestatus)
    __fpl_return_NaN                         0x080094eb   Thumb Code   100  retnan.o(x$fpl$retnan)
    __ARM_scalbn                             0x0800954f   Thumb Code    92  scalbn.o(x$fpl$scalbn)
    _scanf_real                              0x080095ab   Thumb Code     4  scanf1.o(x$fpl$scanf1)
    _scanf_hex_real                          0x080095af   Thumb Code     4  scanf2.o(x$fpl$scanf2)
    _scanf_infnan                            0x080095b3   Thumb Code     4  scanf2.o(x$fpl$scanf2)
    __fpl_cmpreturn                          0x080095b7   Thumb Code    48  trapv.o(x$fpl$trapveneer)
    __I$use$fp                               0x080095e6   Number         0  usenofp.o(x$fpl$usenofp)
    AHBPrescTable                            0x080095ee   Data          16  system_stm32f4xx.o(.constdata)
    APBPrescTable                            0x080095fe   Data           8  system_stm32f4xx.o(.constdata)
    Region$$Table$$Base                      0x0800969c   Number         0  anon$$obj.o(Region$$Table)
    Region$$Table$$Limit                     0x080096bc   Number         0  anon$$obj.o(Region$$Table)
    __aeabi_HUGE_VAL                         0x080096bc   Data           0  fpconst.o(c$$dinf)
    __aeabi_HUGE_VALL                        0x080096bc   Data           0  fpconst.o(c$$dinf)
    __aeabi_INFINITY                         0x080096bc   Data           0  fpconst.o(c$$dinf)
    __dInf                                   0x080096bc   Data           0  fpconst.o(c$$dinf)
    __huge_val                               0x080096bc   Data           0  fpconst.o(c$$dinf)
    __dbl_max                                0x080096c4   Data           0  fpconst.o(c$$dmax)
    __ctype                                  0x080096f5   Data           0  lc_ctype_c.o(locale$$data)
    ButtonPressed                            0x20000000   Data           1  main.o(.data)
    ReadButton                               0x20000001   Data           1  main.o(.data)
    algorithm                                0x20000004   Data           4  main.o(.data)
    Led                                      0x20000008   Data          16  aml_debugdevice.o(.data)
    Button                                   0x20000018   Data          10  aml_keyboard.o(.data)
    isApertureSpads                          0x20000024   Data           1  aml_lasersensor.o(.data)
    VhvSettings                              0x20000025   Data           1  aml_lasersensor.o(.data)
    PhaseCal                                 0x20000026   Data           1  aml_lasersensor.o(.data)
    refSpadCount                             0x20000028   Data           4  aml_lasersensor.o(.data)
    LaserSensorAddress                       0x2000002c   Data           5  aml_lasersensor.o(.data)
    direction                                0x20000038   Data           1  aml_motorcontrol.o(.data)
    MinLeftWallDistance                      0x2000003a   Data           2  aml_motorcontrol.o(.data)
    MaxLeftWallDistance                      0x2000003c   Data           2  aml_motorcontrol.o(.data)
    MinRightWallDistance                     0x2000003e   Data           2  aml_motorcontrol.o(.data)
    MaxRightWallDistance                     0x20000040   Data           2  aml_motorcontrol.o(.data)
    MinFrontWallDistance                     0x20000042   Data           2  aml_motorcontrol.o(.data)
    MouseSpeed                               0x20000044   Data           4  aml_motorcontrol.o(.data)
    Speed_Kp_Left                            0x20000048   Data           8  aml_motorcontrol.o(.data)
    Speed_Ki_Left                            0x20000050   Data           8  aml_motorcontrol.o(.data)
    Speed_Kd_Left                            0x20000058   Data           8  aml_motorcontrol.o(.data)
    Speed_Kp_Right                           0x20000060   Data           8  aml_motorcontrol.o(.data)
    Speed_Ki_Right                           0x20000068   Data           8  aml_motorcontrol.o(.data)
    Speed_Kd_Right                           0x20000070   Data           8  aml_motorcontrol.o(.data)
    Position_Kp                              0x20000078   Data           8  aml_motorcontrol.o(.data)
    Position_Ki                              0x20000080   Data           8  aml_motorcontrol.o(.data)
    Position_Kd                              0x20000088   Data           8  aml_motorcontrol.o(.data)
    WallFollow_Kp                            0x20000090   Data           8  aml_motorcontrol.o(.data)
    WallFollow_Ki                            0x20000098   Data           8  aml_motorcontrol.o(.data)
    WallFollow_Kd                            0x200000a0   Data           8  aml_motorcontrol.o(.data)
    MinRotateSpeed                           0x200000a8   Data           8  aml_motorcontrol.o(.data)
    MaxRotateSpeed                           0x200000b0   Data           8  aml_motorcontrol.o(.data)
    TurnLeft_Kp                              0x200000b8   Data           8  aml_motorcontrol.o(.data)
    TurnLeft_Ki                              0x200000c0   Data           8  aml_motorcontrol.o(.data)
    TurnLeft_Kd                              0x200000c8   Data           8  aml_motorcontrol.o(.data)
    TurnRight_Kp                             0x200000d0   Data           8  aml_motorcontrol.o(.data)
    TurnRight_Ki                             0x200000d8   Data           8  aml_motorcontrol.o(.data)
    TurnRight_Kd                             0x200000e0   Data           8  aml_motorcontrol.o(.data)
    OutputMin                                0x200000e8   Data           8  aml_motorcontrol.o(.data)
    OutputMax                                0x200000f0   Data           8  aml_motorcontrol.o(.data)
    Input_Left                               0x200000f8   Data           8  aml_motorcontrol.o(.data)
    Output_Left                              0x20000100   Data           8  aml_motorcontrol.o(.data)
    Setpoint_Left                            0x20000108   Data           8  aml_motorcontrol.o(.data)
    Input_Right                              0x20000110   Data           8  aml_motorcontrol.o(.data)
    Output_Right                             0x20000118   Data           8  aml_motorcontrol.o(.data)
    Setpoint_Right                           0x20000120   Data           8  aml_motorcontrol.o(.data)
    SetpointDistance                         0x20000128   Data           8  aml_motorcontrol.o(.data)
    LeftWallDistance                         0x20000130   Data           8  aml_motorcontrol.o(.data)
    RightWallDistance                        0x20000138   Data           8  aml_motorcontrol.o(.data)
    Input_TurnLeft                           0x20000140   Data           8  aml_motorcontrol.o(.data)
    Output_TurnLeft                          0x20000148   Data           8  aml_motorcontrol.o(.data)
    Setpoint_TurnLeft                        0x20000150   Data           8  aml_motorcontrol.o(.data)
    Input_TurnRight                          0x20000158   Data           8  aml_motorcontrol.o(.data)
    Output_TurnRight                         0x20000160   Data           8  aml_motorcontrol.o(.data)
    Setpoint_TurnRight                       0x20000168   Data           8  aml_motorcontrol.o(.data)
    buffer                                   0x20000170   Data           1  aml_mpusensor.o(.data)
    ResetCommand                             0x20000171   Data           3  aml_mpusensor.o(.data)
    PreviousAngle                            0x20000178   Data           8  aml_mpusensor.o(.data)
    SaveAngle                                0x20000180   Data           8  aml_mpusensor.o(.data)
    Angle                                    0x20000188   Data           8  aml_mpusensor.o(.data)
    RemoteBuffer                             0x20000190   Data           1  aml_remote.o(.data)
    RemoteIndex                              0x20000191   Data           1  aml_remote.o(.data)
    ki                                       0x20000198   Data           8  aml_remote.o(.data)
    kp                                       0x200001a0   Data           8  aml_remote.o(.data)
    kd                                       0x200001a8   Data           8  aml_remote.o(.data)
    DefaultTuningSettings                    0x200001b0   Data         243  vl53l0x_api.o(.data)
    InterruptThresholdSettings               0x200002a3   Data         438  vl53l0x_api.o(.data)
    refArrayQuadrants                        0x2000045c   Data          16  vl53l0x_api_calibration.o(.data)
    uwTickFreq                               0x2000046c   Data           1  stm32f4xx_hal.o(.data)
    uwTickPrio                               0x20000470   Data           4  stm32f4xx_hal.o(.data)
    uwTick                                   0x20000474   Data           4  stm32f4xx_hal.o(.data)
    SystemCoreClock                          0x20000478   Data           4  system_stm32f4xx.o(.data)
    hi2c1                                    0x2000047c   Data          84  main.o(.bss)
    htim1                                    0x200004d0   Data          72  main.o(.bss)
    htim2                                    0x20000518   Data          72  main.o(.bss)
    htim4                                    0x20000560   Data          72  main.o(.bss)
    htim9                                    0x200005a8   Data          72  main.o(.bss)
    huart3                                   0x200005f0   Data          68  main.o(.bss)
    huart6                                   0x20000634   Data          68  main.o(.bss)
    distances                                0x20000678   Data        1024  main.o(.bss)
    cell_walls_info                          0x20000a78   Data        1280  main.o(.bss)
    update_stack                             0x20000f78   Data        2052  main.o(.bss)
    hdma_usart3_rx                           0x2000177c   Data          96  main.o(.bss)
    debug                                    0x200017dc   Data         200  main.o(.bss)
    KalmanFilter                             0x200018a4   Data         120  aml_lasersensor.o(.bss)
    SensorValue                              0x2000191c   Data         196  aml_lasersensor.o(.bss)
    Dev_Val                                  0x200019e0   Data        2744  aml_lasersensor.o(.bss)
    Laser                                    0x20002498   Data          28  aml_lasersensor.o(.bss)
    PID_SpeedLeft                            0x200024b8   Data         112  aml_motorcontrol.o(.bss)
    PID_SpeedRight                           0x20002528   Data         112  aml_motorcontrol.o(.bss)
    PID_PositionLeft                         0x20002598   Data         112  aml_motorcontrol.o(.bss)
    PID_PositionRight                        0x20002608   Data         112  aml_motorcontrol.o(.bss)
    PID_LeftWallFollow                       0x20002678   Data         112  aml_motorcontrol.o(.bss)
    PID_RightWallFollow                      0x200026e8   Data         112  aml_motorcontrol.o(.bss)
    PID_TurnLeft                             0x20002758   Data         112  aml_motorcontrol.o(.bss)
    PID_TurnRight                            0x200027c8   Data         112  aml_motorcontrol.o(.bss)
    MPUData                                  0x20002838   Data          70  aml_mpusensor.o(.bss)
    RemoteData                               0x2000287e   Data          48  aml_remote.o(.bss)
    _I2CBuffer                               0x200028ae   Data          64  vl53l0x_platform.o(.bss)
    __libspace_start                         0x200028f0   Data          96  libspace.o(.bss)
    __temporary_stack_top$libspace           0x20002950   Data           0  libspace.o(.bss)



==============================================================================

Memory Map of the image

  Image Entry point : 0x08000189

  Load Region LR_IROM1 (Base: 0x08000000, Size: 0x00009c74, Max: 0x00080000, ABSOLUTE, COMPRESSED[0x00009af4])

    Execution Region ER_IROM1 (Exec base: 0x08000000, Load base: 0x08000000, Size: 0x000097f8, Max: 0x00080000, ABSOLUTE)

    Exec Addr    Load Addr    Size         Type   Attr      Idx    E Section Name        Object

    0x08000000   0x08000000   0x00000188   Data   RO            3    RESET               startup_stm32f407xx.o
    0x08000188   0x08000188   0x00000008   Code   RO         5370  * !!!main             c_w.l(__main.o)
    0x08000190   0x08000190   0x00000034   Code   RO         5714    !!!scatter          c_w.l(__scatter.o)
    0x080001c4   0x080001c4   0x0000005a   Code   RO         5712    !!dczerorl2         c_w.l(__dczerorl2.o)
    0x0800021e   0x0800021e   0x00000002   PAD
    0x08000220   0x08000220   0x0000001c   Code   RO         5716    !!handler_zi        c_w.l(__scatter_zi.o)
    0x0800023c   0x0800023c   0x00000002   Code   RO         5527    .ARM.Collect$$libinit$$00000000  c_w.l(libinit.o)
    0x0800023e   0x0800023e   0x00000004   Code   RO         5528    .ARM.Collect$$libinit$$00000001  c_w.l(libinit2.o)
    0x08000242   0x08000242   0x00000000   Code   RO         5531    .ARM.Collect$$libinit$$00000004  c_w.l(libinit2.o)
    0x08000242   0x08000242   0x00000000   Code   RO         5534    .ARM.Collect$$libinit$$0000000A  c_w.l(libinit2.o)
    0x08000242   0x08000242   0x00000000   Code   RO         5536    .ARM.Collect$$libinit$$0000000C  c_w.l(libinit2.o)
    0x08000242   0x08000242   0x00000000   Code   RO         5538    .ARM.Collect$$libinit$$0000000E  c_w.l(libinit2.o)
    0x08000242   0x08000242   0x00000006   Code   RO         5539    .ARM.Collect$$libinit$$0000000F  c_w.l(libinit2.o)
    0x08000248   0x08000248   0x00000000   Code   RO         5541    .ARM.Collect$$libinit$$00000011  c_w.l(libinit2.o)
    0x08000248   0x08000248   0x0000000c   Code   RO         5542    .ARM.Collect$$libinit$$00000012  c_w.l(libinit2.o)
    0x08000254   0x08000254   0x00000000   Code   RO         5543    .ARM.Collect$$libinit$$00000013  c_w.l(libinit2.o)
    0x08000254   0x08000254   0x00000000   Code   RO         5545    .ARM.Collect$$libinit$$00000015  c_w.l(libinit2.o)
    0x08000254   0x08000254   0x0000000a   Code   RO         5546    .ARM.Collect$$libinit$$00000016  c_w.l(libinit2.o)
    0x0800025e   0x0800025e   0x00000000   Code   RO         5547    .ARM.Collect$$libinit$$00000017  c_w.l(libinit2.o)
    0x0800025e   0x0800025e   0x00000000   Code   RO         5549    .ARM.Collect$$libinit$$00000019  c_w.l(libinit2.o)
    0x0800025e   0x0800025e   0x00000000   Code   RO         5551    .ARM.Collect$$libinit$$0000001B  c_w.l(libinit2.o)
    0x0800025e   0x0800025e   0x00000000   Code   RO         5553    .ARM.Collect$$libinit$$0000001D  c_w.l(libinit2.o)
    0x0800025e   0x0800025e   0x00000000   Code   RO         5555    .ARM.Collect$$libinit$$0000001F  c_w.l(libinit2.o)
    0x0800025e   0x0800025e   0x00000000   Code   RO         5557    .ARM.Collect$$libinit$$00000021  c_w.l(libinit2.o)
    0x0800025e   0x0800025e   0x00000000   Code   RO         5559    .ARM.Collect$$libinit$$00000023  c_w.l(libinit2.o)
    0x0800025e   0x0800025e   0x00000000   Code   RO         5561    .ARM.Collect$$libinit$$00000025  c_w.l(libinit2.o)
    0x0800025e   0x0800025e   0x00000000   Code   RO         5565    .ARM.Collect$$libinit$$0000002C  c_w.l(libinit2.o)
    0x0800025e   0x0800025e   0x00000000   Code   RO         5567    .ARM.Collect$$libinit$$0000002E  c_w.l(libinit2.o)
    0x0800025e   0x0800025e   0x00000000   Code   RO         5569    .ARM.Collect$$libinit$$00000030  c_w.l(libinit2.o)
    0x0800025e   0x0800025e   0x00000000   Code   RO         5571    .ARM.Collect$$libinit$$00000032  c_w.l(libinit2.o)
    0x0800025e   0x0800025e   0x00000002   Code   RO         5572    .ARM.Collect$$libinit$$00000033  c_w.l(libinit2.o)
    0x08000260   0x08000260   0x00000002   Code   RO         5671    .ARM.Collect$$libshutdown$$00000000  c_w.l(libshutdown.o)
    0x08000262   0x08000262   0x00000000   Code   RO         5691    .ARM.Collect$$libshutdown$$00000002  c_w.l(libshutdown2.o)
    0x08000262   0x08000262   0x00000000   Code   RO         5693    .ARM.Collect$$libshutdown$$00000004  c_w.l(libshutdown2.o)
    0x08000262   0x08000262   0x00000000   Code   RO         5696    .ARM.Collect$$libshutdown$$00000007  c_w.l(libshutdown2.o)
    0x08000262   0x08000262   0x00000000   Code   RO         5699    .ARM.Collect$$libshutdown$$0000000A  c_w.l(libshutdown2.o)
    0x08000262   0x08000262   0x00000000   Code   RO         5701    .ARM.Collect$$libshutdown$$0000000C  c_w.l(libshutdown2.o)
    0x08000262   0x08000262   0x00000000   Code   RO         5704    .ARM.Collect$$libshutdown$$0000000F  c_w.l(libshutdown2.o)
    0x08000262   0x08000262   0x00000002   Code   RO         5705    .ARM.Collect$$libshutdown$$00000010  c_w.l(libshutdown2.o)
    0x08000264   0x08000264   0x00000000   Code   RO         5402    .ARM.Collect$$rtentry$$00000000  c_w.l(__rtentry.o)
    0x08000264   0x08000264   0x00000000   Code   RO         5423    .ARM.Collect$$rtentry$$00000002  c_w.l(__rtentry2.o)
    0x08000264   0x08000264   0x00000006   Code   RO         5435    .ARM.Collect$$rtentry$$00000004  c_w.l(__rtentry4.o)
    0x0800026a   0x0800026a   0x00000000   Code   RO         5425    .ARM.Collect$$rtentry$$00000009  c_w.l(__rtentry2.o)
    0x0800026a   0x0800026a   0x00000004   Code   RO         5426    .ARM.Collect$$rtentry$$0000000A  c_w.l(__rtentry2.o)
    0x0800026e   0x0800026e   0x00000000   Code   RO         5428    .ARM.Collect$$rtentry$$0000000C  c_w.l(__rtentry2.o)
    0x0800026e   0x0800026e   0x00000008   Code   RO         5429    .ARM.Collect$$rtentry$$0000000D  c_w.l(__rtentry2.o)
    0x08000276   0x08000276   0x00000002   Code   RO         5583    .ARM.Collect$$rtexit$$00000000  c_w.l(rtexit.o)
    0x08000278   0x08000278   0x00000000   Code   RO         5623    .ARM.Collect$$rtexit$$00000002  c_w.l(rtexit2.o)
    0x08000278   0x08000278   0x00000004   Code   RO         5624    .ARM.Collect$$rtexit$$00000003  c_w.l(rtexit2.o)
    0x0800027c   0x0800027c   0x00000006   Code   RO         5625    .ARM.Collect$$rtexit$$00000004  c_w.l(rtexit2.o)
    0x08000282   0x08000282   0x00000002   PAD
    0x08000284   0x08000284   0x00000040   Code   RO            4    .text               startup_stm32f407xx.o
    0x080002c4   0x080002c4   0x000000ee   Code   RO         5354    .text               c_w.l(lludivv7m.o)
    0x080003b2   0x080003b2   0x00000002   PAD
    0x080003b4   0x080003b4   0x0000003c   Code   RO         5356    .text               c_w.l(__0sscanf.o)
    0x080003f0   0x080003f0   0x00000048   Code   RO         5358    .text               c_w.l(strcpy.o)
    0x08000438   0x08000438   0x0000008a   Code   RO         5360    .text               c_w.l(rt_memcpy_v6.o)
    0x080004c2   0x080004c2   0x00000064   Code   RO         5362    .text               c_w.l(rt_memcpy_w.o)
    0x08000526   0x08000526   0x00000044   Code   RO         5364    .text               c_w.l(rt_memclr.o)
    0x0800056a   0x0800056a   0x0000004e   Code   RO         5366    .text               c_w.l(rt_memclr_w.o)
    0x080005b8   0x080005b8   0x00000006   Code   RO         5368    .text               c_w.l(heapauxi.o)
    0x080005be   0x080005be   0x00000002   PAD
    0x080005c0   0x080005c0   0x000004f8   Code   RO         5407    .text               c_w.l(scanf_fp.o)
    0x08000ab8   0x08000ab8   0x0000002c   Code   RO         5411    .text               c_w.l(scanf_char.o)
    0x08000ae4   0x08000ae4   0x00000040   Code   RO         5413    .text               c_w.l(_sgetc.o)
    0x08000b24   0x08000b24   0x00000008   Code   RO         5442    .text               c_w.l(rt_locale_intlibspace.o)
    0x08000b2c   0x08000b2c   0x00000008   Code   RO         5447    .text               c_w.l(rt_errno_addr_intlibspace.o)
    0x08000b34   0x08000b34   0x00000012   Code   RO         5449    .text               c_w.l(isspace.o)
    0x08000b46   0x08000b46   0x00000002   PAD
    0x08000b48   0x08000b48   0x00000374   Code   RO         5451    .text               c_w.l(_scanf.o)
    0x08000ebc   0x08000ebc   0x000000e4   Code   RO         5453    .text               c_w.l(bigflt0.o)
    0x08000fa0   0x08000fa0   0x00000008   Code   RO         5501    .text               c_w.l(libspace.o)
    0x08000fa8   0x08000fa8   0x0000004a   Code   RO         5504    .text               c_w.l(sys_stackheap_outer.o)
    0x08000ff2   0x08000ff2   0x00000002   PAD
    0x08000ff4   0x08000ff4   0x00000010   Code   RO         5506    .text               c_w.l(rt_ctype_table.o)
    0x08001004   0x08001004   0x00000016   Code   RO         5508    .text               c_w.l(_rserrno.o)
    0x0800101a   0x0800101a   0x00000002   PAD
    0x0800101c   0x0800101c   0x00000320   Code   RO         5510    .text               c_w.l(scanf_hexfp.o)
    0x0800133c   0x0800133c   0x00000134   Code   RO         5512    .text               c_w.l(scanf_infnan.o)
    0x08001470   0x08001470   0x00000012   Code   RO         5514    .text               c_w.l(exit.o)
    0x08001482   0x08001482   0x00000002   PAD
    0x08001484   0x08001484   0x00000080   Code   RO         5520    .text               c_w.l(strcmpv7m.o)
    0x08001504   0x08001504   0x00000026   Code   RO         5587    .text               c_w.l(llshl.o)
    0x0800152a   0x0800152a   0x0000001c   Code   RO         5589    .text               c_w.l(_chval.o)
    0x08001546   0x08001546   0x00000002   PAD
    0x08001548   0x08001548   0x0000000c   Code   RO         5620    .text               c_w.l(sys_exit.o)
    0x08001554   0x08001554   0x00000002   Code   RO         5658    .text               c_w.l(use_no_semi.o)
    0x08001556   0x08001556   0x00000000   Code   RO         5660    .text               c_w.l(indicate_semi.o)
    0x08001556   0x08001556   0x00000338   Code   RO         5466    CL$$btod_div_common  c_w.l(btod.o)
    0x0800188e   0x0800188e   0x00000002   PAD
    0x08001890   0x08001890   0x00000084   Code   RO         5464    CL$$btod_e2d        c_w.l(btod.o)
    0x08001914   0x08001914   0x000000dc   Code   RO         5463    CL$$btod_e2e        c_w.l(btod.o)
    0x080019f0   0x080019f0   0x0000002a   Code   RO         5460    CL$$btod_ediv       c_w.l(btod.o)
    0x08001a1a   0x08001a1a   0x0000002a   Code   RO         5462    CL$$btod_edivd      c_w.l(btod.o)
    0x08001a44   0x08001a44   0x0000002a   Code   RO         5459    CL$$btod_emul       c_w.l(btod.o)
    0x08001a6e   0x08001a6e   0x0000002a   Code   RO         5461    CL$$btod_emuld      c_w.l(btod.o)
    0x08001a98   0x08001a98   0x00000244   Code   RO         5465    CL$$btod_mult_common  c_w.l(btod.o)
    0x08001cdc   0x08001cdc   0x00000044   Code   RO          686    i.ABS               aml_motorcontrol.o
    0x08001d20   0x08001d20   0x00000038   Code   RO          487    i.AML_DebugDevice_BuzzerBeep  aml_debugdevice.o
    0x08001d58   0x08001d58   0x00000064   Code   RO          488    i.AML_DebugDevice_SetAllLED  aml_debugdevice.o
    0x08001dbc   0x08001dbc   0x00000018   Code   RO          491    i.AML_DebugDevice_TurnOffLED  aml_debugdevice.o
    0x08001dd4   0x08001dd4   0x00000018   Code   RO          492    i.AML_DebugDevice_TurnOnLED  aml_debugdevice.o
    0x08001dec   0x08001dec   0x00000020   Code   RO          548    i.AML_Encoder_Setup  aml_encoder.o
    0x08001e0c   0x08001e0c   0x000000b0   Code   RO          633    i.AML_LaserSensor_Init  aml_lasersensor.o
    0x08001ebc   0x08001ebc   0x00000050   Code   RO          635    i.AML_LaserSensor_ReadSingle  aml_lasersensor.o
    0x08001f0c   0x08001f0c   0x000001a0   Code   RO          636    i.AML_LaserSensor_Setup  aml_lasersensor.o
    0x080020ac   0x080020ac   0x00000024   Code   RO          899    i.AML_MPUSensor_GetAngle  aml_mpusensor.o
    0x080020d0   0x080020d0   0x00000054   Code   RO          900    i.AML_MPUSensor_ResetAngle  aml_mpusensor.o
    0x08002124   0x08002124   0x0000001c   Code   RO          901    i.AML_MPUSensor_Setup  aml_mpusensor.o
    0x08002140   0x08002140   0x00000028   Code   RO          687    i.AML_MotorControl_GoStraight  aml_motorcontrol.o
    0x08002168   0x08002168   0x00000098   Code   RO          688    i.AML_MotorControl_LeftPWM  aml_motorcontrol.o
    0x08002200   0x08002200   0x0000003c   Code   RO          689    i.AML_MotorControl_LeftStillTurn  aml_motorcontrol.o
    0x0800223c   0x0800223c   0x00000074   Code   RO          690    i.AML_MotorControl_LeftWallFollow  aml_motorcontrol.o
    0x080022b0   0x080022b0   0x00000060   Code   RO          692    i.AML_MotorControl_PIDSetMode  aml_motorcontrol.o
    0x08002310   0x08002310   0x00000084   Code   RO          693    i.AML_MotorControl_PIDSetOutputLimits  aml_motorcontrol.o
    0x08002394   0x08002394   0x00000028   Code   RO          694    i.AML_MotorControl_PIDSetSampleTime  aml_motorcontrol.o
    0x080023bc   0x080023bc   0x0000000c   Code   RO          695    i.AML_MotorControl_PIDSetTunnings  aml_motorcontrol.o
    0x080023c8   0x080023c8   0x00000174   Code   RO          696    i.AML_MotorControl_PIDSetup  aml_motorcontrol.o
    0x0800253c   0x0800253c   0x00000098   Code   RO          697    i.AML_MotorControl_RightPWM  aml_motorcontrol.o
    0x080025d4   0x080025d4   0x00000078   Code   RO          699    i.AML_MotorControl_RightWallFollow  aml_motorcontrol.o
    0x0800264c   0x0800264c   0x00000024   Code   RO          702    i.AML_MotorControl_SetLeftWallValue  aml_motorcontrol.o
    0x08002670   0x08002670   0x00000024   Code   RO          705    i.AML_MotorControl_SetRightWallValue  aml_motorcontrol.o
    0x08002694   0x08002694   0x00000034   Code   RO          706    i.AML_MotorControl_Setup  aml_motorcontrol.o
    0x080026c8   0x080026c8   0x00000050   Code   RO          707    i.AML_MotorControl_ShortBreak  aml_motorcontrol.o
    0x08002718   0x08002718   0x00000012   Code   RO          708    i.AML_MotorControl_Stop  aml_motorcontrol.o
    0x0800272a   0x0800272a   0x00000002   PAD
    0x0800272c   0x0800272c   0x000000c0   Code   RO          711    i.AML_MotorControl_TurnLeft90  aml_motorcontrol.o
    0x080027ec   0x080027ec   0x00000018   Code   RO          712    i.AML_MotorControl_TurnOffWallFollow  aml_motorcontrol.o
    0x08002804   0x08002804   0x00000018   Code   RO          713    i.AML_MotorControl_TurnOnWallFollow  aml_motorcontrol.o
    0x0800281c   0x0800281c   0x00000078   Code   RO          959    i.AML_Remote_Handle  aml_remote.o
    0x08002894   0x08002894   0x00000002   Code   RO          278    i.BusFault_Handler  stm32f4xx_it.o
    0x08002896   0x08002896   0x00000002   PAD
    0x08002898   0x08002898   0x0000000c   Code   RO          279    i.DMA1_Stream1_IRQHandler  stm32f4xx_it.o
    0x080028a4   0x080028a4   0x00000028   Code   RO         3314    i.DMA_CalcBaseAndBitshift  stm32f4xx_hal_dma.o
    0x080028cc   0x080028cc   0x00000054   Code   RO         3315    i.DMA_CheckFifoParam  stm32f4xx_hal_dma.o
    0x08002920   0x08002920   0x00000028   Code   RO         3316    i.DMA_SetConfig     stm32f4xx_hal_dma.o
    0x08002948   0x08002948   0x00000002   Code   RO          280    i.DebugMon_Handler  stm32f4xx_it.o
    0x0800294a   0x0800294a   0x00000006   Code   RO          281    i.EXTI1_IRQHandler  stm32f4xx_it.o
    0x08002950   0x08002950   0x00000006   Code   RO          282    i.EXTI2_IRQHandler  stm32f4xx_it.o
    0x08002956   0x08002956   0x00000006   Code   RO          283    i.EXTI3_IRQHandler  stm32f4xx_it.o
    0x0800295c   0x0800295c   0x00000006   Code   RO          284    i.EXTI4_IRQHandler  stm32f4xx_it.o
    0x08002962   0x08002962   0x00000006   Code   RO          285    i.EXTI9_5_IRQHandler  stm32f4xx_it.o
    0x08002968   0x08002968   0x00000004   Code   RO           13    i.Error_Handler     main.o
    0x0800296c   0x0800296c   0x00000092   Code   RO         3317    i.HAL_DMA_Abort     stm32f4xx_hal_dma.o
    0x080029fe   0x080029fe   0x00000024   Code   RO         3318    i.HAL_DMA_Abort_IT  stm32f4xx_hal_dma.o
    0x08002a22   0x08002a22   0x00000002   PAD
    0x08002a24   0x08002a24   0x000001a0   Code   RO         3322    i.HAL_DMA_IRQHandler  stm32f4xx_hal_dma.o
    0x08002bc4   0x08002bc4   0x000000d4   Code   RO         3323    i.HAL_DMA_Init      stm32f4xx_hal_dma.o
    0x08002c98   0x08002c98   0x0000006e   Code   RO         3327    i.HAL_DMA_Start_IT  stm32f4xx_hal_dma.o
    0x08002d06   0x08002d06   0x00000002   PAD
    0x08002d08   0x08002d08   0x00000024   Code   RO         3736    i.HAL_Delay         stm32f4xx_hal.o
    0x08002d2c   0x08002d2c   0x0000004c   Code   RO          595    i.HAL_GPIO_EXTI_Callback  aml_keyboard.o
    0x08002d78   0x08002d78   0x00000018   Code   RO         3209    i.HAL_GPIO_EXTI_IRQHandler  stm32f4xx_hal_gpio.o
    0x08002d90   0x08002d90   0x000001f0   Code   RO         3210    i.HAL_GPIO_Init     stm32f4xx_hal_gpio.o
    0x08002f80   0x08002f80   0x0000000a   Code   RO         3214    i.HAL_GPIO_WritePin  stm32f4xx_hal_gpio.o
    0x08002f8a   0x08002f8a   0x00000002   PAD
    0x08002f8c   0x08002f8c   0x0000000c   Code   RO         3742    i.HAL_GetTick       stm32f4xx_hal.o
    0x08002f98   0x08002f98   0x00000188   Code   RO         2416    i.HAL_I2C_Init      stm32f4xx_hal_i2c.o
    0x08003120   0x08003120   0x000001e0   Code   RO         2422    i.HAL_I2C_Master_Receive  stm32f4xx_hal_i2c.o
    0x08003300   0x08003300   0x0000012c   Code   RO         2429    i.HAL_I2C_Master_Transmit  stm32f4xx_hal_i2c.o
    0x0800342c   0x0800342c   0x0000006c   Code   RO          409    i.HAL_I2C_MspInit   stm32f4xx_hal_msp.o
    0x08003498   0x08003498   0x00000010   Code   RO         3748    i.HAL_IncTick       stm32f4xx_hal.o
    0x080034a8   0x080034a8   0x00000034   Code   RO         3749    i.HAL_Init          stm32f4xx_hal.o
    0x080034dc   0x080034dc   0x00000040   Code   RO         3750    i.HAL_InitTick      stm32f4xx_hal.o
    0x0800351c   0x0800351c   0x00000030   Code   RO          410    i.HAL_MspInit       stm32f4xx_hal_msp.o
    0x0800354c   0x0800354c   0x0000001a   Code   RO         3599    i.HAL_NVIC_EnableIRQ  stm32f4xx_hal_cortex.o
    0x08003566   0x08003566   0x00000002   PAD
    0x08003568   0x08003568   0x00000040   Code   RO         3605    i.HAL_NVIC_SetPriority  stm32f4xx_hal_cortex.o
    0x080035a8   0x080035a8   0x00000024   Code   RO         3606    i.HAL_NVIC_SetPriorityGrouping  stm32f4xx_hal_cortex.o
    0x080035cc   0x080035cc   0x00000134   Code   RO         2856    i.HAL_RCC_ClockConfig  stm32f4xx_hal_rcc.o
    0x08003700   0x08003700   0x00000020   Code   RO         2863    i.HAL_RCC_GetPCLK1Freq  stm32f4xx_hal_rcc.o
    0x08003720   0x08003720   0x00000020   Code   RO         2864    i.HAL_RCC_GetPCLK2Freq  stm32f4xx_hal_rcc.o
    0x08003740   0x08003740   0x00000064   Code   RO         2865    i.HAL_RCC_GetSysClockFreq  stm32f4xx_hal_rcc.o
    0x080037a4   0x080037a4   0x0000036c   Code   RO         2868    i.HAL_RCC_OscConfig  stm32f4xx_hal_rcc.o
    0x08003b10   0x08003b10   0x00000028   Code   RO         3610    i.HAL_SYSTICK_Config  stm32f4xx_hal_cortex.o
    0x08003b38   0x08003b38   0x00000002   Code   RO         4693    i.HAL_TIMEx_BreakCallback  stm32f4xx_hal_tim_ex.o
    0x08003b3a   0x08003b3a   0x00000002   Code   RO         4694    i.HAL_TIMEx_CommutCallback  stm32f4xx_hal_tim_ex.o
    0x08003b3c   0x08003b3c   0x00000090   Code   RO         4712    i.HAL_TIMEx_MasterConfigSynchronization  stm32f4xx_hal_tim_ex.o
    0x08003bcc   0x08003bcc   0x0000005a   Code   RO         3989    i.HAL_TIM_Base_Init  stm32f4xx_hal_tim.o
    0x08003c26   0x08003c26   0x00000002   PAD
    0x08003c28   0x08003c28   0x00000054   Code   RO          412    i.HAL_TIM_Base_MspInit  stm32f4xx_hal_msp.o
    0x08003c7c   0x08003c7c   0x00000078   Code   RO         3992    i.HAL_TIM_Base_Start  stm32f4xx_hal_tim.o
    0x08003cf4   0x08003cf4   0x00000080   Code   RO         3994    i.HAL_TIM_Base_Start_IT  stm32f4xx_hal_tim.o
    0x08003d74   0x08003d74   0x00000030   Code   RO         3997    i.HAL_TIM_Base_Stop_IT  stm32f4xx_hal_tim.o
    0x08003da4   0x08003da4   0x000000dc   Code   RO         3998    i.HAL_TIM_ConfigClockSource  stm32f4xx_hal_tim.o
    0x08003e80   0x08003e80   0x000000a4   Code   RO         4010    i.HAL_TIM_Encoder_Init  stm32f4xx_hal_tim.o
    0x08003f24   0x08003f24   0x000000ec   Code   RO          414    i.HAL_TIM_Encoder_MspInit  stm32f4xx_hal_msp.o
    0x08004010   0x08004010   0x0000008e   Code   RO         4013    i.HAL_TIM_Encoder_Start  stm32f4xx_hal_tim.o
    0x0800409e   0x0800409e   0x00000002   Code   RO         4023    i.HAL_TIM_IC_CaptureCallback  stm32f4xx_hal_tim.o
    0x080040a0   0x080040a0   0x00000166   Code   RO         4037    i.HAL_TIM_IRQHandler  stm32f4xx_hal_tim.o
    0x08004206   0x08004206   0x00000002   PAD
    0x08004208   0x08004208   0x00000050   Code   RO          415    i.HAL_TIM_MspPostInit  stm32f4xx_hal_msp.o
    0x08004258   0x08004258   0x00000002   Code   RO         4040    i.HAL_TIM_OC_DelayElapsedCallback  stm32f4xx_hal_tim.o
    0x0800425a   0x0800425a   0x000000cc   Code   RO         4061    i.HAL_TIM_PWM_ConfigChannel  stm32f4xx_hal_tim.o
    0x08004326   0x08004326   0x0000005a   Code   RO         4064    i.HAL_TIM_PWM_Init  stm32f4xx_hal_tim.o
    0x08004380   0x08004380   0x00000002   Code   RO         4066    i.HAL_TIM_PWM_MspInit  stm32f4xx_hal_tim.o
    0x08004382   0x08004382   0x00000002   Code   RO         4067    i.HAL_TIM_PWM_PulseFinishedCallback  stm32f4xx_hal_tim.o
    0x08004384   0x08004384   0x000000c8   Code   RO         4069    i.HAL_TIM_PWM_Start  stm32f4xx_hal_tim.o
    0x0800444c   0x0800444c   0x00000028   Code   RO          716    i.HAL_TIM_PeriodElapsedCallback  aml_motorcontrol.o
    0x08004474   0x08004474   0x00000002   Code   RO         4080    i.HAL_TIM_TriggerCallback  stm32f4xx_hal_tim.o
    0x08004476   0x08004476   0x00000002   Code   RO         4971    i.HAL_UARTEx_RxEventCallback  stm32f4xx_hal_uart.o
    0x08004478   0x08004478   0x00000070   Code   RO         4983    i.HAL_UART_DMAStop  stm32f4xx_hal_uart.o
    0x080044e8   0x080044e8   0x00000002   Code   RO         4985    i.HAL_UART_ErrorCallback  stm32f4xx_hal_uart.o
    0x080044ea   0x080044ea   0x00000002   PAD
    0x080044ec   0x080044ec   0x00000268   Code   RO         4988    i.HAL_UART_IRQHandler  stm32f4xx_hal_uart.o
    0x08004754   0x08004754   0x00000062   Code   RO         4989    i.HAL_UART_Init     stm32f4xx_hal_uart.o
    0x080047b6   0x080047b6   0x00000002   PAD
    0x080047b8   0x080047b8   0x00000104   Code   RO          417    i.HAL_UART_MspInit  stm32f4xx_hal_msp.o
    0x080048bc   0x080048bc   0x000000c0   Code   RO         4992    i.HAL_UART_Receive  stm32f4xx_hal_uart.o
    0x0800497c   0x0800497c   0x0000002a   Code   RO         4993    i.HAL_UART_Receive_DMA  stm32f4xx_hal_uart.o
    0x080049a6   0x080049a6   0x0000002a   Code   RO         4994    i.HAL_UART_Receive_IT  stm32f4xx_hal_uart.o
    0x080049d0   0x080049d0   0x00000104   Code   RO          902    i.HAL_UART_RxCpltCallback  aml_mpusensor.o
    0x08004ad4   0x08004ad4   0x00000002   Code   RO         4996    i.HAL_UART_RxHalfCpltCallback  stm32f4xx_hal_uart.o
    0x08004ad6   0x08004ad6   0x00000002   PAD
    0x08004ad8   0x08004ad8   0x000000b2   Code   RO         4997    i.HAL_UART_Transmit  stm32f4xx_hal_uart.o
    0x08004b8a   0x08004b8a   0x00000002   Code   RO         5000    i.HAL_UART_TxCpltCallback  stm32f4xx_hal_uart.o
    0x08004b8c   0x08004b8c   0x00000010   Code   RO          286    i.HardFault_Handler  stm32f4xx_it.o
    0x08004b9c   0x08004b9c   0x0000002e   Code   RO         2458    i.I2C_IsAcknowledgeFailed  stm32f4xx_hal_i2c.o
    0x08004bca   0x08004bca   0x00000002   PAD
    0x08004bcc   0x08004bcc   0x000000ec   Code   RO         2461    i.I2C_MasterRequestRead  stm32f4xx_hal_i2c.o
    0x08004cb8   0x08004cb8   0x0000009c   Code   RO         2462    i.I2C_MasterRequestWrite  stm32f4xx_hal_i2c.o
    0x08004d54   0x08004d54   0x0000004c   Code   RO         2473    i.I2C_WaitOnBTFFlagUntilTimeout  stm32f4xx_hal_i2c.o
    0x08004da0   0x08004da0   0x00000068   Code   RO         2474    i.I2C_WaitOnFlagUntilTimeout  stm32f4xx_hal_i2c.o
    0x08004e08   0x08004e08   0x00000096   Code   RO         2475    i.I2C_WaitOnMasterAddressFlagUntilTimeout  stm32f4xx_hal_i2c.o
    0x08004e9e   0x08004e9e   0x00000066   Code   RO         2476    i.I2C_WaitOnRXNEFlagUntilTimeout  stm32f4xx_hal_i2c.o
    0x08004f04   0x08004f04   0x0000004c   Code   RO         2477    i.I2C_WaitOnTXEFlagUntilTimeout  stm32f4xx_hal_i2c.o
    0x08004f50   0x08004f50   0x00000174   Code   RO           14    i.MX_GPIO_Init      main.o
    0x080050c4   0x080050c4   0x00000070   Code   RO           15    i.MX_TIM1_Init      main.o
    0x08005134   0x08005134   0x000000a8   Code   RO           16    i.MX_TIM2_Init      main.o
    0x080051dc   0x080051dc   0x00000070   Code   RO           17    i.MX_TIM4_Init      main.o
    0x0800524c   0x0800524c   0x00000050   Code   RO           18    i.MX_TIM9_Init      main.o
    0x0800529c   0x0800529c   0x00000002   Code   RO          287    i.MemManage_Handler  stm32f4xx_it.o
    0x0800529e   0x0800529e   0x00000002   Code   RO          288    i.NMI_Handler       stm32f4xx_it.o
    0x080052a0   0x080052a0   0x0000008c   Code   RO         1055    i.PID               pid.o
    0x0800532c   0x0800532c   0x00000164   Code   RO         1057    i.PID_Compute       pid.o
    0x08005490   0x08005490   0x00000050   Code   RO         1063    i.PID_Init          pid.o
    0x080054e0   0x080054e0   0x00000044   Code   RO         1064    i.PID_SetControllerDirection  pid.o
    0x08005524   0x08005524   0x0000001c   Code   RO         1065    i.PID_SetMode       pid.o
    0x08005540   0x08005540   0x000000b0   Code   RO         1066    i.PID_SetOutputLimits  pid.o
    0x080055f0   0x080055f0   0x000000ec   Code   RO         1069    i.PID_SetTunings2   pid.o
    0x080056dc   0x080056dc   0x00000002   Code   RO          289    i.PendSV_Handler    stm32f4xx_it.o
    0x080056de   0x080056de   0x00000002   Code   RO          290    i.SVC_Handler       stm32f4xx_it.o
    0x080056e0   0x080056e0   0x0000001c   Code   RO          993    i.SimpleKalmanFilter_Init  kalmanfilter.o
    0x080056fc   0x080056fc   0x0000004a   Code   RO          999    i.SimpleKalmanFilter_updateEstimate  kalmanfilter.o
    0x08005746   0x08005746   0x00000004   Code   RO          291    i.SysTick_Handler   stm32f4xx_it.o
    0x0800574a   0x0800574a   0x00000002   PAD
    0x0800574c   0x0800574c   0x00000094   Code   RO           21    i.SystemClock_Config  main.o
    0x080057e0   0x080057e0   0x00000010   Code   RO         5318    i.SystemInit        system_stm32f4xx.o
    0x080057f0   0x080057f0   0x0000001c   Code   RO          292    i.TIM1_BRK_TIM9_IRQHandler  stm32f4xx_it.o
    0x0800580c   0x0800580c   0x000000c8   Code   RO         4082    i.TIM_Base_SetConfig  stm32f4xx_hal_tim.o
    0x080058d4   0x080058d4   0x0000001a   Code   RO         4083    i.TIM_CCxChannelCmd  stm32f4xx_hal_tim.o
    0x080058ee   0x080058ee   0x00000014   Code   RO         4093    i.TIM_ETR_SetConfig  stm32f4xx_hal_tim.o
    0x08005902   0x08005902   0x00000010   Code   RO         4094    i.TIM_ITRx_SetConfig  stm32f4xx_hal_tim.o
    0x08005912   0x08005912   0x00000002   PAD
    0x08005914   0x08005914   0x00000060   Code   RO         4095    i.TIM_OC1_SetConfig  stm32f4xx_hal_tim.o
    0x08005974   0x08005974   0x0000006c   Code   RO         4096    i.TIM_OC2_SetConfig  stm32f4xx_hal_tim.o
    0x080059e0   0x080059e0   0x00000068   Code   RO         4097    i.TIM_OC3_SetConfig  stm32f4xx_hal_tim.o
    0x08005a48   0x08005a48   0x00000050   Code   RO         4098    i.TIM_OC4_SetConfig  stm32f4xx_hal_tim.o
    0x08005a98   0x08005a98   0x00000022   Code   RO         4100    i.TIM_TI1_ConfigInputStage  stm32f4xx_hal_tim.o
    0x08005aba   0x08005aba   0x00000024   Code   RO         4102    i.TIM_TI2_ConfigInputStage  stm32f4xx_hal_tim.o
    0x08005ade   0x08005ade   0x00000010   Code   RO         5002    i.UART_DMAAbortOnError  stm32f4xx_hal_uart.o
    0x08005aee   0x08005aee   0x0000004a   Code   RO         5003    i.UART_DMAError     stm32f4xx_hal_uart.o
    0x08005b38   0x08005b38   0x00000082   Code   RO         5004    i.UART_DMAReceiveCplt  stm32f4xx_hal_uart.o
    0x08005bba   0x08005bba   0x0000001a   Code   RO         5006    i.UART_DMARxHalfCplt  stm32f4xx_hal_uart.o
    0x08005bd4   0x08005bd4   0x0000004e   Code   RO         5012    i.UART_EndRxTransfer  stm32f4xx_hal_uart.o
    0x08005c22   0x08005c22   0x0000001c   Code   RO         5013    i.UART_EndTxTransfer  stm32f4xx_hal_uart.o
    0x08005c3e   0x08005c3e   0x000000c0   Code   RO         5014    i.UART_Receive_IT   stm32f4xx_hal_uart.o
    0x08005cfe   0x08005cfe   0x00000002   PAD
    0x08005d00   0x08005d00   0x0000010c   Code   RO         5015    i.UART_SetConfig    stm32f4xx_hal_uart.o
    0x08005e0c   0x08005e0c   0x00000094   Code   RO         5016    i.UART_Start_Receive_DMA  stm32f4xx_hal_uart.o
    0x08005ea0   0x08005ea0   0x0000003a   Code   RO         5017    i.UART_Start_Receive_IT  stm32f4xx_hal_uart.o
    0x08005eda   0x08005eda   0x00000078   Code   RO         5018    i.UART_WaitOnFlagUntilTimeout  stm32f4xx_hal_uart.o
    0x08005f52   0x08005f52   0x00000002   PAD
    0x08005f54   0x08005f54   0x0000000c   Code   RO          293    i.USART3_IRQHandler  stm32f4xx_it.o
    0x08005f60   0x08005f60   0x0000000c   Code   RO          294    i.USART6_IRQHandler  stm32f4xx_it.o
    0x08005f6c   0x08005f6c   0x00000002   Code   RO          295    i.UsageFault_Handler  stm32f4xx_it.o
    0x08005f6e   0x08005f6e   0x00000002   PAD
    0x08005f70   0x08005f70   0x0000007c   Code   RO         1169    i.VL53L0X_CheckAndLoadInterruptSettings  vl53l0x_api.o
    0x08005fec   0x08005fec   0x0000004c   Code   RO         1170    i.VL53L0X_ClearInterruptMask  vl53l0x_api.o
    0x08006038   0x08006038   0x0000013c   Code   RO         1171    i.VL53L0X_DataInit  vl53l0x_api.o
    0x08006174   0x08006174   0x00000080   Code   RO         1177    i.VL53L0X_GetDeviceParameters  vl53l0x_api.o
    0x080061f4   0x080061f4   0x0000001a   Code   RO         1179    i.VL53L0X_GetFractionEnable  vl53l0x_api.o
    0x0800620e   0x0800620e   0x00000036   Code   RO         1183    i.VL53L0X_GetInterMeasurementPeriodMilliSeconds  vl53l0x_api.o
    0x08006244   0x08006244   0x00000022   Code   RO         1184    i.VL53L0X_GetInterruptMaskStatus  vl53l0x_api.o
    0x08006266   0x08006266   0x00000034   Code   RO         1185    i.VL53L0X_GetInterruptThresholds  vl53l0x_api.o
    0x0800629a   0x0800629a   0x00000018   Code   RO         1187    i.VL53L0X_GetLimitCheckEnable  vl53l0x_api.o
    0x080062b2   0x080062b2   0x00000002   PAD
    0x080062b4   0x080062b4   0x0000007a   Code   RO         1190    i.VL53L0X_GetLimitCheckValue  vl53l0x_api.o
    0x0800632e   0x0800632e   0x0000003a   Code   RO         1193    i.VL53L0X_GetMeasurementDataReady  vl53l0x_api.o
    0x08006368   0x08006368   0x00000004   Code   RO         1195    i.VL53L0X_GetMeasurementTimingBudgetMicroSeconds  vl53l0x_api.o
    0x0800636c   0x0800636c   0x00000004   Code   RO         1199    i.VL53L0X_GetOffsetCalibrationDataMicroMeter  vl53l0x_api.o
    0x08006370   0x08006370   0x0000012c   Code   RO         1207    i.VL53L0X_GetRangingMeasurementData  vl53l0x_api.o
    0x0800649c   0x0800649c   0x00000072   Code   RO         1211    i.VL53L0X_GetSequenceStepEnables  vl53l0x_api.o
    0x0800650e   0x0800650e   0x00000036   Code   RO         1212    i.VL53L0X_GetSequenceStepTimeout  vl53l0x_api.o
    0x08006544   0x08006544   0x00000004   Code   RO         1220    i.VL53L0X_GetVcselPulsePeriod  vl53l0x_api.o
    0x08006548   0x08006548   0x0000002c   Code   RO         1222    i.VL53L0X_GetWrapAroundCheckEnable  vl53l0x_api.o
    0x08006574   0x08006574   0x0000000a   Code   RO         1223    i.VL53L0X_GetXTalkCompensationEnable  vl53l0x_api.o
    0x0800657e   0x0800657e   0x0000002c   Code   RO         1224    i.VL53L0X_GetXTalkCompensationRateMegaCps  vl53l0x_api.o
    0x080065aa   0x080065aa   0x00000006   Code   RO         1226    i.VL53L0X_PerformRefCalibration  vl53l0x_api.o
    0x080065b0   0x080065b0   0x00000004   Code   RO         1227    i.VL53L0X_PerformRefSpadManagement  vl53l0x_api.o
    0x080065b4   0x080065b4   0x00000022   Code   RO         1229    i.VL53L0X_PerformSingleMeasurement  vl53l0x_api.o
    0x080065d6   0x080065d6   0x00000034   Code   RO         1230    i.VL53L0X_PerformSingleRangingMeasurement  vl53l0x_api.o
    0x0800660a   0x0800660a   0x0000000e   Code   RO         2210    i.VL53L0X_PollingDelay  vl53l0x_platform.o
    0x08006618   0x08006618   0x00000028   Code   RO         2211    i.VL53L0X_RdByte    vl53l0x_platform.o
    0x08006640   0x08006640   0x00000048   Code   RO         2212    i.VL53L0X_RdDWord   vl53l0x_platform.o
    0x08006688   0x08006688   0x0000003c   Code   RO         2213    i.VL53L0X_RdWord    vl53l0x_platform.o
    0x080066c4   0x080066c4   0x00000030   Code   RO         2214    i.VL53L0X_ReadMulti  vl53l0x_platform.o
    0x080066f4   0x080066f4   0x00000008   Code   RO         1234    i.VL53L0X_SetDeviceAddress  vl53l0x_api.o
    0x080066fc   0x080066fc   0x00000024   Code   RO         1235    i.VL53L0X_SetDeviceMode  vl53l0x_api.o
    0x08006720   0x08006720   0x00000138   Code   RO         1238    i.VL53L0X_SetGpioConfig  vl53l0x_api.o
    0x08006858   0x08006858   0x00000082   Code   RO         1243    i.VL53L0X_SetLimitCheckEnable  vl53l0x_api.o
    0x080068da   0x080068da   0x00000050   Code   RO         1244    i.VL53L0X_SetLimitCheckValue  vl53l0x_api.o
    0x0800692a   0x0800692a   0x00000004   Code   RO         1246    i.VL53L0X_SetMeasurementTimingBudgetMicroSeconds  vl53l0x_api.o
    0x0800692e   0x0800692e   0x000000ae   Code   RO         1253    i.VL53L0X_SetSequenceStepEnable  vl53l0x_api.o
    0x080069dc   0x080069dc   0x00000004   Code   RO         1258    i.VL53L0X_SetVcselPulsePeriod  vl53l0x_api.o
    0x080069e0   0x080069e0   0x00000086   Code   RO         1262    i.VL53L0X_StartMeasurement  vl53l0x_api.o
    0x08006a66   0x08006a66   0x00000002   PAD
    0x08006a68   0x08006a68   0x00000174   Code   RO         1263    i.VL53L0X_StaticInit  vl53l0x_api.o
    0x08006bdc   0x08006bdc   0x0000002a   Code   RO         2215    i.VL53L0X_UpdateByte  vl53l0x_platform.o
    0x08006c06   0x08006c06   0x00000006   Code   RO         1265    i.VL53L0X_WaitDeviceBooted  vl53l0x_api.o
    0x08006c0c   0x08006c0c   0x00000024   Code   RO         2216    i.VL53L0X_WrByte    vl53l0x_platform.o
    0x08006c30   0x08006c30   0x00000028   Code   RO         2218    i.VL53L0X_WrWord    vl53l0x_platform.o
    0x08006c58   0x08006c58   0x00000038   Code   RO         2219    i.VL53L0X_WriteMulti  vl53l0x_platform.o
    0x08006c90   0x08006c90   0x000000d8   Code   RO         1943    i.VL53L0X_calc_dmax  vl53l0x_api_core.o
    0x08006d68   0x08006d68   0x00000010   Code   RO         1944    i.VL53L0X_calc_macro_period_ps  vl53l0x_api_core.o
    0x08006d78   0x08006d78   0x000001ec   Code   RO         1945    i.VL53L0X_calc_sigma_estimate  vl53l0x_api_core.o
    0x08006f64   0x08006f64   0x00000022   Code   RO         1946    i.VL53L0X_calc_timeout_mclks  vl53l0x_api_core.o
    0x08006f86   0x08006f86   0x00000022   Code   RO         1947    i.VL53L0X_calc_timeout_us  vl53l0x_api_core.o
    0x08006fa8   0x08006fa8   0x0000000c   Code   RO         1948    i.VL53L0X_decode_timeout  vl53l0x_api_core.o
    0x08006fb4   0x08006fb4   0x00000008   Code   RO         1949    i.VL53L0X_decode_vcsel_period  vl53l0x_api_core.o
    0x08006fbc   0x08006fbc   0x00000046   Code   RO         1950    i.VL53L0X_device_read_strobe  vl53l0x_api_core.o
    0x08007002   0x08007002   0x0000001e   Code   RO         1951    i.VL53L0X_encode_timeout  vl53l0x_api_core.o
    0x08007020   0x08007020   0x0000000a   Code   RO         1952    i.VL53L0X_encode_vcsel_period  vl53l0x_api_core.o
    0x0800702a   0x0800702a   0x00000528   Code   RO         1953    i.VL53L0X_get_info_from_device  vl53l0x_api_core.o
    0x08007552   0x08007552   0x000000c4   Code   RO         1954    i.VL53L0X_get_measurement_timing_budget_micro_seconds  vl53l0x_api_core.o
    0x08007616   0x08007616   0x00000034   Code   RO         1788    i.VL53L0X_get_offset_calibration_data_micro_meter  vl53l0x_api_calibration.o
    0x0800764a   0x0800764a   0x00000002   PAD
    0x0800764c   0x0800764c   0x000001de   Code   RO         1955    i.VL53L0X_get_pal_range_status  vl53l0x_api_core.o
    0x0800782a   0x0800782a   0x0000001c   Code   RO         1956    i.VL53L0X_get_total_signal_rate  vl53l0x_api_core.o
    0x08007846   0x08007846   0x0000002e   Code   RO         1957    i.VL53L0X_get_total_xtalk_rate  vl53l0x_api_core.o
    0x08007874   0x08007874   0x00000030   Code   RO         1958    i.VL53L0X_get_vcsel_pulse_period  vl53l0x_api_core.o
    0x080078a4   0x080078a4   0x0000002a   Code   RO         1959    i.VL53L0X_isqrt     vl53l0x_api_core.o
    0x080078ce   0x080078ce   0x00000002   PAD
    0x080078d0   0x080078d0   0x000000a4   Code   RO         1960    i.VL53L0X_load_tuning_settings  vl53l0x_api_core.o
    0x08007974   0x08007974   0x00000032   Code   RO         1961    i.VL53L0X_measurement_poll_for_completion  vl53l0x_api_core.o
    0x080079a6   0x080079a6   0x00000074   Code   RO         1792    i.VL53L0X_perform_phase_calibration  vl53l0x_api_calibration.o
    0x08007a1a   0x08007a1a   0x00000040   Code   RO         1793    i.VL53L0X_perform_ref_calibration  vl53l0x_api_calibration.o
    0x08007a5a   0x08007a5a   0x0000021c   Code   RO         1794    i.VL53L0X_perform_ref_spad_management  vl53l0x_api_calibration.o
    0x08007c76   0x08007c76   0x00000038   Code   RO         1795    i.VL53L0X_perform_single_ref_calibration  vl53l0x_api_calibration.o
    0x08007cae   0x08007cae   0x00000074   Code   RO         1796    i.VL53L0X_perform_vhv_calibration  vl53l0x_api_calibration.o
    0x08007d22   0x08007d22   0x000000b2   Code   RO         1798    i.VL53L0X_ref_calibration_io  vl53l0x_api_calibration.o
    0x08007dd4   0x08007dd4   0x000000c2   Code   RO         1964    i.VL53L0X_set_measurement_timing_budget_micro_seconds  vl53l0x_api_core.o
    0x08007e96   0x08007e96   0x000000a6   Code   RO         1801    i.VL53L0X_set_reference_spads  vl53l0x_api_calibration.o
    0x08007f3c   0x08007f3c   0x00000220   Code   RO         1965    i.VL53L0X_set_vcsel_pulse_period  vl53l0x_api_core.o
    0x0800815c   0x0800815c   0x00000020   Code   RO         2220    i._I2CRead          vl53l0x_platform.o
    0x0800817c   0x0800817c   0x0000001c   Code   RO         2221    i._I2CWrite         vl53l0x_platform.o
    0x08008198   0x08008198   0x00000020   Code   RO         3612    i.__NVIC_SetPriority  stm32f4xx_hal_cortex.o
    0x080081b8   0x080081b8   0x000000f8   Code   RO         5493    i.__hardfp___mathlib_tofloat  m_wm.l(narrow.o)
    0x080082b0   0x080082b0   0x000000d0   Code   RO         5604    i.__hardfp_ldexp    m_wm.l(ldexp.o)
    0x08008380   0x08008380   0x00000020   Code   RO         5643    i.__mathlib_dbl_overflow  m_wm.l(dunder.o)
    0x080083a0   0x080083a0   0x00000020   Code   RO         5645    i.__mathlib_dbl_underflow  m_wm.l(dunder.o)
    0x080083c0   0x080083c0   0x00000012   Code   RO         5494    i.__mathlib_narrow  m_wm.l(narrow.o)
    0x080083d2   0x080083d2   0x00000014   Code   RO         5606    i.__support_ldexp   m_wm.l(ldexp.o)
    0x080083e6   0x080083e6   0x0000000e   Code   RO         5409    i._is_digit         c_w.l(scanf_fp.o)
    0x080083f4   0x080083f4   0x00000094   Code   RO         1803    i.enable_ref_spads  vl53l0x_api_calibration.o
    0x08008488   0x08008488   0x0000002a   Code   RO         1804    i.enable_spad_bit   vl53l0x_api_calibration.o
    0x080084b2   0x080084b2   0x00000006   PAD
    0x080084b8   0x080084b8   0x0000008c   Code   RO         5579    i.frexp             m_wm.l(frexp.o)
    0x08008544   0x08008544   0x0000005c   Code   RO         1805    i.get_next_good_spad  vl53l0x_api_calibration.o
    0x080085a0   0x080085a0   0x0000000a   Code   RO         1806    i.get_ref_spad_map  vl53l0x_api_calibration.o
    0x080085aa   0x080085aa   0x000000f2   Code   RO         1966    i.get_sequence_step_timeout  vl53l0x_api_core.o
    0x0800869c   0x0800869c   0x0000003c   Code   RO          904    i.handle            aml_mpusensor.o
    0x080086d8   0x080086d8   0x00000018   Code   RO         1807    i.is_aperture       vl53l0x_api_calibration.o
    0x080086f0   0x080086f0   0x00000140   Code   RO           22    i.main              main.o
    0x08008830   0x08008830   0x00000064   Code   RO         1808    i.perform_ref_signal_measurement  vl53l0x_api_calibration.o
    0x08008894   0x08008894   0x00000038   Code   RO         1267    i.sequence_step_enabled  vl53l0x_api.o
    0x080088cc   0x080088cc   0x0000000a   Code   RO         1809    i.set_ref_spad_map  vl53l0x_api_calibration.o
    0x080088d6   0x080088d6   0x00000104   Code   RO         1967    i.set_sequence_step_timeout  vl53l0x_api_core.o
    0x080089da   0x080089da   0x00000002   PAD
    0x080089dc   0x080089dc   0x0000002c   Code   RO         5479    locale$$code        c_w.l(lc_numeric_c.o)
    0x08008a08   0x08008a08   0x0000002c   Code   RO         5592    locale$$code        c_w.l(lc_ctype_c.o)
    0x08008a34   0x08008a34   0x00000018   Code   RO         5372    x$fpl$basic         fz_wm.l(basic.o)
    0x08008a4c   0x08008a4c   0x00000062   Code   RO         5573    x$fpl$d2f           fz_wm.l(d2f.o)
    0x08008aae   0x08008aae   0x00000002   PAD
    0x08008ab0   0x08008ab0   0x00000150   Code   RO         5374    x$fpl$dadd          fz_wm.l(daddsub_clz.o)
    0x08008c00   0x08008c00   0x00000010   Code   RO         5672    x$fpl$dcheck1       fz_wm.l(dcheck1.o)
    0x08008c10   0x08008c10   0x00000018   Code   RO         5415    x$fpl$dcmpinf       fz_wm.l(dcmpi.o)
    0x08008c28   0x08008c28   0x000002b0   Code   RO         5381    x$fpl$ddiv          fz_wm.l(ddiv.o)
    0x08008ed8   0x08008ed8   0x00000078   Code   RO         5575    x$fpl$deqf          fz_wm.l(deqf.o)
    0x08008f50   0x08008f50   0x0000005e   Code   RO         5384    x$fpl$dfix          fz_wm.l(dfix.o)
    0x08008fae   0x08008fae   0x0000002e   Code   RO         5389    x$fpl$dflt          fz_wm.l(dflt_clz.o)
    0x08008fdc   0x08008fdc   0x00000026   Code   RO         5388    x$fpl$dfltu         fz_wm.l(dflt_clz.o)
    0x08009002   0x08009002   0x00000002   PAD
    0x08009004   0x08009004   0x00000078   Code   RO         5394    x$fpl$dleqf         fz_wm.l(dleqf.o)
    0x0800907c   0x0800907c   0x00000154   Code   RO         5396    x$fpl$dmul          fz_wm.l(dmul.o)
    0x080091d0   0x080091d0   0x0000009c   Code   RO         5417    x$fpl$dnaninf       fz_wm.l(dnaninf.o)
    0x0800926c   0x0800926c   0x0000000c   Code   RO         5419    x$fpl$dretinf       fz_wm.l(dretinf.o)
    0x08009278   0x08009278   0x0000006c   Code   RO         5398    x$fpl$drleqf        fz_wm.l(drleqf.o)
    0x080092e4   0x080092e4   0x00000016   Code   RO         5375    x$fpl$drsb          fz_wm.l(daddsub_clz.o)
    0x080092fa   0x080092fa   0x00000002   PAD
    0x080092fc   0x080092fc   0x000001d4   Code   RO         5376    x$fpl$dsub          fz_wm.l(daddsub_clz.o)
    0x080094d0   0x080094d0   0x0000000a   Code   RO         5600    x$fpl$fpinit        fz_wm.l(fpinit.o)
    0x080094da   0x080094da   0x0000000a   Code   RO         5602    x$fpl$fretinf       fz_wm.l(fretinf.o)
    0x080094e4   0x080094e4   0x00000006   Code   RO         5485    x$fpl$ieeestatus    fz_wm.l(istatus.o)
    0x080094ea   0x080094ea   0x00000064   Code   RO         5706    x$fpl$retnan        fz_wm.l(retnan.o)
    0x0800954e   0x0800954e   0x0000005c   Code   RO         5637    x$fpl$scalbn        fz_wm.l(scalbn.o)
    0x080095aa   0x080095aa   0x00000004   Code   RO         5400    x$fpl$scanf1        fz_wm.l(scanf1.o)
    0x080095ae   0x080095ae   0x00000008   Code   RO         5487    x$fpl$scanf2        fz_wm.l(scanf2.o)
    0x080095b6   0x080095b6   0x00000030   Code   RO         5708    x$fpl$trapveneer    fz_wm.l(trapv.o)
    0x080095e6   0x080095e6   0x00000000   Code   RO         5421    x$fpl$usenofp       fz_wm.l(usenofp.o)
    0x080095e6   0x080095e6   0x00000008   Data   RO         3329    .constdata          stm32f4xx_hal_dma.o
    0x080095ee   0x080095ee   0x00000010   Data   RO         5319    .constdata          system_stm32f4xx.o
    0x080095fe   0x080095fe   0x00000008   Data   RO         5320    .constdata          system_stm32f4xx.o
    0x08009606   0x08009606   0x00000002   PAD
    0x08009608   0x08009608   0x00000094   Data   RO         5454    .constdata          c_w.l(bigflt0.o)
    0x0800969c   0x0800969c   0x00000020   Data   RO         5710    Region$$Table       anon$$obj.o
    0x080096bc   0x080096bc   0x00000008   Data   RO         5481    c$$dinf             fz_wm.l(fpconst.o)
    0x080096c4   0x080096c4   0x00000008   Data   RO         5484    c$$dmax             fz_wm.l(fpconst.o)
    0x080096cc   0x080096cc   0x0000001c   Data   RO         5478    locale$$data        c_w.l(lc_numeric_c.o)
    0x080096e8   0x080096e8   0x00000110   Data   RO         5591    locale$$data        c_w.l(lc_ctype_c.o)


    Execution Region RW_IRAM1 (Exec base: 0x20000000, Load base: 0x080097f8, Size: 0x00002f50, Max: 0x0001c000, ABSOLUTE, COMPRESSED[0x000002fc])

    Exec Addr    Load Addr    Size         Type   Attr      Idx    E Section Name        Object

    0x20000000   COMPRESSED   0x00000008   Data   RW           29    .data               main.o
    0x20000008   COMPRESSED   0x00000010   Data   RW          493    .data               aml_debugdevice.o
    0x20000018   COMPRESSED   0x0000000a   Data   RW          596    .data               aml_keyboard.o
    0x20000022   COMPRESSED   0x00000002   PAD
    0x20000024   COMPRESSED   0x0000000d   Data   RW          639    .data               aml_lasersensor.o
    0x20000031   COMPRESSED   0x00000007   PAD
    0x20000038   COMPRESSED   0x00000138   Data   RW          719    .data               aml_motorcontrol.o
    0x20000170   COMPRESSED   0x00000020   Data   RW          906    .data               aml_mpusensor.o
    0x20000190   COMPRESSED   0x00000020   Data   RW          962    .data               aml_remote.o
    0x200001b0   COMPRESSED   0x000002a9   Data   RW         1268    .data               vl53l0x_api.o
    0x20000459   COMPRESSED   0x00000003   PAD
    0x2000045c   COMPRESSED   0x00000010   Data   RW         1810    .data               vl53l0x_api_calibration.o
    0x2000046c   COMPRESSED   0x0000000c   Data   RW         3756    .data               stm32f4xx_hal.o
    0x20000478   COMPRESSED   0x00000004   Data   RW         5321    .data               system_stm32f4xx.o
    0x2000047c        -       0x00001300   Zero   RW           23    .bss                main.o
    0x2000177c        -       0x00000060   Zero   RW           24    .bss                main.o
    0x200017dc        -       0x000000c8   Zero   RW           25    .bss                main.o
    0x200018a4        -       0x00000c10   Zero   RW          638    .bss                aml_lasersensor.o
    0x200024b4   COMPRESSED   0x00000004   PAD
    0x200024b8        -       0x00000380   Zero   RW          718    .bss                aml_motorcontrol.o
    0x20002838        -       0x00000046   Zero   RW          905    .bss                aml_mpusensor.o
    0x2000287e        -       0x00000030   Zero   RW          961    .bss                aml_remote.o
    0x200028ae        -       0x00000040   Zero   RW         2222    .bss                vl53l0x_platform.o
    0x200028ee   COMPRESSED   0x00000002   PAD
    0x200028f0        -       0x00000060   Zero   RW         5502    .bss                c_w.l(libspace.o)
    0x20002950        -       0x00000200   Zero   RW            2    HEAP                startup_stm32f407xx.o
    0x20002b50        -       0x00000400   Zero   RW            1    STACK               startup_stm32f407xx.o


    Execution Region RW_IRAM2 (Exec base: 0x2001c000, Load base: 0x08009af4, Size: 0x00000000, Max: 0x00004000, ABSOLUTE)

    **** No section assigned to this execution region ****


==============================================================================

Image component sizes


      Code (inc. data)   RO Data    RW Data    ZI Data      Debug   Object Name

       204         32          0         16          0       3348   aml_debugdevice.o
        32         10          0          0          0        600   aml_encoder.o
        76         12          0         10          0       1563   aml_keyboard.o
       672         46          0         13       3088       3458   aml_lasersensor.o
      1862        196          0        312        896      17904   aml_motorcontrol.o
       468        118          0         32         70       4264   aml_mpusensor.o
       120         28          0         32         48       1634   aml_remote.o
       102          6          0          0          0       1890   kalmanfilter.o
      1316        100          0          8       5160     725966   main.o
      1084         44          0          0          0       6282   pid.o
        64         26        392          0       1536        932   startup_stm32f407xx.o
       180         28          0         12          0      10125   stm32f4xx_hal.o
       198         14          0          0          0      34479   stm32f4xx_hal_cortex.o
      1084         16          8          0          0       8150   stm32f4xx_hal_dma.o
       530         52          0          0          0       3171   stm32f4xx_hal_gpio.o
      2118         50          0          0          0      13638   stm32f4xx_hal_i2c.o
       816         92          0          0          0       5463   stm32f4xx_hal_msp.o
      1348         76          0          0          0       5768   stm32f4xx_hal_rcc.o
      2494        166          0          0          0      22589   stm32f4xx_hal_tim.o
       148         28          0          0          0       2809   stm32f4xx_hal_tim_ex.o
      2426         30          0          0          0      20192   stm32f4xx_hal_uart.o
       128         32          0          0          0      10056   stm32f4xx_it.o
        16          4         24          4          0       1391   system_stm32f4xx.o
      3004         64          0        681          0      35347   vl53l0x_api.o
      1714          4          0         16          0      17813   vl53l0x_api_calibration.o
      4534         16          0          0          0      29049   vl53l0x_api_core.o
       468         24          0          0         64       9889   vl53l0x_platform.o

    ----------------------------------------------------------------------
     27256       1314        458       1148      10868     997770   Object Totals
         0          0         32          0          0          0   (incl. Generated)
        50          0          2         12          6          0   (incl. Padding)

    ----------------------------------------------------------------------

      Code (inc. data)   RO Data    RW Data    ZI Data      Debug   Library Member Name

        60          8          0          0          0         84   __0sscanf.o
        90          0          0          0          0          0   __dczerorl2.o
         8          0          0          0          0         68   __main.o
         0          0          0          0          0          0   __rtentry.o
        12          0          0          0          0          0   __rtentry2.o
         6          0          0          0          0          0   __rtentry4.o
        52          8          0          0          0          0   __scatter.o
        28          0          0          0          0          0   __scatter_zi.o
        28          0          0          0          0         68   _chval.o
        22          0          0          0          0        100   _rserrno.o
       884          6          0          0          0        100   _scanf.o
        64          0          0          0          0         84   _sgetc.o
       228          4        148          0          0         96   bigflt0.o
      1924        136          0          0          0        756   btod.o
        18          0          0          0          0         80   exit.o
         6          0          0          0          0        152   heapauxi.o
         0          0          0          0          0          0   indicate_semi.o
        18          0          0          0          0         76   isspace.o
        44         10        272          0          0         76   lc_ctype_c.o
        44         10         28          0          0         76   lc_numeric_c.o
         2          0          0          0          0          0   libinit.o
        34          0          0          0          0          0   libinit2.o
         2          0          0          0          0          0   libshutdown.o
         2          0          0          0          0          0   libshutdown2.o
         8          4          0          0         96         68   libspace.o
        38          0          0          0          0         68   llshl.o
       238          0          0          0          0        100   lludivv7m.o
        16          4          0          0          0         76   rt_ctype_table.o
         8          4          0          0          0         68   rt_errno_addr_intlibspace.o
         8          4          0          0          0         68   rt_locale_intlibspace.o
        68          0          0          0          0         68   rt_memclr.o
        78          0          0          0          0         80   rt_memclr_w.o
       138          0          0          0          0         68   rt_memcpy_v6.o
       100          0          0          0          0         80   rt_memcpy_w.o
         2          0          0          0          0          0   rtexit.o
        10          0          0          0          0          0   rtexit2.o
        44          8          0          0          0         84   scanf_char.o
      1286         16          0          0          0        236   scanf_fp.o
       800         14          0          0          0        100   scanf_hexfp.o
       308         16          0          0          0        100   scanf_infnan.o
       128          0          0          0          0         68   strcmpv7m.o
        72          0          0          0          0         80   strcpy.o
        12          4          0          0          0         68   sys_exit.o
        74          0          0          0          0         80   sys_stackheap_outer.o
         2          0          0          0          0         68   use_no_semi.o
        24          0          0          0          0        164   basic.o
        98          4          0          0          0        140   d2f.o
       826         16          0          0          0        492   daddsub_clz.o
        16          4          0          0          0        116   dcheck1.o
        24          0          0          0          0        116   dcmpi.o
       688        140          0          0          0        256   ddiv.o
       120          4          0          0          0        140   deqf.o
        94          4          0          0          0        140   dfix.o
        84          0          0          0          0        232   dflt_clz.o
       120          4          0          0          0        140   dleqf.o
       340         12          0          0          0        152   dmul.o
       156          4          0          0          0        140   dnaninf.o
        12          0          0          0          0        116   dretinf.o
       108          0          0          0          0        128   drleqf.o
         0          0         16          0          0          0   fpconst.o
        10          0          0          0          0        116   fpinit.o
        10          0          0          0          0        116   fretinf.o
         6          0          0          0          0        116   istatus.o
       100          0          0          0          0        116   retnan.o
        92          0          0          0          0        116   scalbn.o
         4          0          0          0          0        116   scanf1.o
         8          0          0          0          0        132   scanf2.o
        48          0          0          0          0        116   trapv.o
         0          0          0          0          0          0   usenofp.o
        64         16          0          0          0        248   dunder.o
       140         22          0          0          0        132   frexp.o
       228          8          0          0          0        308   ldexp.o
       266         16          0          0          0        308   narrow.o

    ----------------------------------------------------------------------
     10726        512        464          0         96       7856   Library Totals
        26          2          0          0          0          0   (incl. Padding)

    ----------------------------------------------------------------------

      Code (inc. data)   RO Data    RW Data    ZI Data      Debug   Library Name

      7014        256        448          0         96       3444   c_w.l
      2988        192         16          0          0       3416   fz_wm.l
       698         62          0          0          0        996   m_wm.l

    ----------------------------------------------------------------------
     10726        512        464          0         96       7856   Library Totals

    ----------------------------------------------------------------------

==============================================================================


      Code (inc. data)   RO Data    RW Data    ZI Data      Debug   

     37982       1826        922       1148      10964     976654   Grand Totals
     37982       1826        922        764      10964     976654   ELF Image Totals (compressed)
     37982       1826        922        764          0          0   ROM Totals

==============================================================================

    Total RO  Size (Code + RO Data)                38904 (  37.99kB)
    Total RW  Size (RW Data + ZI Data)             12112 (  11.83kB)
    Total ROM Size (Code + RO Data + RW Data)      39668 (  38.74kB)

==============================================================================

