<html>
<body>
<pre>
<h1>µVision Build Log</h1>
<h2>Tool Versions:</h2>
IDE-Version: µVision V5.31.0.0
Copyright (C) 2020 ARM Ltd and ARM Germany GmbH. All rights reserved.
License Information: a anmh1205@gmail.com, b, LIC=D0D7S-L3MWT-456T5-G2U2M-B9KMA-Y4GD2
 
Tool Versions:
Toolchain:       MDK-ARM Plus  Version: 5.31.0.0
Toolchain Path:  C:\Keil_v5\ARM\ARMCC\Bin
C Compiler:      Armcc.exe V5.06 update 6 (build 750)
Assembler:       Armasm.exe V5.06 update 6 (build 750)
Linker/Locator:  ArmLink.exe V5.06 update 6 (build 750)
Library Manager: ArmAr.exe V5.06 update 6 (build 750)
Hex Converter:   FromElf.exe V5.06 update 6 (build 750)
CPU DLL:         SARMCM3.DLL V5.31.0.0
Dialog DLL:      DCM.DLL V1.17.3.0
Target DLL:      STLink\ST-LINKIII-KEIL_SWO.dll V3.0.7.0
Dialog DLL:      TCM.DLL V1.46.0.0
 
<h2>Project:</h2>
E:\1. Phenikaa University\AML\0. Project\5. MicroMouse\3. Github Repo\1. MicroMouse Code\0. MicroMouse - STM32F407VGT6\PCB_V1\MDK-ARM\PCB_V1.uvprojx
Project File Date:  12/19/2023

<h2>Output:</h2>
*** Using Compiler 'V5.06 update 6 (build 750)', folder: 'C:\Keil_v5\ARM\ARMCC\Bin'
Build target 'PCB_V1'
compiling AML_MotorControl.c...
../Core/Inc/main.h(58): warning:  #1295-D: Deprecated declaration Move - give arg types
  void Move();
../Core/Inc/KalmanFilter.h(25): warning:  #1-D: last line of file ends without a newline
  #endif
../Core/Inc/AML_MotorControl.h(62): warning:  #1-D: last line of file ends without a newline
  #endif // AML_MOTORCONTROL_H
../Core/Inc/AML_DebugDevice.h(29): warning:  #1295-D: Deprecated declaration AML_DebugDevice_ToggleAllLED - give arg types
  void AML_DebugDevice_ToggleAllLED();
../Core/Inc/AML_Remote.h(17): warning:  #1-D: last line of file ends without a newline
  #endif // AML_REMOTE_H
../Core/Inc/AML_Parameter.h(62): warning:  #1-D: last line of file ends without a newline
  #endif // AML_Parameter_H
../Core/Inc/AML_LaserSensor.h(29): warning:  #1-D: last line of file ends without a newline
  #endif
../Core/Inc/AML_Encoder.h(13): warning:  #1-D: last line of file ends without a newline
  #endif // AML_ENCODER_H
../Core/Inc/AML_PID.h(34): warning:  #1-D: last line of file ends without a newline
  #endif // AML_PID_H
../Core/Inc/flood.h(32): warning:  #47-D: incompatible redefinition of macro "FLOOD_LEFT_WALL"  (declared at line 27 of "../Core/Inc/AML_Parameter.h")
  #define FLOOD_LEFT_WALL 300
../Core/Inc/flood.h(33): warning:  #47-D: incompatible redefinition of macro "FLOOD_RIGHT_WALL"  (declared at line 26 of "../Core/Inc/AML_Parameter.h")
  #define FLOOD_RIGHT_WALL 300
../Core/Inc/AML_MotorControl.h(62): warning:  #1-D: last line of file ends without a newline
  #endif // AML_MOTORCONTROL_H
..\Core\Src\AML_MotorControl.c(337): warning:  #188-D: enumerated type mixed with another type
          HAL_GPIO_WritePin(AIN2_GPIO_Port, AIN2_Pin, !direction);
..\Core\Src\AML_MotorControl.c(342): warning:  #188-D: enumerated type mixed with another type
          HAL_GPIO_WritePin(AIN1_GPIO_Port, AIN1_Pin, !direction);
..\Core\Src\AML_MotorControl.c(369): warning:  #188-D: enumerated type mixed with another type
          HAL_GPIO_WritePin(BIN1_GPIO_Port, BIN1_Pin, !direction);
..\Core\Src\AML_MotorControl.c(376): warning:  #188-D: enumerated type mixed with another type
          HAL_GPIO_WritePin(BIN2_GPIO_Port, BIN2_Pin, !direction);
..\Core\Src\AML_MotorControl.c(394): warning:  #188-D: enumerated type mixed with another type
      direction = ~direction;
..\Core\Src\AML_MotorControl.c(532): warning:  #188-D: enumerated type mixed with another type
      AML_DebugDevice_TurnOnLED(0);
..\Core\Src\AML_MotorControl.c(534): warning:  #188-D: enumerated type mixed with another type
      AML_DebugDevice_TurnOffLED(1);
..\Core\Src\AML_MotorControl.c(535): warning:  #188-D: enumerated type mixed with another type
      AML_DebugDevice_TurnOffLED(2);
..\Core\Src\AML_MotorControl.c(536): warning:  #188-D: enumerated type mixed with another type
      AML_DebugDevice_TurnOffLED(3);
..\Core\Src\AML_MotorControl.c(537): warning:  #188-D: enumerated type mixed with another type
      AML_DebugDevice_TurnOffLED(4);
..\Core\Src\AML_MotorControl.c(538): warning:  #188-D: enumerated type mixed with another type
      AML_DebugDevice_TurnOffLED(5);
..\Core\Src\AML_MotorControl.c(539): warning:  #188-D: enumerated type mixed with another type
      AML_DebugDevice_TurnOffLED(6);
..\Core\Src\AML_MotorControl.c(540): warning:  #188-D: enumerated type mixed with another type
      AML_DebugDevice_TurnOffLED(7);
..\Core\Src\AML_MotorControl.c(555): warning:  #188-D: enumerated type mixed with another type
      AML_DebugDevice_TurnOnLED(1);
..\Core\Src\AML_MotorControl.c(557): warning:  #188-D: enumerated type mixed with another type
      AML_DebugDevice_TurnOffLED(0);
..\Core\Src\AML_MotorControl.c(558): warning:  #188-D: enumerated type mixed with another type
      AML_DebugDevice_TurnOffLED(2);
..\Core\Src\AML_MotorControl.c(559): warning:  #188-D: enumerated type mixed with another type
      AML_DebugDevice_TurnOffLED(3);
..\Core\Src\AML_MotorControl.c(560): warning:  #188-D: enumerated type mixed with another type
      AML_DebugDevice_TurnOffLED(4);
..\Core\Src\AML_MotorControl.c(561): warning:  #188-D: enumerated type mixed with another type
      AML_DebugDevice_TurnOffLED(5);
..\Core\Src\AML_MotorControl.c(562): warning:  #188-D: enumerated type mixed with another type
      AML_DebugDevice_TurnOffLED(6);
..\Core\Src\AML_MotorControl.c(563): warning:  #188-D: enumerated type mixed with another type
      AML_DebugDevice_TurnOffLED(7);
..\Core\Src\AML_MotorControl.c(578): warning:  #188-D: enumerated type mixed with another type
      AML_DebugDevice_TurnOnLED(2);
..\Core\Src\AML_MotorControl.c(580): warning:  #188-D: enumerated type mixed with another type
      AML_DebugDevice_TurnOffLED(0);
..\Core\Src\AML_MotorControl.c(581): warning:  #188-D: enumerated type mixed with another type
      AML_DebugDevice_TurnOffLED(1);
..\Core\Src\AML_MotorControl.c(582): warning:  #188-D: enumerated type mixed with another type
      AML_DebugDevice_TurnOffLED(3);
..\Core\Src\AML_MotorControl.c(583): warning:  #188-D: enumerated type mixed with another type
      AML_DebugDevice_TurnOffLED(4);
..\Core\Src\AML_MotorControl.c(584): warning:  #188-D: enumerated type mixed with another type
      AML_DebugDevice_TurnOffLED(5);
..\Core\Src\AML_MotorControl.c(585): warning:  #188-D: enumerated type mixed with another type
      AML_DebugDevice_TurnOffLED(6);
..\Core\Src\AML_MotorControl.c(586): warning:  #188-D: enumerated type mixed with another type
      AML_DebugDevice_TurnOffLED(7);
..\Core\Src\AML_MotorControl.c(749): warning:  #188-D: enumerated type mixed with another type
      AML_DebugDevice_TurnOnLED(3);
..\Core\Src\AML_MotorControl.c(751): warning:  #188-D: enumerated type mixed with another type
      AML_DebugDevice_TurnOffLED(0);
..\Core\Src\AML_MotorControl.c(752): warning:  #188-D: enumerated type mixed with another type
      AML_DebugDevice_TurnOffLED(1);
..\Core\Src\AML_MotorControl.c(753): warning:  #188-D: enumerated type mixed with another type
      AML_DebugDevice_TurnOffLED(2);
..\Core\Src\AML_MotorControl.c(754): warning:  #188-D: enumerated type mixed with another type
      AML_DebugDevice_TurnOffLED(4);
..\Core\Src\AML_MotorControl.c(755): warning:  #188-D: enumerated type mixed with another type
      AML_DebugDevice_TurnOffLED(5);
..\Core\Src\AML_MotorControl.c(756): warning:  #188-D: enumerated type mixed with another type
      AML_DebugDevice_TurnOffLED(6);
..\Core\Src\AML_MotorControl.c(757): warning:  #188-D: enumerated type mixed with another type
      AML_DebugDevice_TurnOffLED(7);
..\Core\Src\AML_MotorControl.c(870): warning:  #188-D: enumerated type mixed with another type
      AML_DebugDevice_TurnOffLED(3);
..\Core\Src\AML_MotorControl.c(876): warning:  #188-D: enumerated type mixed with another type
      AML_DebugDevice_TurnOnLED(4);
..\Core\Src\AML_MotorControl.c(878): warning:  #188-D: enumerated type mixed with another type
      AML_DebugDevice_TurnOffLED(0);
..\Core\Src\AML_MotorControl.c(879): warning:  #188-D: enumerated type mixed with another type
      AML_DebugDevice_TurnOffLED(1);
..\Core\Src\AML_MotorControl.c(880): warning:  #188-D: enumerated type mixed with another type
      AML_DebugDevice_TurnOffLED(2);
..\Core\Src\AML_MotorControl.c(881): warning:  #188-D: enumerated type mixed with another type
      AML_DebugDevice_TurnOffLED(3);
..\Core\Src\AML_MotorControl.c(882): warning:  #188-D: enumerated type mixed with another type
      AML_DebugDevice_TurnOffLED(5);
..\Core\Src\AML_MotorControl.c(883): warning:  #188-D: enumerated type mixed with another type
      AML_DebugDevice_TurnOffLED(6);
..\Core\Src\AML_MotorControl.c(884): warning:  #188-D: enumerated type mixed with another type
      AML_DebugDevice_TurnOffLED(7);
..\Core\Src\AML_MotorControl.c(1001): warning:  #188-D: enumerated type mixed with another type
      AML_DebugDevice_TurnOffLED(4);
..\Core\Src\AML_MotorControl.c(1007): warning:  #188-D: enumerated type mixed with another type
      AML_DebugDevice_TurnOnLED(5);
..\Core\Src\AML_MotorControl.c(1009): warning:  #188-D: enumerated type mixed with another type
      AML_DebugDevice_TurnOffLED(0);
..\Core\Src\AML_MotorControl.c(1010): warning:  #188-D: enumerated type mixed with another type
      AML_DebugDevice_TurnOffLED(1);
..\Core\Src\AML_MotorControl.c(1011): warning:  #188-D: enumerated type mixed with another type
      AML_DebugDevice_TurnOffLED(2);
..\Core\Src\AML_MotorControl.c(1012): warning:  #188-D: enumerated type mixed with another type
      AML_DebugDevice_TurnOffLED(3);
..\Core\Src\AML_MotorControl.c(1013): warning:  #188-D: enumerated type mixed with another type
      AML_DebugDevice_TurnOffLED(4);
..\Core\Src\AML_MotorControl.c(1014): warning:  #188-D: enumerated type mixed with another type
      AML_DebugDevice_TurnOffLED(6);
..\Core\Src\AML_MotorControl.c(1015): warning:  #188-D: enumerated type mixed with another type
      AML_DebugDevice_TurnOffLED(7);
..\Core\Src\AML_MotorControl.c(1114): warning:  #188-D: enumerated type mixed with another type
      AML_DebugDevice_TurnOffLED(5);
..\Core\Src\AML_MotorControl.c(1120): warning:  #188-D: enumerated type mixed with another type
      AML_DebugDevice_TurnOnLED(6);
..\Core\Src\AML_MotorControl.c(1122): warning:  #188-D: enumerated type mixed with another type
      AML_DebugDevice_TurnOffLED(0);
..\Core\Src\AML_MotorControl.c(1123): warning:  #188-D: enumerated type mixed with another type
      AML_DebugDevice_TurnOffLED(1);
..\Core\Src\AML_MotorControl.c(1124): warning:  #188-D: enumerated type mixed with another type
      AML_DebugDevice_TurnOffLED(2);
..\Core\Src\AML_MotorControl.c(1125): warning:  #188-D: enumerated type mixed with another type
      AML_DebugDevice_TurnOffLED(3);
..\Core\Src\AML_MotorControl.c(1126): warning:  #188-D: enumerated type mixed with another type
      AML_DebugDevice_TurnOffLED(4);
..\Core\Src\AML_MotorControl.c(1127): warning:  #188-D: enumerated type mixed with another type
      AML_DebugDevice_TurnOffLED(5);
..\Core\Src\AML_MotorControl.c(1128): warning:  #188-D: enumerated type mixed with another type
      AML_DebugDevice_TurnOffLED(7);
..\Core\Src\AML_MotorControl.c(1224): warning:  #188-D: enumerated type mixed with another type
      AML_DebugDevice_TurnOffLED(6);
..\Core\Src\AML_MotorControl.c(1267): warning:  #188-D: enumerated type mixed with another type
      AML_DebugDevice_TurnOffLED(6);
..\Core\Src\AML_MotorControl.c(1289): warning:  #188-D: enumerated type mixed with another type
      AML_DebugDevice_TurnOffLED(7);
..\Core\Src\AML_MotorControl.c(1312): warning:  #188-D: enumerated type mixed with another type
      AML_DebugDevice_TurnOffLED(5);
..\Core\Src\AML_MotorControl.c: 80 warnings, 0 errors
linking...
Program Size: Code=45986 RO-data=922 RW-data=1384 ZI-data=11136  
FromELF: creating hex file...
"PCB_V1\PCB_V1.axf" - 0 Error(s), 80 Warning(s).

<h2>Software Packages used:</h2>

Package Vendor: ARM
                http://www.keil.com/pack/ARM.CMSIS.5.7.0.pack
                ARM.CMSIS.5.7.0
                CMSIS (Cortex Microcontroller Software Interface Standard)
   * Component: CORE Version: 5.4.0

Package Vendor: Keil
                https://www.keil.com/pack/Keil.STM32F4xx_DFP.2.17.0.pack
                Keil.STM32F4xx_DFP.2.17.0
                STMicroelectronics STM32F4 Series Device Support, Drivers and Examples

<h2>Collection of Component include folders:</h2>
  .\RTE\_PCB_V1
  D:\ARM\CMSIS\5.7.0\CMSIS\Core\Include
  D:\Keil\STM32F4xx_DFP\2.17.0\Drivers\CMSIS\Device\ST\STM32F4xx\Include

<h2>Collection of Component Files used:</h2>

   * Component: ARM::CMSIS:CORE:5.4.0
Build Time Elapsed:  00:00:03
</pre>
</body>
</html>
