Archive member included to satisfy reference by file (symbol)

c:/make/test/gcc-arm-none-eabi-9-2019-q4-major-win32/bin/../lib/gcc/arm-none-eabi/9.2.1/../../../../arm-none-eabi/lib/thumb/v7e-m+fp/hard\libc_nano.a(lib_a-errno.o)
                              build/syscalls.o (__errno)
c:/make/test/gcc-arm-none-eabi-9-2019-q4-major-win32/bin/../lib/gcc/arm-none-eabi/9.2.1/../../../../arm-none-eabi/lib/thumb/v7e-m+fp/hard\libc_nano.a(lib_a-exit.o)
                              c:/make/test/gcc-arm-none-eabi-9-2019-q4-major-win32/bin/../lib/gcc/arm-none-eabi/9.2.1/../../../../arm-none-eabi/lib/thumb/v7e-m+fp/hard/crt0.o (exit)
c:/make/test/gcc-arm-none-eabi-9-2019-q4-major-win32/bin/../lib/gcc/arm-none-eabi/9.2.1/../../../../arm-none-eabi/lib/thumb/v7e-m+fp/hard\libc_nano.a(lib_a-impure.o)
                              c:/make/test/gcc-arm-none-eabi-9-2019-q4-major-win32/bin/../lib/gcc/arm-none-eabi/9.2.1/../../../../arm-none-eabi/lib/thumb/v7e-m+fp/hard\libc_nano.a(lib_a-exit.o) (_global_impure_ptr)
c:/make/test/gcc-arm-none-eabi-9-2019-q4-major-win32/bin/../lib/gcc/arm-none-eabi/9.2.1/../../../../arm-none-eabi/lib/thumb/v7e-m+fp/hard\libc_nano.a(lib_a-init.o)
                              c:/make/test/gcc-arm-none-eabi-9-2019-q4-major-win32/bin/../lib/gcc/arm-none-eabi/9.2.1/../../../../arm-none-eabi/lib/thumb/v7e-m+fp/hard/crt0.o (__libc_init_array)
c:/make/test/gcc-arm-none-eabi-9-2019-q4-major-win32/bin/../lib/gcc/arm-none-eabi/9.2.1/../../../../arm-none-eabi/lib/thumb/v7e-m+fp/hard\libc_nano.a(lib_a-memcpy-stub.o)
                              build/vl53l0x_platform.o (memcpy)
c:/make/test/gcc-arm-none-eabi-9-2019-q4-major-win32/bin/../lib/gcc/arm-none-eabi/9.2.1/../../../../arm-none-eabi/lib/thumb/v7e-m+fp/hard\libc_nano.a(lib_a-memset.o)
                              c:/make/test/gcc-arm-none-eabi-9-2019-q4-major-win32/bin/../lib/gcc/arm-none-eabi/9.2.1/../../../../arm-none-eabi/lib/thumb/v7e-m+fp/hard/crt0.o (memset)
c:/make/test/gcc-arm-none-eabi-9-2019-q4-major-win32/bin/../lib/gcc/arm-none-eabi/9.2.1/../../../../arm-none-eabi/lib/thumb/v7e-m+fp/hard\libc_nano.a(lib_a-printf.o)
                              build/AML_LaserSensor.o (printf)
c:/make/test/gcc-arm-none-eabi-9-2019-q4-major-win32/bin/../lib/gcc/arm-none-eabi/9.2.1/../../../../arm-none-eabi/lib/thumb/v7e-m+fp/hard\libc_nano.a(lib_a-strcpy.o)
                              build/vl53l0x_api_core.o (strcpy)
c:/make/test/gcc-arm-none-eabi-9-2019-q4-major-win32/bin/../lib/gcc/arm-none-eabi/9.2.1/../../../../arm-none-eabi/lib/thumb/v7e-m+fp/hard\libc_nano.a(lib_a-findfp.o)
                              c:/make/test/gcc-arm-none-eabi-9-2019-q4-major-win32/bin/../lib/gcc/arm-none-eabi/9.2.1/../../../../arm-none-eabi/lib/thumb/v7e-m+fp/hard\libc_nano.a(lib_a-printf.o) (__sinit)
c:/make/test/gcc-arm-none-eabi-9-2019-q4-major-win32/bin/../lib/gcc/arm-none-eabi/9.2.1/../../../../arm-none-eabi/lib/thumb/v7e-m+fp/hard\libc_nano.a(lib_a-fwalk.o)
                              c:/make/test/gcc-arm-none-eabi-9-2019-q4-major-win32/bin/../lib/gcc/arm-none-eabi/9.2.1/../../../../arm-none-eabi/lib/thumb/v7e-m+fp/hard\libc_nano.a(lib_a-findfp.o) (_fwalk)
c:/make/test/gcc-arm-none-eabi-9-2019-q4-major-win32/bin/../lib/gcc/arm-none-eabi/9.2.1/../../../../arm-none-eabi/lib/thumb/v7e-m+fp/hard\libc_nano.a(lib_a-lock.o)
                              c:/make/test/gcc-arm-none-eabi-9-2019-q4-major-win32/bin/../lib/gcc/arm-none-eabi/9.2.1/../../../../arm-none-eabi/lib/thumb/v7e-m+fp/hard\libc_nano.a(lib_a-findfp.o) (__retarget_lock_init_recursive)
c:/make/test/gcc-arm-none-eabi-9-2019-q4-major-win32/bin/../lib/gcc/arm-none-eabi/9.2.1/../../../../arm-none-eabi/lib/thumb/v7e-m+fp/hard\libc_nano.a(lib_a-nano-mallocr.o)
                              c:/make/test/gcc-arm-none-eabi-9-2019-q4-major-win32/bin/../lib/gcc/arm-none-eabi/9.2.1/../../../../arm-none-eabi/lib/thumb/v7e-m+fp/hard\libc_nano.a(lib_a-findfp.o) (_malloc_r)
c:/make/test/gcc-arm-none-eabi-9-2019-q4-major-win32/bin/../lib/gcc/arm-none-eabi/9.2.1/../../../../arm-none-eabi/lib/thumb/v7e-m+fp/hard\libc_nano.a(lib_a-nano-vfprintf.o)
                              c:/make/test/gcc-arm-none-eabi-9-2019-q4-major-win32/bin/../lib/gcc/arm-none-eabi/9.2.1/../../../../arm-none-eabi/lib/thumb/v7e-m+fp/hard\libc_nano.a(lib_a-printf.o) (_vfprintf_r)
c:/make/test/gcc-arm-none-eabi-9-2019-q4-major-win32/bin/../lib/gcc/arm-none-eabi/9.2.1/../../../../arm-none-eabi/lib/thumb/v7e-m+fp/hard\libc_nano.a(lib_a-nano-vfprintf_i.o)
                              c:/make/test/gcc-arm-none-eabi-9-2019-q4-major-win32/bin/../lib/gcc/arm-none-eabi/9.2.1/../../../../arm-none-eabi/lib/thumb/v7e-m+fp/hard\libc_nano.a(lib_a-nano-vfprintf.o) (_printf_i)
c:/make/test/gcc-arm-none-eabi-9-2019-q4-major-win32/bin/../lib/gcc/arm-none-eabi/9.2.1/../../../../arm-none-eabi/lib/thumb/v7e-m+fp/hard\libc_nano.a(lib_a-sbrkr.o)
[...]
Memory Configuration

Name             Origin             Length             Attributes
CCMRAM           0x10000000         0x00010000         xrw
RAM              0x20000000         0x00020000         xrw
FLASH            0x08000000         0x00100000         xr
*default*        0x00000000         0xffffffff

Linker script and memory map

LOAD c:/make/test/gcc-arm-none-eabi-9-2019-q4-major-win32/bin/../lib/gcc/arm-none-eabi/9.2.1/thumb/v7e-m+fp/hard/crti.o
LOAD c:/make/test/gcc-arm-none-eabi-9-2019-q4-major-win32/bin/../lib/gcc/arm-none-eabi/9.2.1/thumb/v7e-m+fp/hard/crtbegin.o
LOAD c:/make/test/gcc-arm-none-eabi-9-2019-q4-major-win32/bin/../lib/gcc/arm-none-eabi/9.2.1/../../../../arm-none-eabi/lib/thumb/v7e-m+fp/hard/crt0.o
LOAD build/AML_LaserSensor.o
LOAD build/AML_MPUSensor.o
LOAD build/main.o
LOAD build/pid.o
LOAD build/stm32f4xx_hal_msp.o
LOAD build/stm32f4xx_it.o
LOAD build/syscalls.o
LOAD build/sysmem.o
LOAD build/system_stm32f4xx.o
LOAD build/vl53l0x_api.o
LOAD build/vl53l0x_api_calibration.o
LOAD build/vl53l0x_api_core.o
LOAD build/vl53l0x_api_ranging.o
LOAD build/vl53l0x_api_strings.o
LOAD build/vl53l0x_platform.o
LOAD build/vl53l0x_platform_log.o
LOAD build/stm32f4xx_hal.o
LOAD build/stm32f4xx_hal_cortex.o
LOAD build/stm32f4xx_hal_dma.o
LOAD build/stm32f4xx_hal_dma_ex.o
LOAD build/stm32f4xx_hal_exti.o
LOAD build/stm32f4xx_hal_flash.o
LOAD build/stm32f4xx_hal_flash_ex.o
LOAD build/stm32f4xx_hal_flash_ramfunc.o
LOAD build/stm32f4xx_hal_gpio.o
LOAD build/stm32f4xx_hal_i2c.o
LOAD build/stm32f4xx_hal_i2c_ex.o
LOAD build/stm32f4xx_hal_pwr.o
LOAD build/stm32f4xx_hal_pwr_ex.o
LOAD build/stm32f4xx_hal_rcc.o
LOAD build/stm32f4xx_hal_rcc_ex.o
LOAD build/stm32f4xx_hal_tim.o
LOAD build/stm32f4xx_hal_tim_ex.o
LOAD build/stm32f4xx_hal_uart.o
LOAD build/startup_stm32f407xx.o
LOAD c:/make/test/gcc-arm-none-eabi-9-2019-q4-major-win32/bin/../lib/gcc/arm-none-eabi/9.2.1/../../../../arm-none-eabi/lib/thumb/v7e-m+fp/hard\libc_nano.a
LOAD c:/make/test/gcc-arm-none-eabi-9-2019-q4-major-win32/bin/../lib/gcc/arm-none-eabi/9.2.1/../../../../arm-none-eabi/lib/thumb/v7e-m+fp/hard\libm.a
LOAD c:/make/test/gcc-arm-none-eabi-9-2019-q4-major-win32/bin/../lib/gcc/arm-none-eabi/9.2.1/../../../../arm-none-eabi/lib/thumb/v7e-m+fp/hard\libnosys.a
START GROUP
LOAD c:/make/test/gcc-arm-none-eabi-9-2019-q4-major-win32/bin/../lib/gcc/arm-none-eabi/9.2.1/thumb/v7e-m+fp/hard\libgcc.a
LOAD c:/make/test/gcc-arm-none-eabi-9-2019-q4-major-win32/bin/../lib/gcc/arm-none-eabi/9.2.1/../../../../arm-none-eabi/lib/thumb/v7e-m+fp/hard\libc_nano.a
END GROUP
START GROUP
LOAD c:/make/test/gcc-arm-none-eabi-9-2019-q4-major-win32/bin/../lib/gcc/arm-none-eabi/9.2.1/thumb/v7e-m+fp/hard\libgcc.a
LOAD c:/make/test/gcc-arm-none-eabi-9-2019-q4-major-win32/bin/../lib/gcc/arm-none-eabi/9.2.1/../../../../arm-none-eabi/lib/thumb/v7e-m+fp/hard\libc_nano.a
END GROUP
LOAD c:/make/test/gcc-arm-none-eabi-9-2019-q4-major-win32/bin/../lib/gcc/arm-none-eabi/9.2.1/thumb/v7e-m+fp/hard/crtend.o
LOAD c:/make/test/gcc-arm-none-eabi-9-2019-q4-major-win32/bin/../lib/gcc/arm-none-eabi/9.2.1/thumb/v7e-m+fp/hard/crtn.o
                0x20020000                _estack = (ORIGIN (RAM) + LENGTH (RAM))
                0x00000200                _Min_Heap_Size = 0x200
                0x00000400                _Min_Stack_Size = 0x400

.isr_vector     0x08000000      0x188
                0x08000000                . = ALIGN (0x4)
 *(.isr_vector)
 .isr_vector    0x08000000      0x188 build/startup_stm32f407xx.o
                0x08000000                g_pfnVectors
                0x08000188                . = ALIGN (0x4)

.text           0x08000188     0x64c0
                0x08000188                . = ALIGN (0x4)
 *(.text)
 .text          0x08000188       0x40 c:/make/test/gcc-arm-none-eabi-9-2019-q4-major-win32/bin/../lib/gcc/arm-none-eabi/9.2.1/thumb/v7e-m+fp/hard/crtbegin.o
 .text          0x080001c8      0x378 c:/make/test/gcc-arm-none-eabi-9-2019-q4-major-win32/bin/../lib/gcc/arm-none-eabi/9.2.1/thumb/v7e-m+fp/hard\libgcc.a(_arm_addsubdf3.o)
                0x080001c8                __aeabi_drsub
                0x080001d0                __aeabi_dsub
                0x080001d0                __subdf3
                0x080001d4                __aeabi_dadd
                0x080001d4                __adddf3
                0x0800044c                __floatunsidf
                0x0800044c                __aeabi_ui2d
                0x0800046c                __floatsidf
                0x0800046c                __aeabi_i2d
                0x08000490                __aeabi_f2d
                0x08000490                __extendsfdf2
                0x080004d4                __floatundidf
                0x080004d4                __aeabi_ul2d
                0x080004e4                __floatdidf
                0x080004e4                __aeabi_l2d
 .text          0x08000540      0x424 c:/make/test/gcc-arm-none-eabi-9-2019-q4-major-win32/bin/../lib/gcc/arm-none-eabi/9.2.1/thumb/v7e-m+fp/hard\libgcc.a(_arm_muldivdf3.o)
                0x08000540                __aeabi_dmul
                0x08000540                __muldf3
                0x08000794                __divdf3
                0x08000794                __aeabi_ddiv
 .text          0x08000964      0x110 c:/make/test/gcc-arm-none-eabi-9-2019-q4-major-win32/bin/../lib/gcc/arm-none-eabi/9.2.1/thumb/v7e-m+fp/hard\libgcc.a(_arm_cmpdf2.o)
                0x08000964                __gtdf2
                0x08000964                __gedf2
                0x0800096c                __ltdf2
                0x0800096c                __ledf2
                0x08000974                __nedf2
                0x08000974                __eqdf2
                0x08000974                __cmpdf2
                0x080009f0                __aeabi_cdrcmple
                0x08000a00                __aeabi_cdcmpeq
                0x08000a00                __aeabi_cdcmple
                0x08000a10                __aeabi_dcmpeq
                0x08000a24                __aeabi_dcmplt
                0x08000a38                __aeabi_dcmple
                0x08000a4c                __aeabi_dcmpge
                0x08000a60                __aeabi_dcmpgt
 .text          0x08000a74       0x30 c:/make/test/gcc-arm-none-eabi-9-2019-q4-major-win32/bin/../lib/gcc/arm-none-eabi/9.2.1/thumb/v7e-m+fp/hard\libgcc.a(_aeabi_uldivmod.o)
                0x08000a74                __aeabi_uldivmod
 .text          0x08000aa4      0x2c4 c:/make/test/gcc-arm-none-eabi-9-2019-q4-major-win32/bin/../lib/gcc/arm-none-eabi/9.2.1/thumb/v7e-m+fp/hard\libgcc.a(_udivmoddi4.o)
                0x08000aa4                __udivmoddi4
 .text          0x08000d68        0x4 c:/make/test/gcc-arm-none-eabi-9-2019-q4-major-win32/bin/../lib/gcc/arm-none-eabi/9.2.1/thumb/v7e-m+fp/hard\libgcc.a(_dvmd_tls.o)
                0x08000d68                __aeabi_idiv0
                0x08000d68                __aeabi_ldiv0
 *(.text*)
 .text.AML_LaserSensor_Setup
                0x08000d6c       0xd0 build/AML_LaserSensor.o
                0x08000d6c                AML_LaserSensor_Setup
 .text.AML_LaserSensor_ReadSingle
                0x08000e3c       0x28 build/AML_LaserSensor.o
                0x08000e3c                AML_LaserSensor_ReadSingle
 .text.AML_MPUSensor_Setup
                0x08000e64       0x18 build/AML_MPUSensor.o
                0x08000e64                AML_MPUSensor_Setup
 .text.test     0x08000e7c        0x2 build/AML_MPUSensor.o
                0x08000e7c                test
 *fill*         0x08000e7e        0x2 
 .text.handle   0x08000e80       0x50 build/AML_MPUSensor.o
                0x08000e80                handle
 .text.HAL_UART_RxCpltCallback
                0x08000ed0       0x78 build/AML_MPUSensor.o
                0x08000ed0                HAL_UART_RxCpltCallback
 .text.MX_GPIO_Init
                0x08000f48       0xa8 build/main.o
 .text.MX_DMA_Init
                0x08000ff0       0x34 build/main.o
 .text.Error_Handler
                0x08001024        0x4 build/main.o
                0x08001024                Error_Handler
 .text.MX_USART1_UART_Init
                0x08001028       0x34 build/main.o
 .text.MX_I2C1_Init
                0x0800105c       0x38 build/main.o
 .text.SystemClock_Config
                0x08001094       0xa4 build/main.o
                0x08001094                SystemClock_Config
 .text.main     0x08001138       0x68 build/main.o
                0x08001138                main
 .text.PID_Compute
                0x080011a0      0x158 build/pid.o
                0x080011a0                PID_Compute
 .text.HAL_MspInit
                0x080012f8       0x38 build/stm32f4xx_hal_msp.o
                0x080012f8                HAL_MspInit
 .text.HAL_I2C_MspInit
                0x08001330       0x70 build/stm32f4xx_hal_msp.o
                0x08001330                HAL_I2C_MspInit
 .text.HAL_UART_MspInit
                0x080013a0       0xc0 build/stm32f4xx_hal_msp.o
                0x080013a0                HAL_UART_MspInit
 .text.NMI_Handler
                0x08001460        0x2 build/stm32f4xx_it.o
                0x08001460                NMI_Handler
 .text.HardFault_Handler
                0x08001462        0x2 build/stm32f4xx_it.o
                0x08001462                HardFault_Handler
 .text.MemManage_Handler
                0x08001464        0x2 build/stm32f4xx_it.o
                0x08001464                MemManage_Handler
 .text.BusFault_Handler
                0x08001466        0x2 build/stm32f4xx_it.o
                0x08001466                BusFault_Handler
 .text.UsageFault_Handler
                0x08001468        0x2 build/stm32f4xx_it.o
                0x08001468                UsageFault_Handler
 .text.SVC_Handler
                0x0800146a        0x2 build/stm32f4xx_it.o
                0x0800146a                SVC_Handler
 .text.DebugMon_Handler
                0x0800146c        0x2 build/stm32f4xx_it.o
                0x0800146c                DebugMon_Handler
 .text.PendSV_Handler
                0x0800146e        0x2 build/stm32f4xx_it.o
                0x0800146e                PendSV_Handler
 .text.SysTick_Handler
                0x08001470        0x8 build/stm32f4xx_it.o
                0x08001470                SysTick_Handler
 .text.USART1_IRQHandler
                0x08001478       0x10 build/stm32f4xx_it.o
                0x08001478                USART1_IRQHandler
 .text.DMA2_Stream2_IRQHandler
                0x08001488       0x10 build/stm32f4xx_it.o
                0x08001488                DMA2_Stream2_IRQHandler
 .text.SystemInit
                0x08001498       0x14 build/system_stm32f4xx.o
                0x08001498                SystemInit
 .text.VL53L0X_GetOffsetCalibrationDataMicroMeter
                0x080014ac        0x8 build/vl53l0x_api.o
                0x080014ac                VL53L0X_GetOffsetCalibrationDataMicroMeter
 .text.VL53L0X_WaitDeviceBooted
                0x080014b4        0x6 build/vl53l0x_api.o
                0x080014b4                VL53L0X_WaitDeviceBooted
 *fill*         0x080014ba        0x2 
 .text.VL53L0X_SetDeviceMode
                0x080014bc       0x24 build/vl53l0x_api.o
                0x080014bc                VL53L0X_SetDeviceMode
 .text.VL53L0X_GetDeviceMode
                0x080014e0        0x8 build/vl53l0x_api.o
                0x080014e0                VL53L0X_GetDeviceMode
 .text.VL53L0X_GetFractionEnable
                0x080014e8       0x18 build/vl53l0x_api.o
                0x080014e8                VL53L0X_GetFractionEnable
 .text.VL53L0X_SetMeasurementTimingBudgetMicroSeconds
                0x08001500        0x8 build/vl53l0x_api.o
                0x08001500                VL53L0X_SetMeasurementTimingBudgetMicroSeconds
 .text.VL53L0X_GetMeasurementTimingBudgetMicroSeconds
                0x08001508        0x8 build/vl53l0x_api.o
                0x08001508                VL53L0X_GetMeasurementTimingBudgetMicroSeconds
 .text.VL53L0X_SetVcselPulsePeriod
                0x08001510        0x8 build/vl53l0x_api.o
                0x08001510                VL53L0X_SetVcselPulsePeriod
 .text.VL53L0X_GetVcselPulsePeriod
                0x08001518        0x8 build/vl53l0x_api.o
                0x08001518                VL53L0X_GetVcselPulsePeriod
 .text.VL53L0X_SetSequenceStepEnable
                0x08001520       0xbc build/vl53l0x_api.o
                0x08001520                VL53L0X_SetSequenceStepEnable
 .text.sequence_step_enabled
                0x080015dc       0x48 build/vl53l0x_api.o
                0x080015dc                sequence_step_enabled
 .text.VL53L0X_GetSequenceStepEnables
                0x08001624       0x76 build/vl53l0x_api.o
                0x08001624                VL53L0X_GetSequenceStepEnables
 .text.VL53L0X_GetInterMeasurementPeriodMilliSeconds
                0x0800169a       0x38 build/vl53l0x_api.o
                0x0800169a                VL53L0X_GetInterMeasurementPeriodMilliSeconds
 .text.VL53L0X_GetXTalkCompensationEnable
                0x080016d2        0x8 build/vl53l0x_api.o
                0x080016d2                VL53L0X_GetXTalkCompensationEnable
 .text.VL53L0X_GetXTalkCompensationRateMegaCps
                0x080016da       0x32 build/vl53l0x_api.o
                0x080016da                VL53L0X_GetXTalkCompensationRateMegaCps
 .text.VL53L0X_SetLimitCheckEnable
                0x0800170c       0x96 build/vl53l0x_api.o
                0x0800170c                VL53L0X_SetLimitCheckEnable
 .text.VL53L0X_GetLimitCheckEnable
                0x080017a2       0x1a build/vl53l0x_api.o
                0x080017a2                VL53L0X_GetLimitCheckEnable
 .text.VL53L0X_SetLimitCheckValue
                0x080017bc       0x66 build/vl53l0x_api.o
                0x080017bc                VL53L0X_SetLimitCheckValue
 .text.VL53L0X_GetLimitCheckValue
                0x08001822       0xa2 build/vl53l0x_api.o
                0x08001822                VL53L0X_GetLimitCheckValue
 .text.VL53L0X_GetWrapAroundCheckEnable
                0x080018c4       0x3c build/vl53l0x_api.o
                0x080018c4                VL53L0X_GetWrapAroundCheckEnable
 .text.VL53L0X_GetDeviceParameters
                0x08001900       0xac build/vl53l0x_api.o
                0x08001900                VL53L0X_GetDeviceParameters
 .text.VL53L0X_DataInit
                0x080019ac      0x1c4 build/vl53l0x_api.o
                0x080019ac                VL53L0X_DataInit
 .text.VL53L0X_PerformRefCalibration
                0x08001b70        0xa build/vl53l0x_api.o
                0x08001b70                VL53L0X_PerformRefCalibration
 *fill*         0x08001b7a        0x2 
 .text.VL53L0X_GetRangingMeasurementData
                0x08001b7c      0x160 build/vl53l0x_api.o
                0x08001b7c                VL53L0X_GetRangingMeasurementData
 .text.VL53L0X_GetInterruptThresholds
                0x08001cdc       0x44 build/vl53l0x_api.o
                0x08001cdc                VL53L0X_GetInterruptThresholds
 .text.VL53L0X_CheckAndLoadInterruptSettings
                0x08001d20       0x88 build/vl53l0x_api.o
                0x08001d20                VL53L0X_CheckAndLoadInterruptSettings
 .text.VL53L0X_StartMeasurement
                0x08001da8       0xfa build/vl53l0x_api.o
                0x08001da8                VL53L0X_StartMeasurement
 .text.VL53L0X_PerformSingleMeasurement
                0x08001ea2       0x3a build/vl53l0x_api.o
                0x08001ea2                VL53L0X_PerformSingleMeasurement
 .text.VL53L0X_ClearInterruptMask
                0x08001edc       0x56 build/vl53l0x_api.o
                0x08001edc                VL53L0X_ClearInterruptMask
 .text.VL53L0X_PerformSingleRangingMeasurement
                0x08001f32       0x30 build/vl53l0x_api.o
                0x08001f32                VL53L0X_PerformSingleRangingMeasurement
 .text.VL53L0X_SetGpioConfig
                0x08001f62      0x144 build/vl53l0x_api.o
                0x08001f62                VL53L0X_SetGpioConfig
 *fill*         0x080020a6        0x2 
 .text.VL53L0X_StaticInit
                0x080020a8      0x1e0 build/vl53l0x_api.o
                0x080020a8                VL53L0X_StaticInit
 .text.VL53L0X_GetInterruptMaskStatus
                0x08002288       0x2a build/vl53l0x_api.o
                0x08002288                VL53L0X_GetInterruptMaskStatus
 .text.VL53L0X_GetMeasurementDataReady
                0x080022b2       0x4a build/vl53l0x_api.o
                0x080022b2                VL53L0X_GetMeasurementDataReady
 .text.VL53L0X_PerformRefSpadManagement
                0x080022fc        0x8 build/vl53l0x_api.o
                0x080022fc                VL53L0X_PerformRefSpadManagement
 .text.VL53L0X_get_offset_calibration_data_micro_meter
                0x08002304       0x3a build/vl53l0x_api_calibration.o
                0x08002304                VL53L0X_get_offset_calibration_data_micro_meter
 .text.get_next_good_spad
                0x0800233e       0x4a build/vl53l0x_api_calibration.o
                0x0800233e                get_next_good_spad
 .text.is_aperture
                0x08002388       0x18 build/vl53l0x_api_calibration.o
                0x08002388                is_aperture
 .text.enable_spad_bit
                0x080023a0       0x26 build/vl53l0x_api_calibration.o
                0x080023a0                enable_spad_bit
 .text.set_ref_spad_map
                0x080023c6        0xe build/vl53l0x_api_calibration.o
                0x080023c6                set_ref_spad_map
 .text.get_ref_spad_map
                0x080023d4        0xe build/vl53l0x_api_calibration.o
                0x080023d4                get_ref_spad_map
 .text.enable_ref_spads
                0x080023e2       0xa0 build/vl53l0x_api_calibration.o
                0x080023e2                enable_ref_spads
 .text.perform_ref_signal_measurement
                0x08002482       0x72 build/vl53l0x_api_calibration.o
                0x08002482                perform_ref_signal_measurement
 .text.VL53L0X_set_reference_spads
                0x080024f4       0xb4 build/vl53l0x_api_calibration.o
                0x080024f4                VL53L0X_set_reference_spads
 .text.VL53L0X_perform_single_ref_calibration
                0x080025a8       0x34 build/vl53l0x_api_calibration.o
                0x080025a8                VL53L0X_perform_single_ref_calibration
 .text.VL53L0X_ref_calibration_io
                0x080025dc       0xde build/vl53l0x_api_calibration.o
                0x080025dc                VL53L0X_ref_calibration_io
 .text.VL53L0X_perform_vhv_calibration
                0x080026ba       0x80 build/vl53l0x_api_calibration.o
                0x080026ba                VL53L0X_perform_vhv_calibration
 .text.VL53L0X_perform_phase_calibration
                0x0800273a       0x7a build/vl53l0x_api_calibration.o
                0x0800273a                VL53L0X_perform_phase_calibration
 .text.VL53L0X_perform_ref_calibration
                0x080027b4       0x44 build/vl53l0x_api_calibration.o
                0x080027b4                VL53L0X_perform_ref_calibration
 .text.VL53L0X_perform_ref_spad_management
                0x080027f8      0x2d2 build/vl53l0x_api_calibration.o
                0x080027f8                VL53L0X_perform_ref_spad_management
 .text.VL53L0X_measurement_poll_for_completion
                0x08002aca       0x3c build/vl53l0x_api_core.o
                0x08002aca                VL53L0X_measurement_poll_for_completion
 .text.VL53L0X_decode_vcsel_period
                0x08002b06        0xc build/vl53l0x_api_core.o
                0x08002b06                VL53L0X_decode_vcsel_period
 .text.VL53L0X_encode_vcsel_period
                0x08002b12        0x8 build/vl53l0x_api_core.o
                0x08002b12                VL53L0X_encode_vcsel_period
 .text.VL53L0X_isqrt
                0x08002b1a       0x28 build/vl53l0x_api_core.o
                0x08002b1a                VL53L0X_isqrt
 .text.VL53L0X_device_read_strobe
                0x08002b42       0x4e build/vl53l0x_api_core.o
                0x08002b42                VL53L0X_device_read_strobe
 .text.VL53L0X_get_info_from_device
                0x08002b90      0x580 build/vl53l0x_api_core.o
                0x08002b90                VL53L0X_get_info_from_device
 .text.VL53L0X_calc_macro_period_ps
                0x08003110        0xc build/vl53l0x_api_core.o
                0x08003110                VL53L0X_calc_macro_period_ps
 .text.VL53L0X_encode_timeout
                0x0800311c       0x24 build/vl53l0x_api_core.o
                0x0800311c                VL53L0X_encode_timeout
 .text.VL53L0X_decode_timeout
                0x08003140        0xc build/vl53l0x_api_core.o
                0x08003140                VL53L0X_decode_timeout
 .text.VL53L0X_calc_timeout_mclks
                0x0800314c       0x2c build/vl53l0x_api_core.o
                0x0800314c                VL53L0X_calc_timeout_mclks
 .text.VL53L0X_calc_timeout_us
                0x08003178       0x2c build/vl53l0x_api_core.o
                0x08003178                VL53L0X_calc_timeout_us
 .text.get_sequence_step_timeout
                0x080031a4      0x11c build/vl53l0x_api_core.o
                0x080031a4                get_sequence_step_timeout
 .text.set_sequence_step_timeout
                0x080032c0      0x11a build/vl53l0x_api_core.o
                0x080032c0                set_sequence_step_timeout
 .text.VL53L0X_set_vcsel_pulse_period
                0x080033da      0x308 build/vl53l0x_api_core.o
                0x080033da                VL53L0X_set_vcsel_pulse_period
 .text.VL53L0X_get_vcsel_pulse_period
                0x080036e2       0x40 build/vl53l0x_api_core.o
                0x080036e2                VL53L0X_get_vcsel_pulse_period
 .text.VL53L0X_set_measurement_timing_budget_micro_seconds
                0x08003722       0xe6 build/vl53l0x_api_core.o
                0x08003722                VL53L0X_set_measurement_timing_budget_micro_seconds
 .text.VL53L0X_get_measurement_timing_budget_micro_seconds
                0x08003808       0xce build/vl53l0x_api_core.o
                0x08003808                VL53L0X_get_measurement_timing_budget_micro_seconds
 .text.VL53L0X_load_tuning_settings
                0x080038d6       0xac build/vl53l0x_api_core.o
                0x080038d6                VL53L0X_load_tuning_settings
 .text.VL53L0X_get_total_xtalk_rate
                0x08003982       0x30 build/vl53l0x_api_core.o
                0x08003982                VL53L0X_get_total_xtalk_rate
 .text.VL53L0X_get_total_signal_rate
                0x080039b2       0x1e build/vl53l0x_api_core.o
                0x080039b2                VL53L0X_get_total_signal_rate
 .text.VL53L0X_calc_dmax
                0x080039d0      0x100 build/vl53l0x_api_core.o
                0x080039d0                VL53L0X_calc_dmax
 .text.VL53L0X_calc_sigma_estimate
                0x08003ad0      0x268 build/vl53l0x_api_core.o
                0x08003ad0                VL53L0X_calc_sigma_estimate
 .text.VL53L0X_get_pal_range_status
                0x08003d38      0x26c build/vl53l0x_api_core.o
                0x08003d38                VL53L0X_get_pal_range_status
 .text._I2CWrite
                0x08003fa4       0x20 build/vl53l0x_platform.o
                0x08003fa4                _I2CWrite
 .text._I2CRead
                0x08003fc4       0x22 build/vl53l0x_platform.o
                0x08003fc4                _I2CRead
 *fill*         0x08003fe6        0x2 
 .text.VL53L0X_WriteMulti
                0x08003fe8       0x3c build/vl53l0x_platform.o
                0x08003fe8                VL53L0X_WriteMulti
 .text.VL53L0X_ReadMulti
                0x08004024       0x36 build/vl53l0x_platform.o
                0x08004024                VL53L0X_ReadMulti
 *fill*         0x0800405a        0x2 
 .text.VL53L0X_WrByte
                0x0800405c       0x20 build/vl53l0x_platform.o
                0x0800405c                VL53L0X_WrByte
 .text.VL53L0X_WrWord
                0x0800407c       0x24 build/vl53l0x_platform.o
                0x0800407c                VL53L0X_WrWord
 .text.VL53L0X_RdByte
                0x080040a0       0x34 build/vl53l0x_platform.o
                0x080040a0                VL53L0X_RdByte
 .text.VL53L0X_UpdateByte
                0x080040d4       0x30 build/vl53l0x_platform.o
                0x080040d4                VL53L0X_UpdateByte
 .text.VL53L0X_RdWord
                0x08004104       0x44 build/vl53l0x_platform.o
                0x08004104                VL53L0X_RdWord
 .text.VL53L0X_RdDWord
                0x08004148       0x50 build/vl53l0x_platform.o
                0x08004148                VL53L0X_RdDWord
 .text.VL53L0X_PollingDelay
                0x08004198        0xc build/vl53l0x_platform.o
                0x08004198                VL53L0X_PollingDelay
 .text.HAL_InitTick
                0x080041a4       0x4c build/stm32f4xx_hal.o
                0x080041a4                HAL_InitTick
 .text.HAL_Init
                0x080041f0       0x34 build/stm32f4xx_hal.o
                0x080041f0                HAL_Init
 .text.HAL_IncTick
                0x08004224       0x18 build/stm32f4xx_hal.o
                0x08004224                HAL_IncTick
 .text.HAL_GetTick
                0x0800423c        0xc build/stm32f4xx_hal.o
                0x0800423c                HAL_GetTick
 .text.HAL_Delay
                0x08004248       0x28 build/stm32f4xx_hal.o
                0x08004248                HAL_Delay
 .text.HAL_NVIC_SetPriorityGrouping
                0x08004270       0x24 build/stm32f4xx_hal_cortex.o
                0x08004270                HAL_NVIC_SetPriorityGrouping
 .text.HAL_NVIC_SetPriority
                0x08004294       0x68 build/stm32f4xx_hal_cortex.o
                0x08004294                HAL_NVIC_SetPriority
 .text.HAL_NVIC_EnableIRQ
                0x080042fc       0x1c build/stm32f4xx_hal_cortex.o
                0x080042fc                HAL_NVIC_EnableIRQ
 .text.HAL_SYSTICK_Config
                0x08004318       0x2c build/stm32f4xx_hal_cortex.o
                0x08004318                HAL_SYSTICK_Config
 .text.DMA_SetConfig
                0x08004344       0x2c build/stm32f4xx_hal_dma.o
 .text.DMA_CalcBaseAndBitshift
                0x08004370       0x44 build/stm32f4xx_hal_dma.o
 .text.DMA_CheckFifoParam
                0x080043b4       0x8e build/stm32f4xx_hal_dma.o
 *fill*         0x08004442        0x2 
 .text.HAL_DMA_Init
                0x08004444       0xcc build/stm32f4xx_hal_dma.o
                0x08004444                HAL_DMA_Init
 .text.HAL_DMA_Start_IT
                0x08004510       0x6a build/stm32f4xx_hal_dma.o
                0x08004510                HAL_DMA_Start_IT
 .text.HAL_DMA_Abort
                0x0800457a       0x94 build/stm32f4xx_hal_dma.o
                0x0800457a                HAL_DMA_Abort
 .text.HAL_DMA_Abort_IT
                0x0800460e       0x26 build/stm32f4xx_hal_dma.o
                0x0800460e                HAL_DMA_Abort_IT
 .text.HAL_DMA_IRQHandler
                0x08004634      0x1dc build/stm32f4xx_hal_dma.o
                0x08004634                HAL_DMA_IRQHandler
 .text.HAL_GPIO_Init
                0x08004810      0x1d4 build/stm32f4xx_hal_gpio.o
                0x08004810                HAL_GPIO_Init
 .text.HAL_GPIO_WritePin
                0x080049e4        0xc build/stm32f4xx_hal_gpio.o
                0x080049e4                HAL_GPIO_WritePin
 .text.I2C_IsAcknowledgeFailed
                0x080049f0       0x32 build/stm32f4xx_hal_i2c.o
 .text.I2C_WaitOnFlagUntilTimeout
                0x08004a22       0x74 build/stm32f4xx_hal_i2c.o
 .text.I2C_WaitOnMasterAddressFlagUntilTimeout
                0x08004a96       0xaa build/stm32f4xx_hal_i2c.o
 .text.I2C_MasterRequestWrite
                0x08004b40       0xb4 build/stm32f4xx_hal_i2c.o
 .text.I2C_MasterRequestRead
                0x08004bf4      0x120 build/stm32f4xx_hal_i2c.o
 .text.I2C_WaitOnTXEFlagUntilTimeout
                0x08004d14       0x54 build/stm32f4xx_hal_i2c.o
 .text.I2C_WaitOnBTFFlagUntilTimeout
                0x08004d68       0x54 build/stm32f4xx_hal_i2c.o
 .text.I2C_WaitOnRXNEFlagUntilTimeout
                0x08004dbc       0x6a build/stm32f4xx_hal_i2c.o
 *fill*         0x08004e26        0x2 
 .text.HAL_I2C_Init
                0x08004e28      0x1bc build/stm32f4xx_hal_i2c.o
                0x08004e28                HAL_I2C_Init
 .text.HAL_I2C_Master_Transmit
                0x08004fe4      0x178 build/stm32f4xx_hal_i2c.o
                0x08004fe4                HAL_I2C_Master_Transmit
 .text.HAL_I2C_Master_Receive
                0x0800515c      0x2e8 build/stm32f4xx_hal_i2c.o
                0x0800515c                HAL_I2C_Master_Receive
 .text.HAL_I2C_IsDeviceReady
                0x08005444      0x194 build/stm32f4xx_hal_i2c.o
                0x08005444                HAL_I2C_IsDeviceReady
 .text.HAL_RCC_OscConfig
                0x080055d8      0x3f8 build/stm32f4xx_hal_rcc.o
                0x080055d8                HAL_RCC_OscConfig
 .text.HAL_RCC_GetSysClockFreq
                0x080059d0       0xa0 build/stm32f4xx_hal_rcc.o
                0x080059d0                HAL_RCC_GetSysClockFreq
 .text.HAL_RCC_ClockConfig
                0x08005a70      0x160 build/stm32f4xx_hal_rcc.o
                0x08005a70                HAL_RCC_ClockConfig
 .text.HAL_RCC_GetHCLKFreq
                0x08005bd0        0xc build/stm32f4xx_hal_rcc.o
                0x08005bd0                HAL_RCC_GetHCLKFreq
 .text.HAL_RCC_GetPCLK1Freq
                0x08005bdc       0x20 build/stm32f4xx_hal_rcc.o
                0x08005bdc                HAL_RCC_GetPCLK1Freq
 .text.HAL_RCC_GetPCLK2Freq
                0x08005bfc       0x20 build/stm32f4xx_hal_rcc.o
                0x08005bfc                HAL_RCC_GetPCLK2Freq
 .text.UART_EndTxTransfer
                0x08005c1c       0x20 build/stm32f4xx_hal_uart.o
 .text.UART_EndRxTransfer
                0x08005c3c       0x5c build/stm32f4xx_hal_uart.o
 .text.UART_Transmit_IT
                0x08005c98       0x60 build/stm32f4xx_hal_uart.o
 .text.UART_SetConfig
                0x08005cf8      0x11c build/stm32f4xx_hal_uart.o
 .text.UART_WaitOnFlagUntilTimeout
                0x08005e14       0x84 build/stm32f4xx_hal_uart.o
 .text.HAL_UART_Init
                0x08005e98       0x5e build/stm32f4xx_hal_uart.o
                0x08005e98                HAL_UART_Init
 .text.HAL_UART_Receive
                0x08005ef6       0xe4 build/stm32f4xx_hal_uart.o
                0x08005ef6                HAL_UART_Receive
 .text.HAL_UART_TxCpltCallback
                0x08005fda        0x2 build/stm32f4xx_hal_uart.o
                0x08005fda                HAL_UART_TxCpltCallback
 .text.UART_EndTransmit_IT
                0x08005fdc       0x1a build/stm32f4xx_hal_uart.o
 .text.HAL_UART_RxHalfCpltCallback
                0x08005ff6        0x2 build/stm32f4xx_hal_uart.o
                0x08005ff6                HAL_UART_RxHalfCpltCallback
 .text.HAL_UART_ErrorCallback
                0x08005ff8        0x2 build/stm32f4xx_hal_uart.o
                0x08005ff8                HAL_UART_ErrorCallback
 .text.UART_DMAError
                0x08005ffa       0x58 build/stm32f4xx_hal_uart.o
 .text.UART_DMAAbortOnError
                0x08006052       0x10 build/stm32f4xx_hal_uart.o
 .text.HAL_UARTEx_RxEventCallback
                0x08006062        0x2 build/stm32f4xx_hal_uart.o
                0x08006062                HAL_UARTEx_RxEventCallback
 .text.UART_Receive_IT
                0x08006064       0xe2 build/stm32f4xx_hal_uart.o
 *fill*         0x08006146        0x2 
 .text.HAL_UART_IRQHandler
                0x08006148      0x280 build/stm32f4xx_hal_uart.o
                0x08006148                HAL_UART_IRQHandler
 .text.UART_DMARxHalfCplt
                0x080063c8       0x1a build/stm32f4xx_hal_uart.o
 .text.UART_DMAReceiveCplt
                0x080063e2       0x96 build/stm32f4xx_hal_uart.o
 .text.UART_Start_Receive_DMA
                0x08006478       0xa8 build/stm32f4xx_hal_uart.o
                0x08006478                UART_Start_Receive_DMA
 .text.HAL_UART_Receive_DMA
                0x08006520       0x38 build/stm32f4xx_hal_uart.o
                0x08006520                HAL_UART_Receive_DMA
 .text.Reset_Handler
                0x08006558       0x50 build/startup_stm32f407xx.o
                0x08006558                Reset_Handler
 .text.Default_Handler
                0x080065a8        0x2 build/startup_stm32f407xx.o
                0x080065a8                RTC_Alarm_IRQHandler
                0x080065a8                HASH_RNG_IRQHandler
                0x080065a8                EXTI2_IRQHandler
                0x080065a8                TIM8_CC_IRQHandler
                0x080065a8                TIM1_CC_IRQHandler
                0x080065a8                DMA2_Stream5_IRQHandler
                0x080065a8                DMA1_Stream5_IRQHandler
                0x080065a8                PVD_IRQHandler
                0x080065a8                SDIO_IRQHandler
                0x080065a8                TAMP_STAMP_IRQHandler
                0x080065a8                CAN2_RX1_IRQHandler
                0x080065a8                EXTI3_IRQHandler
                0x080065a8                TIM8_TRG_COM_TIM14_IRQHandler
                0x080065a8                TIM1_UP_TIM10_IRQHandler
                0x080065a8                TIM8_UP_TIM13_IRQHandler
                0x080065a8                I2C3_ER_IRQHandler
                0x080065a8                EXTI0_IRQHandler
                0x080065a8                I2C2_EV_IRQHandler
                0x080065a8                DMA1_Stream2_IRQHandler
                0x080065a8                CAN1_RX0_IRQHandler
                0x080065a8                FPU_IRQHandler
                0x080065a8                OTG_HS_WKUP_IRQHandler
                0x080065a8                CAN2_SCE_IRQHandler
                0x080065a8                SPI1_IRQHandler
                0x080065a8                TIM6_DAC_IRQHandler
                0x080065a8                TIM1_BRK_TIM9_IRQHandler
                0x080065a8                DCMI_IRQHandler
                0x080065a8                CAN2_RX0_IRQHandler
                0x080065a8                DMA2_Stream3_IRQHandler
                0x080065a8                USART6_IRQHandler
                0x080065a8                USART3_IRQHandler
                0x080065a8                CAN1_RX1_IRQHandler
                0x080065a8                UART5_IRQHandler
                0x080065a8                DMA2_Stream0_IRQHandler
                0x080065a8                TIM4_IRQHandler
                0x080065a8                I2C1_EV_IRQHandler
                0x080065a8                DMA1_Stream6_IRQHandler
                0x080065a8                DMA1_Stream1_IRQHandler
                0x080065a8                UART4_IRQHandler
                0x080065a8                TIM3_IRQHandler
                0x080065a8                RCC_IRQHandler
                0x080065a8                TIM8_BRK_TIM12_IRQHandler
                0x080065a8                Default_Handler
                0x080065a8                EXTI15_10_IRQHandler
                0x080065a8                ADC_IRQHandler
                0x080065a8                DMA1_Stream7_IRQHandler
                0x080065a8                TIM7_IRQHandler
                0x080065a8                CAN2_TX_IRQHandler
                0x080065a8                TIM5_IRQHandler
                0x080065a8                DMA2_Stream7_IRQHandler
                0x080065a8                I2C3_EV_IRQHandler
                0x080065a8                EXTI9_5_IRQHandler
                0x080065a8                RTC_WKUP_IRQHandler
                0x080065a8                ETH_WKUP_IRQHandler
                0x080065a8                SPI2_IRQHandler
                0x080065a8                OTG_HS_EP1_IN_IRQHandler
                0x080065a8                DMA1_Stream0_IRQHandler
                0x080065a8                CAN1_TX_IRQHandler
                0x080065a8                EXTI4_IRQHandler
                0x080065a8                FSMC_IRQHandler
                0x080065a8                ETH_IRQHandler
                0x080065a8                OTG_HS_EP1_OUT_IRQHandler
                0x080065a8                WWDG_IRQHandler
                0x080065a8                TIM2_IRQHandler
                0x080065a8                OTG_FS_WKUP_IRQHandler
                0x080065a8                TIM1_TRG_COM_TIM11_IRQHandler
                0x080065a8                OTG_HS_IRQHandler
                0x080065a8                EXTI1_IRQHandler
                0x080065a8                USART2_IRQHandler
                0x080065a8                I2C2_ER_IRQHandler
                0x080065a8                DMA2_Stream1_IRQHandler
                0x080065a8                CAN1_SCE_IRQHandler
                0x080065a8                FLASH_IRQHandler
                0x080065a8                DMA2_Stream4_IRQHandler
                0x080065a8                OTG_FS_IRQHandler
                0x080065a8                SPI3_IRQHandler
                0x080065a8                DMA1_Stream4_IRQHandler
                0x080065a8                I2C1_ER_IRQHandler
                0x080065a8                DMA2_Stream6_IRQHandler
                0x080065a8                DMA1_Stream3_IRQHandler
 *fill*         0x080065aa        0x2 
 .text.__libc_init_array
                0x080065ac       0x48 c:/make/test/gcc-arm-none-eabi-9-2019-q4-major-win32/bin/../lib/gcc/arm-none-eabi/9.2.1/../../../../arm-none-eabi/lib/thumb/v7e-m+fp/hard\libc_nano.a(lib_a-init.o)
                0x080065ac                __libc_init_array
 .text.memcpy   0x080065f4       0x1c c:/make/test/gcc-arm-none-eabi-9-2019-q4-major-win32/bin/../lib/gcc/arm-none-eabi/9.2.1/../../../../arm-none-eabi/lib/thumb/v7e-m+fp/hard\libc_nano.a(lib_a-memcpy-stub.o)
                0x080065f4                memcpy
 .text.memset   0x08006610       0x10 c:/make/test/gcc-arm-none-eabi-9-2019-q4-major-win32/bin/../lib/gcc/arm-none-eabi/9.2.1/../../../../arm-none-eabi/lib/thumb/v7e-m+fp/hard\libc_nano.a(lib_a-memset.o)
                0x08006610                memset
 .text.strcpy   0x08006620       0x10 c:/make/test/gcc-arm-none-eabi-9-2019-q4-major-win32/bin/../lib/gcc/arm-none-eabi/9.2.1/../../../../arm-none-eabi/lib/thumb/v7e-m+fp/hard\libc_nano.a(lib_a-strcpy.o)
                0x08006620                strcpy
 *(.glue_7)
 .glue_7        0x08006630        0x0 linker stubs
 *(.glue_7t)
 .glue_7t       0x08006630        0x0 linker stubs
 *(.eh_frame)
 .eh_frame      0x08006630        0x0 c:/make/test/gcc-arm-none-eabi-9-2019-q4-major-win32/bin/../lib/gcc/arm-none-eabi/9.2.1/thumb/v7e-m+fp/hard/crtbegin.o
 *(.init)
 .init          0x08006630        0x4 c:/make/test/gcc-arm-none-eabi-9-2019-q4-major-win32/bin/../lib/gcc/arm-none-eabi/9.2.1/thumb/v7e-m+fp/hard/crti.o
                0x08006630                _init
 .init          0x08006634        0x8 c:/make/test/gcc-arm-none-eabi-9-2019-q4-major-win32/bin/../lib/gcc/arm-none-eabi/9.2.1/thumb/v7e-m+fp/hard/crtn.o
 *(.fini)
 .fini          0x0800663c        0x4 c:/make/test/gcc-arm-none-eabi-9-2019-q4-major-win32/bin/../lib/gcc/arm-none-eabi/9.2.1/thumb/v7e-m+fp/hard/crti.o
                0x0800663c                _fini
 .fini          0x08006640        0x8 c:/make/test/gcc-arm-none-eabi-9-2019-q4-major-win32/bin/../lib/gcc/arm-none-eabi/9.2.1/thumb/v7e-m+fp/hard/crtn.o
                0x08006648                . = ALIGN (0x4)
                0x08006648                _etext = .

.vfp11_veneer   0x08006648        0x0
 .vfp11_veneer  0x08006648        0x0 linker stubs

.v4_bx          0x08006648        0x0
 .v4_bx         0x08006648        0x0 linker stubs

.iplt           0x08006648        0x0
 .iplt          0x08006648        0x0 c:/make/test/gcc-arm-none-eabi-9-2019-q4-major-win32/bin/../lib/gcc/arm-none-eabi/9.2.1/thumb/v7e-m+fp/hard/crtbegin.o

.rodata         0x08006648       0x20
                0x08006648                . = ALIGN (0x4)
 *(.rodata)
 *(.rodata*)
 .rodata.AHBPrescTable
                0x08006648       0x10 build/system_stm32f4xx.o
                0x08006648                AHBPrescTable
 .rodata.APBPrescTable
                0x08006658        0x8 build/system_stm32f4xx.o
                0x08006658                APBPrescTable
 .rodata.flagBitshiftOffset.8029
                0x08006660        0x8 build/stm32f4xx_hal_dma.o
                0x08006668                . = ALIGN (0x4)

.ARM.extab      0x08006668        0x0
                0x08006668                . = ALIGN (0x4)
 *(.ARM.extab* .gnu.linkonce.armextab.*)
                0x08006668                . = ALIGN (0x4)

.ARM            0x08006668        0x8
                0x08006668                . = ALIGN (0x4)
                0x08006668                __exidx_start = .
 *(.ARM.exidx*)
 .ARM.exidx     0x08006668        0x8 c:/make/test/gcc-arm-none-eabi-9-2019-q4-major-win32/bin/../lib/gcc/arm-none-eabi/9.2.1/thumb/v7e-m+fp/hard\libgcc.a(_udivmoddi4.o)
                0x08006670                __exidx_end = .
                0x08006670                . = ALIGN (0x4)

.rel.dyn        0x08006670        0x0
 .rel.iplt      0x08006670        0x0 c:/make/test/gcc-arm-none-eabi-9-2019-q4-major-win32/bin/../lib/gcc/arm-none-eabi/9.2.1/thumb/v7e-m+fp/hard/crtbegin.o

.preinit_array  0x08006670        0x0
                0x08006670                . = ALIGN (0x4)
                0x08006670                PROVIDE (__preinit_array_start = .)
 *(.preinit_array*)
                0x08006670                PROVIDE (__preinit_array_end = .)
                0x08006670                . = ALIGN (0x4)

.init_array     0x08006670        0x4
                0x08006670                . = ALIGN (0x4)
                0x08006670                PROVIDE (__init_array_start = .)
 *(SORT_BY_NAME(.init_array.*))
 *(.init_array*)
 .init_array    0x08006670        0x4 c:/make/test/gcc-arm-none-eabi-9-2019-q4-major-win32/bin/../lib/gcc/arm-none-eabi/9.2.1/thumb/v7e-m+fp/hard/crtbegin.o
                0x08006674                PROVIDE (__init_array_end = .)
                0x08006674                . = ALIGN (0x4)

.fini_array     0x08006674        0x4
                0x08006674                . = ALIGN (0x4)
                [!provide]                PROVIDE (__fini_array_start = .)
 *(SORT_BY_NAME(.fini_array.*))
 *(.fini_array*)
 .fini_array    0x08006674        0x4 c:/make/test/gcc-arm-none-eabi-9-2019-q4-major-win32/bin/../lib/gcc/arm-none-eabi/9.2.1/thumb/v7e-m+fp/hard/crtbegin.o
                [!provide]                PROVIDE (__fini_array_end = .)
                0x08006678                . = ALIGN (0x4)
                0x08006678                _sidata = LOADADDR (.data)

.data           0x20000000      0x2d0 load address 0x08006678
                0x20000000                . = ALIGN (0x4)
                0x20000000                _sdata = .
 *(.data)
 *(.data*)
 .data.Dev      0x20000000        0x4 build/AML_LaserSensor.o
                0x20000000                Dev
 .data.buffer   0x20000004        0x1 build/AML_MPUSensor.o
                0x20000004                buffer
 *fill*         0x20000005        0x3 
 .data.SystemCoreClock
                0x20000008        0x4 build/system_stm32f4xx.o
                0x20000008                SystemCoreClock
 .data.DefaultTuningSettings
                0x2000000c       0xf3 build/vl53l0x_api.o
                0x2000000c                DefaultTuningSettings
 *fill*         0x200000ff        0x1 
 .data.InterruptThresholdSettings
                0x20000100      0x1b6 build/vl53l0x_api.o
                0x20000100                InterruptThresholdSettings
 *fill*         0x200002b6        0x2 
 .data.refArrayQuadrants
                0x200002b8       0x10 build/vl53l0x_api_calibration.o
                0x200002b8                refArrayQuadrants
 .data.uwTickFreq
                0x200002c8        0x1 build/stm32f4xx_hal.o
                0x200002c8                uwTickFreq
 *fill*         0x200002c9        0x3 
 .data.uwTickPrio
                0x200002cc        0x4 build/stm32f4xx_hal.o
                0x200002cc                uwTickPrio
 *(.RamFunc)
 *(.RamFunc*)
                0x200002d0                . = ALIGN (0x4)
                0x200002d0                _edata = .
                0x08006948                _siccmram = LOADADDR (.ccmram)

.igot.plt       0x200002d0        0x0 load address 0x08006948
 .igot.plt      0x200002d0        0x0 c:/make/test/gcc-arm-none-eabi-9-2019-q4-major-win32/bin/../lib/gcc/arm-none-eabi/9.2.1/thumb/v7e-m+fp/hard/crtbegin.o

.ccmram         0x10000000        0x0 load address 0x08006948
                0x10000000                . = ALIGN (0x4)
                0x10000000                _sccmram = .
 *(.ccmram)
 *(.ccmram*)
                0x10000000                . = ALIGN (0x4)
                0x10000000                _eccmram = .
                0x10000000                . = ALIGN (0x4)

.bss            0x200002d0      0x480
                0x200002d0                _sbss = .
                0x200002d0                __bss_start__ = _sbss
 *(.bss)
 .bss           0x200002d0       0x1c c:/make/test/gcc-arm-none-eabi-9-2019-q4-major-win32/bin/../lib/gcc/arm-none-eabi/9.2.1/thumb/v7e-m+fp/hard/crtbegin.o
 *(.bss*)
 *(COMMON)
 COMMON         0x200002ec      0x1b6 build/AML_LaserSensor.o
                0x200002ec                SensorValue
                0x20000308                Laser_Val
                0x20000498                isApertureSpads
                0x2000049c                refSpadCount
                0x200004a0                PhaseCal
                0x200004a1                VhvSettings
 *fill*         0x200004a2        0x6 
 COMMON         0x200004a8       0xa1 build/AML_MPUSensor.o
                0x200004a8                pid
                0x20000518                out
                0x20000520                angle
                0x20000528                data
 *fill*         0x20000549        0x3 
 COMMON         0x2000054c      0x1c0 build/main.o
                0x2000054c                hi2c1
                0x200005a0                debug
                0x20000668                hdma_usart1_rx
                0x200006c8                huart1
 COMMON         0x2000070c       0x40 build/vl53l0x_platform.o
                0x2000070c                _I2CBuffer
 COMMON         0x2000074c        0x4 build/stm32f4xx_hal.o
                0x2000074c                uwTick
                0x20000750                . = ALIGN (0x4)
                0x20000750                _ebss = .
                0x20000750                __bss_end__ = _ebss

._user_heap_stack
                0x20000750      0x600
                0x20000750                . = ALIGN (0x8)
                [!provide]                PROVIDE (end = .)
                0x20000750                PROVIDE (_end = .)
                0x20000950                . = (. + _Min_Heap_Size)
 *fill*         0x20000750      0x200 
                0x20000d50                . = (. + _Min_Stack_Size)
 *fill*         0x20000950      0x400 
                0x20000d50                . = ALIGN (0x8)

/DISCARD/
 libc.a(*)
 libm.a(*)
 libgcc.a(*)

.ARM.attributes
                0x00000000       0x30
 *(.ARM.attributes)
 .ARM.attributes
                0x00000000       0x1e c:/make/test/gcc-arm-none-eabi-9-2019-q4-major-win32/bin/../lib/gcc/arm-none-eabi/9.2.1/thumb/v7e-m+fp/hard/crti.o
 .ARM.attributes
                0x0000001e       0x34 c:/make/test/gcc-arm-none-eabi-9-2019-q4-major-win32/bin/../lib/gcc/arm-none-eabi/9.2.1/thumb/v7e-m+fp/hard/crtbegin.o
 .ARM.attributes
                0x00000052       0x34 build/AML_LaserSensor.o
 .ARM.attributes
                0x00000086       0x34 build/AML_MPUSensor.o
 .ARM.attributes
                0x000000ba       0x34 build/main.o
 .ARM.attributes
                0x000000ee       0x34 build/pid.o
 .ARM.attributes
                0x00000122       0x34 build/stm32f4xx_hal_msp.o
 .ARM.attributes
                0x00000156       0x34 build/stm32f4xx_it.o
 .ARM.attributes
                0x0000018a       0x34 build/system_stm32f4xx.o
 .ARM.attributes
                0x000001be       0x34 build/vl53l0x_api.o
 .ARM.attributes
                0x000001f2       0x34 build/vl53l0x_api_calibration.o
 .ARM.attributes
                0x00000226       0x34 build/vl53l0x_api_core.o
 .ARM.attributes
                0x0000025a       0x34 build/vl53l0x_platform.o
 .ARM.attributes
                0x0000028e       0x34 build/stm32f4xx_hal.o
 .ARM.attributes
                0x000002c2       0x34 build/stm32f4xx_hal_cortex.o
 .ARM.attributes
                0x000002f6       0x34 build/stm32f4xx_hal_dma.o
 .ARM.attributes
                0x0000032a       0x34 build/stm32f4xx_hal_gpio.o
 .ARM.attributes
                0x0000035e       0x34 build/stm32f4xx_hal_i2c.o
 .ARM.attributes
                0x00000392       0x34 build/stm32f4xx_hal_rcc.o
 .ARM.attributes
                0x000003c6       0x34 build/stm32f4xx_hal_uart.o
 .ARM.attributes
                0x000003fa       0x21 build/startup_stm32f407xx.o
 .ARM.attributes
                0x0000041b       0x34 c:/make/test/gcc-arm-none-eabi-9-2019-q4-major-win32/bin/../lib/gcc/arm-none-eabi/9.2.1/../../../../arm-none-eabi/lib/thumb/v7e-m+fp/hard\libc_nano.a(lib_a-init.o)
 .ARM.attributes
                0x0000044f       0x34 c:/make/test/gcc-arm-none-eabi-9-2019-q4-major-win32/bin/../lib/gcc/arm-none-eabi/9.2.1/../../../../arm-none-eabi/lib/thumb/v7e-m+fp/hard\libc_nano.a(lib_a-memcpy-stub.o)
 .ARM.attributes
                0x00000483       0x34 c:/make/test/gcc-arm-none-eabi-9-2019-q4-major-win32/bin/../lib/gcc/arm-none-eabi/9.2.1/../../../../arm-none-eabi/lib/thumb/v7e-m+fp/hard\libc_nano.a(lib_a-memset.o)
 .ARM.attributes
                0x000004b7       0x34 c:/make/test/gcc-arm-none-eabi-9-2019-q4-major-win32/bin/../lib/gcc/arm-none-eabi/9.2.1/../../../../arm-none-eabi/lib/thumb/v7e-m+fp/hard\libc_nano.a(lib_a-strcpy.o)
 .ARM.attributes
                0x000004eb       0x1e c:/make/test/gcc-arm-none-eabi-9-2019-q4-major-win32/bin/../lib/gcc/arm-none-eabi/9.2.1/thumb/v7e-m+fp/hard\libgcc.a(_arm_addsubdf3.o)
 .ARM.attributes
                0x00000509       0x1e c:/make/test/gcc-arm-none-eabi-9-2019-q4-major-win32/bin/../lib/gcc/arm-none-eabi/9.2.1/thumb/v7e-m+fp/hard\libgcc.a(_arm_muldivdf3.o)
 .ARM.attributes
                0x00000527       0x1e c:/make/test/gcc-arm-none-eabi-9-2019-q4-major-win32/bin/../lib/gcc/arm-none-eabi/9.2.1/thumb/v7e-m+fp/hard\libgcc.a(_arm_cmpdf2.o)
 .ARM.attributes
                0x00000545       0x1e c:/make/test/gcc-arm-none-eabi-9-2019-q4-major-win32/bin/../lib/gcc/arm-none-eabi/9.2.1/thumb/v7e-m+fp/hard\libgcc.a(_aeabi_uldivmod.o)
 .ARM.attributes
                0x00000563       0x34 c:/make/test/gcc-arm-none-eabi-9-2019-q4-major-win32/bin/../lib/gcc/arm-none-eabi/9.2.1/thumb/v7e-m+fp/hard\libgcc.a(_udivmoddi4.o)
 .ARM.attributes
                0x00000597       0x1e c:/make/test/gcc-arm-none-eabi-9-2019-q4-major-win32/bin/../lib/gcc/arm-none-eabi/9.2.1/thumb/v7e-m+fp/hard\libgcc.a(_dvmd_tls.o)
 .ARM.attributes
                0x000005b5       0x1e c:/make/test/gcc-arm-none-eabi-9-2019-q4-major-win32/bin/../lib/gcc/arm-none-eabi/9.2.1/thumb/v7e-m+fp/hard/crtn.o
OUTPUT(build/E.elf elf32-littlearm)

.debug_info     0x00000000    0x22579
 .debug_info    0x00000000     0x1aa9 build/AML_LaserSensor.o
 .debug_info    0x00001aa9     0x1298 build/AML_MPUSensor.o
 .debug_info    0x00002d41     0x1cd8 build/main.o
 .debug_info    0x00004a19     0x1280 build/pid.o
 .debug_info    0x00005c99     0x10f9 build/stm32f4xx_hal_msp.o
 .debug_info    0x00006d92      0x77d build/stm32f4xx_it.o
 .debug_info    0x0000750f      0x5b9 build/system_stm32f4xx.o
 .debug_info    0x00007ac8     0x5ca8 build/vl53l0x_api.o
 .debug_info    0x0000d770     0x333b build/vl53l0x_api_calibration.o
 .debug_info    0x00010aab     0x4349 build/vl53l0x_api_core.o
 .debug_info    0x00014df4     0x1eba build/vl53l0x_platform.o
 .debug_info    0x00016cae      0xa79 build/stm32f4xx_hal.o
 .debug_info    0x00017727     0x1154 build/stm32f4xx_hal_cortex.o
 .debug_info    0x0001887b      0xbed build/stm32f4xx_hal_dma.o
 .debug_info    0x00019468      0x884 build/stm32f4xx_hal_gpio.o
 .debug_info    0x00019cec     0x3a0c build/stm32f4xx_hal_i2c.o
 .debug_info    0x0001d6f8      0xb5d build/stm32f4xx_hal_rcc.o
 .debug_info    0x0001e255     0x4302 build/stm32f4xx_hal_uart.o
 .debug_info    0x00022557       0x22 build/startup_stm32f407xx.o

.debug_abbrev   0x00000000     0x335e
 .debug_abbrev  0x00000000      0x30d build/AML_LaserSensor.o
 .debug_abbrev  0x0000030d      0x2c8 build/AML_MPUSensor.o
 .debug_abbrev  0x000005d5      0x35d build/main.o
 .debug_abbrev  0x00000932      0x37e build/pid.o
 .debug_abbrev  0x00000cb0      0x1f0 build/stm32f4xx_hal_msp.o
 .debug_abbrev  0x00000ea0      0x193 build/stm32f4xx_it.o
 .debug_abbrev  0x00001033      0x148 build/system_stm32f4xx.o
 .debug_abbrev  0x0000117b      0x3ca build/vl53l0x_api.o
 .debug_abbrev  0x00001545      0x3d0 build/vl53l0x_api_calibration.o
 .debug_abbrev  0x00001915      0x3f1 build/vl53l0x_api_core.o
 .debug_abbrev  0x00001d06      0x311 build/vl53l0x_platform.o
 .debug_abbrev  0x00002017      0x219 build/stm32f4xx_hal.o
 .debug_abbrev  0x00002230      0x390 build/stm32f4xx_hal_cortex.o
 .debug_abbrev  0x000025c0      0x2d5 build/stm32f4xx_hal_dma.o
 .debug_abbrev  0x00002895      0x21c build/stm32f4xx_hal_gpio.o
 .debug_abbrev  0x00002ab1      0x2ab build/stm32f4xx_hal_i2c.o
 .debug_abbrev  0x00002d5c      0x2ae build/stm32f4xx_hal_rcc.o
 .debug_abbrev  0x0000300a      0x342 build/stm32f4xx_hal_uart.o
 .debug_abbrev  0x0000334c       0x12 build/startup_stm32f407xx.o

.debug_loc      0x00000000    0x1586e
 .debug_loc     0x00000000       0x62 build/AML_LaserSensor.o
 .debug_loc     0x00000062       0x42 build/AML_MPUSensor.o
 .debug_loc     0x000000a4       0x30 build/main.o
 .debug_loc     0x000000d4      0x89a build/pid.o
 .debug_loc     0x0000096e       0xd8 build/stm32f4xx_hal_msp.o
 .debug_loc     0x00000a46      0x16c build/system_stm32f4xx.o
 .debug_loc     0x00000bb2     0x422d build/vl53l0x_api.o
 .debug_loc     0x00004ddf     0x20a0 build/vl53l0x_api_calibration.o
 .debug_loc     0x00006e7f     0x3610 build/vl53l0x_api_core.o
 .debug_loc     0x0000a48f      0xa1f build/vl53l0x_platform.o
 .debug_loc     0x0000aeae      0x141 build/stm32f4xx_hal.o
 .debug_loc     0x0000afef      0x744 build/stm32f4xx_hal_cortex.o
 .debug_loc     0x0000b733      0xbf9 build/stm32f4xx_hal_dma.o
 .debug_loc     0x0000c32c      0x513 build/stm32f4xx_hal_gpio.o
 .debug_loc     0x0000c83f     0x4115 build/stm32f4xx_hal_i2c.o
 .debug_loc     0x00010954      0x56f build/stm32f4xx_hal_rcc.o
 .debug_loc     0x00010ec3     0x49ab build/stm32f4xx_hal_uart.o

.debug_aranges  0x00000000      0xf48
 .debug_aranges
                0x00000000       0x30 build/AML_LaserSensor.o
 .debug_aranges
                0x00000030       0x38 build/AML_MPUSensor.o
 .debug_aranges
                0x00000068       0x50 build/main.o
 .debug_aranges
                0x000000b8       0x90 build/pid.o
 .debug_aranges
                0x00000148       0x40 build/stm32f4xx_hal_msp.o
 .debug_aranges
                0x00000188       0x70 build/stm32f4xx_it.o
 .debug_aranges
                0x000001f8       0x28 build/system_stm32f4xx.o
 .debug_aranges
                0x00000220      0x330 build/vl53l0x_api.o
 .debug_aranges
                0x00000550       0xd0 build/vl53l0x_api_calibration.o
 .debug_aranges
                0x00000620       0xe0 build/vl53l0x_api_core.o
 .debug_aranges
                0x00000700       0x78 build/vl53l0x_platform.o
 .debug_aranges
                0x00000778       0xf0 build/stm32f4xx_hal.o
 .debug_aranges
                0x00000868       0xa8 build/stm32f4xx_hal_cortex.o
 .debug_aranges
                0x00000910       0x90 build/stm32f4xx_hal_dma.o
 .debug_aranges
                0x000009a0       0x58 build/stm32f4xx_hal_gpio.o
 .debug_aranges
                0x000009f8      0x2a0 build/stm32f4xx_hal_i2c.o
 .debug_aranges
                0x00000c98       0x88 build/stm32f4xx_hal_rcc.o
 .debug_aranges
                0x00000d20      0x200 build/stm32f4xx_hal_uart.o
 .debug_aranges
                0x00000f20       0x28 build/startup_stm32f407xx.o

.debug_ranges   0x00000000      0xec8
 .debug_ranges  0x00000000       0x20 build/AML_LaserSensor.o
 .debug_ranges  0x00000020       0x28 build/AML_MPUSensor.o
 .debug_ranges  0x00000048       0x40 build/main.o
 .debug_ranges  0x00000088       0x80 build/pid.o
 .debug_ranges  0x00000108       0x30 build/stm32f4xx_hal_msp.o
 .debug_ranges  0x00000138       0x60 build/stm32f4xx_it.o
 .debug_ranges  0x00000198       0x18 build/system_stm32f4xx.o
 .debug_ranges  0x000001b0      0x320 build/vl53l0x_api.o
 .debug_ranges  0x000004d0       0xc0 build/vl53l0x_api_calibration.o
 .debug_ranges  0x00000590       0xd0 build/vl53l0x_api_core.o
 .debug_ranges  0x00000660       0x68 build/vl53l0x_platform.o
 .debug_ranges  0x000006c8       0xe0 build/stm32f4xx_hal.o
 .debug_ranges  0x000007a8       0xf8 build/stm32f4xx_hal_cortex.o
 .debug_ranges  0x000008a0       0x80 build/stm32f4xx_hal_dma.o
 .debug_ranges  0x00000920       0x48 build/stm32f4xx_hal_gpio.o
 .debug_ranges  0x00000968      0x2a8 build/stm32f4xx_hal_i2c.o
 .debug_ranges  0x00000c10       0x90 build/stm32f4xx_hal_rcc.o
 .debug_ranges  0x00000ca0      0x208 build/stm32f4xx_hal_uart.o
 .debug_ranges  0x00000ea8       0x20 build/startup_stm32f407xx.o

.debug_line     0x00000000    0x1485b
 .debug_line    0x00000000      0x421 build/AML_LaserSensor.o
 .debug_line    0x00000421      0x349 build/AML_MPUSensor.o
 .debug_line    0x0000076a      0x610 build/main.o
 .debug_line    0x00000d7a      0x6f3 build/pid.o
 .debug_line    0x0000146d      0x40b build/stm32f4xx_hal_msp.o
 .debug_line    0x00001878      0x327 build/stm32f4xx_it.o
 .debug_line    0x00001b9f      0x28a build/system_stm32f4xx.o
 .debug_line    0x00001e29     0x282f build/vl53l0x_api.o
 .debug_line    0x00004658     0x13ee build/vl53l0x_api_calibration.o
 .debug_line    0x00005a46     0x1ff6 build/vl53l0x_api_core.o
 .debug_line    0x00007a3c      0x645 build/vl53l0x_platform.o
 .debug_line    0x00008081      0x569 build/stm32f4xx_hal.o
 .debug_line    0x000085ea      0x7a6 build/stm32f4xx_hal_cortex.o
 .debug_line    0x00008d90      0xe52 build/stm32f4xx_hal_dma.o
 .debug_line    0x00009be2      0x733 build/stm32f4xx_hal_gpio.o
 .debug_line    0x0000a315     0x5382 build/stm32f4xx_hal_i2c.o
 .debug_line    0x0000f697      0xb36 build/stm32f4xx_hal_rcc.o
 .debug_line    0x000101cd     0x4618 build/stm32f4xx_hal_uart.o
 .debug_line    0x000147e5       0x76 build/startup_stm32f407xx.o

.debug_str      0x00000000     0x662c
 .debug_str     0x00000000     0x1326 build/AML_LaserSensor.o
                               0x158e (size before relaxing)
 .debug_str     0x00001326      0x35f build/AML_MPUSensor.o
                                0xcc2 (size before relaxing)
 .debug_str     0x00001685      0x845 build/main.o
                               0x16b6 (size before relaxing)
 .debug_str     0x00001eca      0x126 build/pid.o
                                0x912 (size before relaxing)
 .debug_str     0x00001ff0       0xaf build/stm32f4xx_hal_msp.o
                               0x10e9 (size before relaxing)
 .debug_str     0x0000209f      0x105 build/stm32f4xx_it.o
                                0x807 (size before relaxing)
 .debug_str     0x000021a4       0xac build/system_stm32f4xx.o
                                0x45f (size before relaxing)
 .debug_str     0x00002250     0x16dd build/vl53l0x_api.o
                               0x2d59 (size before relaxing)
 .debug_str     0x0000392d      0x619 build/vl53l0x_api_calibration.o
                               0x1dd7 (size before relaxing)
 .debug_str     0x00003f46      0xbd9 build/vl53l0x_api_core.o
                               0x2409 (size before relaxing)
 .debug_str     0x00004b1f       0xac build/vl53l0x_platform.o
                               0x1470 (size before relaxing)
 .debug_str     0x00004bcb      0x2c7 build/stm32f4xx_hal.o
                                0xbf1 (size before relaxing)
 .debug_str     0x00004e92      0x42a build/stm32f4xx_hal_cortex.o
                                0xd30 (size before relaxing)
 .debug_str     0x000052bc      0x2d9 build/stm32f4xx_hal_dma.o
                                0x87c (size before relaxing)
 .debug_str     0x00005595      0x125 build/stm32f4xx_hal_gpio.o
                                0x5f6 (size before relaxing)
 .debug_str     0x000056ba      0x851 build/stm32f4xx_hal_i2c.o
                               0x1136 (size before relaxing)
 .debug_str     0x00005f0b      0x165 build/stm32f4xx_hal_rcc.o
                                0x7d4 (size before relaxing)
 .debug_str     0x00006070      0x598 build/stm32f4xx_hal_uart.o
                                0xe5e (size before relaxing)
 .debug_str     0x00006608       0x24 build/startup_stm32f407xx.o
                                 0x8e (size before relaxing)

.comment        0x00000000       0x79
 .comment       0x00000000       0x79 build/AML_LaserSensor.o
                                 0x7a (size before relaxing)
 .comment       0x00000079       0x7a build/AML_MPUSensor.o
 .comment       0x00000079       0x7a build/main.o
 .comment       0x00000079       0x7a build/pid.o
 .comment       0x00000079       0x7a build/stm32f4xx_hal_msp.o
 .comment       0x00000079       0x7a build/stm32f4xx_it.o
 .comment       0x00000079       0x7a build/system_stm32f4xx.o
 .comment       0x00000079       0x7a build/vl53l0x_api.o
 .comment       0x00000079       0x7a build/vl53l0x_api_calibration.o
 .comment       0x00000079       0x7a build/vl53l0x_api_core.o
 .comment       0x00000079       0x7a build/vl53l0x_platform.o
 .comment       0x00000079       0x7a build/stm32f4xx_hal.o
 .comment       0x00000079       0x7a build/stm32f4xx_hal_cortex.o
 .comment       0x00000079       0x7a build/stm32f4xx_hal_dma.o
 .comment       0x00000079       0x7a build/stm32f4xx_hal_gpio.o
 .comment       0x00000079       0x7a build/stm32f4xx_hal_i2c.o
 .comment       0x00000079       0x7a build/stm32f4xx_hal_rcc.o
 .comment       0x00000079       0x7a build/stm32f4xx_hal_uart.o

.debug_frame    0x00000000     0x3614
 .debug_frame   0x00000000       0x6c build/AML_LaserSensor.o
 .debug_frame   0x0000006c       0x74 build/AML_MPUSensor.o
 .debug_frame   0x000000e0       0xd8 build/main.o
 .debug_frame   0x000001b8      0x258 build/pid.o
 .debug_frame   0x00000410       0xb0 build/stm32f4xx_hal_msp.o
 .debug_frame   0x000004c0       0xe4 build/stm32f4xx_it.o
 .debug_frame   0x000005a4       0x30 build/system_stm32f4xx.o
 .debug_frame   0x000005d4      0xb78 build/vl53l0x_api.o
 .debug_frame   0x0000114c      0x3bc build/vl53l0x_api_calibration.o
 .debug_frame   0x00001508      0x390 build/vl53l0x_api_core.o
 .debug_frame   0x00001898      0x1d8 build/vl53l0x_platform.o
 .debug_frame   0x00001a70      0x200 build/stm32f4xx_hal.o
 .debug_frame   0x00001c70      0x16c build/stm32f4xx_hal_cortex.o
 .debug_frame   0x00001ddc      0x1b8 build/stm32f4xx_hal_dma.o
 .debug_frame   0x00001f94       0xec build/stm32f4xx_hal_gpio.o
 .debug_frame   0x00002080      0xac0 build/stm32f4xx_hal_i2c.o
 .debug_frame   0x00002b40      0x1ac build/stm32f4xx_hal_rcc.o
 .debug_frame   0x00002cec      0x674 build/stm32f4xx_hal_uart.o
 .debug_frame   0x00003360       0x2c c:/make/test/gcc-arm-none-eabi-9-2019-q4-major-win32/bin/../lib/gcc/arm-none-eabi/9.2.1/../../../../arm-none-eabi/lib/thumb/v7e-m+fp/hard\libc_nano.a(lib_a-init.o)
 .debug_frame   0x0000338c       0x28 c:/make/test/gcc-arm-none-eabi-9-2019-q4-major-win32/bin/../lib/gcc/arm-none-eabi/9.2.1/../../../../arm-none-eabi/lib/thumb/v7e-m+fp/hard\libc_nano.a(lib_a-memcpy-stub.o)
 .debug_frame   0x000033b4       0x20 c:/make/test/gcc-arm-none-eabi-9-2019-q4-major-win32/bin/../lib/gcc/arm-none-eabi/9.2.1/../../../../arm-none-eabi/lib/thumb/v7e-m+fp/hard\libc_nano.a(lib_a-memset.o)
 .debug_frame   0x000033d4       0x20 c:/make/test/gcc-arm-none-eabi-9-2019-q4-major-win32/bin/../lib/gcc/arm-none-eabi/9.2.1/../../../../arm-none-eabi/lib/thumb/v7e-m+fp/hard\libc_nano.a(lib_a-strcpy.o)
 .debug_frame   0x000033f4       0xac c:/make/test/gcc-arm-none-eabi-9-2019-q4-major-win32/bin/../lib/gcc/arm-none-eabi/9.2.1/thumb/v7e-m+fp/hard\libgcc.a(_arm_addsubdf3.o)
 .debug_frame   0x000034a0       0x50 c:/make/test/gcc-arm-none-eabi-9-2019-q4-major-win32/bin/../lib/gcc/arm-none-eabi/9.2.1/thumb/v7e-m+fp/hard\libgcc.a(_arm_muldivdf3.o)
 .debug_frame   0x000034f0       0xc4 c:/make/test/gcc-arm-none-eabi-9-2019-q4-major-win32/bin/../lib/gcc/arm-none-eabi/9.2.1/thumb/v7e-m+fp/hard\libgcc.a(_arm_cmpdf2.o)
 .debug_frame   0x000035b4       0x2c c:/make/test/gcc-arm-none-eabi-9-2019-q4-major-win32/bin/../lib/gcc/arm-none-eabi/9.2.1/thumb/v7e-m+fp/hard\libgcc.a(_aeabi_uldivmod.o)
 .debug_frame   0x000035e0       0x34 c:/make/test/gcc-arm-none-eabi-9-2019-q4-major-win32/bin/../lib/gcc/arm-none-eabi/9.2.1/thumb/v7e-m+fp/hard\libgcc.a(_udivmoddi4.o)

Cross Reference Table

Symbol                                            File
ADC_IRQHandler                                    build/startup_stm32f407xx.o
AHBPrescTable                                     build/system_stm32f4xx.o
                                                  build/stm32f4xx_hal_rcc.o
AML_LaserSensor_ReadSingle                        build/AML_LaserSensor.o
                                                  build/main.o
AML_LaserSensor_Setup                             build/AML_LaserSensor.o
                                                  build/main.o
AML_MPUSensor_Setup                               build/AML_MPUSensor.o
                                                  build/main.o
APBPrescTable                                     build/system_stm32f4xx.o
                                                  build/stm32f4xx_hal_rcc.o
BusFault_Handler                                  build/stm32f4xx_it.o
CAN1_RX0_IRQHandler                               build/startup_stm32f407xx.o
CAN1_RX1_IRQHandler                               build/startup_stm32f407xx.o
CAN1_SCE_IRQHandler                               build/startup_stm32f407xx.o
CAN1_TX_IRQHandler                                build/startup_stm32f407xx.o
CAN2_RX0_IRQHandler                               build/startup_stm32f407xx.o
CAN2_RX1_IRQHandler                               build/startup_stm32f407xx.o
CAN2_SCE_IRQHandler                               build/startup_stm32f407xx.o
CAN2_TX_IRQHandler                                build/startup_stm32f407xx.o
DCMI_IRQHandler                                   build/startup_stm32f407xx.o
DMA1_Stream0_IRQHandler                           build/startup_stm32f407xx.o
DMA1_Stream1_IRQHandler                           build/startup_stm32f407xx.o
DMA1_Stream2_IRQHandler                           build/startup_stm32f407xx.o
DMA1_Stream3_IRQHandler                           build/startup_stm32f407xx.o
DMA1_Stream4_IRQHandler                           build/startup_stm32f407xx.o
DMA1_Stream5_IRQHandler                           build/startup_stm32f407xx.o
DMA1_Stream6_IRQHandler                           build/startup_stm32f407xx.o
DMA1_Stream7_IRQHandler                           build/startup_stm32f407xx.o
DMA2_Stream0_IRQHandler                           build/startup_stm32f407xx.o
DMA2_Stream1_IRQHandler                           build/startup_stm32f407xx.o
DMA2_Stream2_IRQHandler                           build/stm32f4xx_it.o
DMA2_Stream3_IRQHandler                           build/startup_stm32f407xx.o
DMA2_Stream4_IRQHandler                           build/startup_stm32f407xx.o
DMA2_Stream5_IRQHandler                           build/startup_stm32f407xx.o
DMA2_Stream6_IRQHandler                           build/startup_stm32f407xx.o
DMA2_Stream7_IRQHandler                           build/startup_stm32f407xx.o
DebugMon_Handler                                  build/stm32f4xx_it.o
DefaultTuningSettings                             build/vl53l0x_api.o
Default_Handler                                   build/startup_stm32f407xx.o
Dev                                               build/AML_LaserSensor.o
ETH_IRQHandler                                    build/startup_stm32f407xx.o
ETH_WKUP_IRQHandler                               build/startup_stm32f407xx.o
EXTI0_IRQHandler                                  build/startup_stm32f407xx.o
EXTI15_10_IRQHandler                              build/startup_stm32f407xx.o
EXTI1_IRQHandler                                  build/startup_stm32f407xx.o
EXTI2_IRQHandler                                  build/startup_stm32f407xx.o
EXTI3_IRQHandler                                  build/startup_stm32f407xx.o
EXTI4_IRQHandler                                  build/startup_stm32f407xx.o
EXTI9_5_IRQHandler                                build/startup_stm32f407xx.o
Error_Handler                                     build/main.o
                                                  build/stm32f4xx_hal_msp.o
FLASH_Erase_Sector                                build/stm32f4xx_hal_flash_ex.o
                                                  build/stm32f4xx_hal_flash.o
FLASH_FlushCaches                                 build/stm32f4xx_hal_flash_ex.o
                                                  build/stm32f4xx_hal_flash.o
FLASH_IRQHandler                                  build/startup_stm32f407xx.o
FLASH_WaitForLastOperation                        build/stm32f4xx_hal_flash.o
                                                  build/stm32f4xx_hal_flash_ex.o
FPU_IRQHandler                                    build/startup_stm32f407xx.o
FSMC_IRQHandler                                   build/startup_stm32f407xx.o
HAL_DBGMCU_DisableDBGSleepMode                    build/stm32f4xx_hal.o
HAL_DBGMCU_DisableDBGStandbyMode                  build/stm32f4xx_hal.o
HAL_DBGMCU_DisableDBGStopMode                     build/stm32f4xx_hal.o
HAL_DBGMCU_EnableDBGSleepMode                     build/stm32f4xx_hal.o
HAL_DBGMCU_EnableDBGStandbyMode                   build/stm32f4xx_hal.o
HAL_DBGMCU_EnableDBGStopMode                      build/stm32f4xx_hal.o
HAL_DMAEx_ChangeMemory                            build/stm32f4xx_hal_dma_ex.o
HAL_DMAEx_MultiBufferStart                        build/stm32f4xx_hal_dma_ex.o
HAL_DMAEx_MultiBufferStart_IT                     build/stm32f4xx_hal_dma_ex.o
HAL_DMA_Abort                                     build/stm32f4xx_hal_dma.o
                                                  build/stm32f4xx_hal_uart.o
HAL_DMA_Abort_IT                                  build/stm32f4xx_hal_dma.o
                                                  build/stm32f4xx_hal_uart.o
                                                  build/stm32f4xx_hal_i2c.o
HAL_DMA_DeInit                                    build/stm32f4xx_hal_dma.o
                                                  build/stm32f4xx_hal_msp.o
HAL_DMA_GetError                                  build/stm32f4xx_hal_dma.o
                                                  build/stm32f4xx_hal_uart.o
                                                  build/stm32f4xx_hal_i2c.o
HAL_DMA_GetState                                  build/stm32f4xx_hal_dma.o
                                                  build/stm32f4xx_hal_i2c.o
HAL_DMA_IRQHandler                                build/stm32f4xx_hal_dma.o
                                                  build/stm32f4xx_it.o
HAL_DMA_Init                                      build/stm32f4xx_hal_dma.o
                                                  build/stm32f4xx_hal_msp.o
HAL_DMA_PollForTransfer                           build/stm32f4xx_hal_dma.o
HAL_DMA_RegisterCallback                          build/stm32f4xx_hal_dma.o
HAL_DMA_Start                                     build/stm32f4xx_hal_dma.o
HAL_DMA_Start_IT                                  build/stm32f4xx_hal_dma.o
                                                  build/stm32f4xx_hal_uart.o
                                                  build/stm32f4xx_hal_i2c.o
HAL_DMA_UnRegisterCallback                        build/stm32f4xx_hal_dma.o
HAL_DeInit                                        build/stm32f4xx_hal.o
HAL_Delay                                         build/stm32f4xx_hal.o
                                                  build/vl53l0x_platform.o
                                                  build/AML_LaserSensor.o
HAL_DisableCompensationCell                       build/stm32f4xx_hal.o
HAL_EXTI_ClearConfigLine                          build/stm32f4xx_hal_exti.o
HAL_EXTI_ClearPending                             build/stm32f4xx_hal_exti.o
HAL_EXTI_GenerateSWI                              build/stm32f4xx_hal_exti.o
HAL_EXTI_GetConfigLine                            build/stm32f4xx_hal_exti.o
HAL_EXTI_GetHandle                                build/stm32f4xx_hal_exti.o
HAL_EXTI_GetPending                               build/stm32f4xx_hal_exti.o
HAL_EXTI_IRQHandler                               build/stm32f4xx_hal_exti.o
HAL_EXTI_RegisterCallback                         build/stm32f4xx_hal_exti.o
HAL_EXTI_SetConfigLine                            build/stm32f4xx_hal_exti.o
HAL_EnableCompensationCell                        build/stm32f4xx_hal.o
HAL_FLASHEx_Erase                                 build/stm32f4xx_hal_flash_ex.o
HAL_FLASHEx_Erase_IT                              build/stm32f4xx_hal_flash_ex.o
HAL_FLASHEx_OBGetConfig                           build/stm32f4xx_hal_flash_ex.o
HAL_FLASHEx_OBProgram                             build/stm32f4xx_hal_flash_ex.o
HAL_FLASH_EndOfOperationCallback                  build/stm32f4xx_hal_flash.o
HAL_FLASH_GetError                                build/stm32f4xx_hal_flash.o
HAL_FLASH_IRQHandler                              build/stm32f4xx_hal_flash.o
HAL_FLASH_Lock                                    build/stm32f4xx_hal_flash.o
HAL_FLASH_OB_Launch                               build/stm32f4xx_hal_flash.o
HAL_FLASH_OB_Lock                                 build/stm32f4xx_hal_flash.o
HAL_FLASH_OB_Unlock                               build/stm32f4xx_hal_flash.o
HAL_FLASH_OperationErrorCallback                  build/stm32f4xx_hal_flash.o
HAL_FLASH_Program                                 build/stm32f4xx_hal_flash.o
HAL_FLASH_Program_IT                              build/stm32f4xx_hal_flash.o
HAL_FLASH_Unlock                                  build/stm32f4xx_hal_flash.o
HAL_GPIO_DeInit                                   build/stm32f4xx_hal_gpio.o
                                                  build/stm32f4xx_hal_msp.o
HAL_GPIO_EXTI_Callback                            build/stm32f4xx_hal_gpio.o
HAL_GPIO_EXTI_IRQHandler                          build/stm32f4xx_hal_gpio.o
HAL_GPIO_Init                                     build/stm32f4xx_hal_gpio.o
                                                  build/stm32f4xx_hal_rcc.o
                                                  build/stm32f4xx_hal_msp.o
                                                  build/main.o
HAL_GPIO_LockPin                                  build/stm32f4xx_hal_gpio.o
HAL_GPIO_ReadPin                                  build/stm32f4xx_hal_gpio.o
HAL_GPIO_TogglePin                                build/stm32f4xx_hal_gpio.o
HAL_GPIO_WritePin                                 build/stm32f4xx_hal_gpio.o
                                                  build/main.o
                                                  build/AML_LaserSensor.o
HAL_GetDEVID                                      build/stm32f4xx_hal.o
HAL_GetHalVersion                                 build/stm32f4xx_hal.o
HAL_GetREVID                                      build/stm32f4xx_hal.o
HAL_GetTick                                       build/stm32f4xx_hal.o
                                                  build/stm32f4xx_hal_uart.o
                                                  build/stm32f4xx_hal_rcc_ex.o
                                                  build/stm32f4xx_hal_rcc.o
                                                  build/stm32f4xx_hal_pwr_ex.o
                                                  build/stm32f4xx_hal_i2c.o
                                                  build/stm32f4xx_hal_flash.o
                                                  build/stm32f4xx_hal_dma.o
                                                  build/pid.o
HAL_GetTickFreq                                   build/stm32f4xx_hal.o
HAL_GetTickPrio                                   build/stm32f4xx_hal.o
HAL_GetUIDw0                                      build/stm32f4xx_hal.o
HAL_GetUIDw1                                      build/stm32f4xx_hal.o
HAL_GetUIDw2                                      build/stm32f4xx_hal.o
HAL_HalfDuplex_EnableReceiver                     build/stm32f4xx_hal_uart.o
HAL_HalfDuplex_EnableTransmitter                  build/stm32f4xx_hal_uart.o
HAL_HalfDuplex_Init                               build/stm32f4xx_hal_uart.o
HAL_I2C_AbortCpltCallback                         build/stm32f4xx_hal_i2c.o
HAL_I2C_AddrCallback                              build/stm32f4xx_hal_i2c.o
HAL_I2C_DeInit                                    build/stm32f4xx_hal_i2c.o
HAL_I2C_DisableListen_IT                          build/stm32f4xx_hal_i2c.o
HAL_I2C_ER_IRQHandler                             build/stm32f4xx_hal_i2c.o
HAL_I2C_EV_IRQHandler                             build/stm32f4xx_hal_i2c.o
HAL_I2C_EnableListen_IT                           build/stm32f4xx_hal_i2c.o
HAL_I2C_ErrorCallback                             build/stm32f4xx_hal_i2c.o
HAL_I2C_GetError                                  build/stm32f4xx_hal_i2c.o
HAL_I2C_GetMode                                   build/stm32f4xx_hal_i2c.o
HAL_I2C_GetState                                  build/stm32f4xx_hal_i2c.o
HAL_I2C_Init                                      build/stm32f4xx_hal_i2c.o
                                                  build/main.o
HAL_I2C_IsDeviceReady                             build/stm32f4xx_hal_i2c.o
                                                  build/main.o
                                                  build/AML_LaserSensor.o
HAL_I2C_ListenCpltCallback                        build/stm32f4xx_hal_i2c.o
HAL_I2C_MasterRxCpltCallback                      build/stm32f4xx_hal_i2c.o
HAL_I2C_MasterTxCpltCallback                      build/stm32f4xx_hal_i2c.o
HAL_I2C_Master_Abort_IT                           build/stm32f4xx_hal_i2c.o
HAL_I2C_Master_Receive                            build/stm32f4xx_hal_i2c.o
                                                  build/vl53l0x_platform.o
HAL_I2C_Master_Receive_DMA                        build/stm32f4xx_hal_i2c.o
HAL_I2C_Master_Receive_IT                         build/stm32f4xx_hal_i2c.o
HAL_I2C_Master_Seq_Receive_DMA                    build/stm32f4xx_hal_i2c.o
HAL_I2C_Master_Seq_Receive_IT                     build/stm32f4xx_hal_i2c.o
HAL_I2C_Master_Seq_Transmit_DMA                   build/stm32f4xx_hal_i2c.o
HAL_I2C_Master_Seq_Transmit_IT                    build/stm32f4xx_hal_i2c.o
HAL_I2C_Master_Transmit                           build/stm32f4xx_hal_i2c.o
                                                  build/vl53l0x_platform.o
HAL_I2C_Master_Transmit_DMA                       build/stm32f4xx_hal_i2c.o
HAL_I2C_Master_Transmit_IT                        build/stm32f4xx_hal_i2c.o
HAL_I2C_MemRxCpltCallback                         build/stm32f4xx_hal_i2c.o
HAL_I2C_MemTxCpltCallback                         build/stm32f4xx_hal_i2c.o
HAL_I2C_Mem_Read                                  build/stm32f4xx_hal_i2c.o
HAL_I2C_Mem_Read_DMA                              build/stm32f4xx_hal_i2c.o
HAL_I2C_Mem_Read_IT                               build/stm32f4xx_hal_i2c.o
HAL_I2C_Mem_Write                                 build/stm32f4xx_hal_i2c.o
HAL_I2C_Mem_Write_DMA                             build/stm32f4xx_hal_i2c.o
HAL_I2C_Mem_Write_IT                              build/stm32f4xx_hal_i2c.o
HAL_I2C_MspDeInit                                 build/stm32f4xx_hal_msp.o
HAL_I2C_MspInit                                   build/stm32f4xx_hal_msp.o
HAL_I2C_SlaveRxCpltCallback                       build/stm32f4xx_hal_i2c.o
HAL_I2C_SlaveTxCpltCallback                       build/stm32f4xx_hal_i2c.o
HAL_I2C_Slave_Receive                             build/stm32f4xx_hal_i2c.o
HAL_I2C_Slave_Receive_DMA                         build/stm32f4xx_hal_i2c.o
HAL_I2C_Slave_Receive_IT                          build/stm32f4xx_hal_i2c.o
HAL_I2C_Slave_Seq_Receive_DMA                     build/stm32f4xx_hal_i2c.o
HAL_I2C_Slave_Seq_Receive_IT                      build/stm32f4xx_hal_i2c.o
HAL_I2C_Slave_Seq_Transmit_DMA                    build/stm32f4xx_hal_i2c.o
HAL_I2C_Slave_Seq_Transmit_IT                     build/stm32f4xx_hal_i2c.o
HAL_I2C_Slave_Transmit                            build/stm32f4xx_hal_i2c.o
HAL_I2C_Slave_Transmit_DMA                        build/stm32f4xx_hal_i2c.o
HAL_I2C_Slave_Transmit_IT                         build/stm32f4xx_hal_i2c.o
HAL_IncTick                                       build/stm32f4xx_hal.o
                                                  build/stm32f4xx_it.o
HAL_Init                                          build/stm32f4xx_hal.o
                                                  build/main.o
HAL_InitTick                                      build/stm32f4xx_hal.o
                                                  build/stm32f4xx_hal_rcc_ex.o
                                                  build/stm32f4xx_hal_rcc.o
HAL_LIN_Init                                      build/stm32f4xx_hal_uart.o
HAL_LIN_SendBreak                                 build/stm32f4xx_hal_uart.o
HAL_MPU_ConfigRegion                              build/stm32f4xx_hal_cortex.o
HAL_MPU_Disable                                   build/stm32f4xx_hal_cortex.o
HAL_MPU_Enable                                    build/stm32f4xx_hal_cortex.o
HAL_MspDeInit                                     build/stm32f4xx_hal.o
HAL_MspInit                                       build/stm32f4xx_hal_msp.o
HAL_MultiProcessor_EnterMuteMode                  build/stm32f4xx_hal_uart.o
HAL_MultiProcessor_ExitMuteMode                   build/stm32f4xx_hal_uart.o
HAL_MultiProcessor_Init                           build/stm32f4xx_hal_uart.o
HAL_NVIC_ClearPendingIRQ                          build/stm32f4xx_hal_cortex.o
HAL_NVIC_DisableIRQ                               build/stm32f4xx_hal_cortex.o
                                                  build/stm32f4xx_hal_msp.o
HAL_NVIC_EnableIRQ                                build/stm32f4xx_hal_cortex.o
                                                  build/stm32f4xx_hal_msp.o
                                                  build/main.o
HAL_NVIC_GetActive                                build/stm32f4xx_hal_cortex.o
HAL_NVIC_GetPendingIRQ                            build/stm32f4xx_hal_cortex.o
HAL_NVIC_GetPriority                              build/stm32f4xx_hal_cortex.o
HAL_NVIC_GetPriorityGrouping                      build/stm32f4xx_hal_cortex.o
HAL_NVIC_SetPendingIRQ                            build/stm32f4xx_hal_cortex.o
HAL_NVIC_SetPriority                              build/stm32f4xx_hal_cortex.o
                                                  build/stm32f4xx_hal.o
                                                  build/stm32f4xx_hal_msp.o
                                                  build/main.o
HAL_NVIC_SetPriorityGrouping                      build/stm32f4xx_hal_cortex.o
                                                  build/stm32f4xx_hal.o
HAL_NVIC_SystemReset                              build/stm32f4xx_hal_cortex.o
HAL_PWREx_ControlVoltageScaling                   build/stm32f4xx_hal_pwr_ex.o
HAL_PWREx_DisableBkUpReg                          build/stm32f4xx_hal_pwr_ex.o
HAL_PWREx_DisableFlashPowerDown                   build/stm32f4xx_hal_pwr_ex.o
HAL_PWREx_EnableBkUpReg                           build/stm32f4xx_hal_pwr_ex.o
HAL_PWREx_EnableFlashPowerDown                    build/stm32f4xx_hal_pwr_ex.o
HAL_PWREx_GetVoltageRange                         build/stm32f4xx_hal_pwr_ex.o
HAL_PWR_ConfigPVD                                 build/stm32f4xx_hal_pwr.o
HAL_PWR_DeInit                                    build/stm32f4xx_hal_pwr.o
HAL_PWR_DisableBkUpAccess                         build/stm32f4xx_hal_pwr.o
HAL_PWR_DisablePVD                                build/stm32f4xx_hal_pwr.o
HAL_PWR_DisableSEVOnPend                          build/stm32f4xx_hal_pwr.o
HAL_PWR_DisableSleepOnExit                        build/stm32f4xx_hal_pwr.o
HAL_PWR_DisableWakeUpPin                          build/stm32f4xx_hal_pwr.o
HAL_PWR_EnableBkUpAccess                          build/stm32f4xx_hal_pwr.o
HAL_PWR_EnablePVD                                 build/stm32f4xx_hal_pwr.o
HAL_PWR_EnableSEVOnPend                           build/stm32f4xx_hal_pwr.o
HAL_PWR_EnableSleepOnExit                         build/stm32f4xx_hal_pwr.o
HAL_PWR_EnableWakeUpPin                           build/stm32f4xx_hal_pwr.o
HAL_PWR_EnterSLEEPMode                            build/stm32f4xx_hal_pwr.o
HAL_PWR_EnterSTANDBYMode                          build/stm32f4xx_hal_pwr.o
HAL_PWR_EnterSTOPMode                             build/stm32f4xx_hal_pwr.o
HAL_PWR_PVDCallback                               build/stm32f4xx_hal_pwr.o
HAL_PWR_PVD_IRQHandler                            build/stm32f4xx_hal_pwr.o
HAL_RCCEx_DisablePLLI2S                           build/stm32f4xx_hal_rcc_ex.o
HAL_RCCEx_EnablePLLI2S                            build/stm32f4xx_hal_rcc_ex.o
HAL_RCCEx_GetPeriphCLKConfig                      build/stm32f4xx_hal_rcc_ex.o
HAL_RCCEx_GetPeriphCLKFreq                        build/stm32f4xx_hal_rcc_ex.o
HAL_RCCEx_PeriphCLKConfig                         build/stm32f4xx_hal_rcc_ex.o
HAL_RCC_CSSCallback                               build/stm32f4xx_hal_rcc.o
HAL_RCC_ClockConfig                               build/stm32f4xx_hal_rcc.o
                                                  build/main.o
HAL_RCC_DeInit                                    build/stm32f4xx_hal_rcc_ex.o
                                                  build/stm32f4xx_hal_rcc.o
HAL_RCC_DisableCSS                                build/stm32f4xx_hal_rcc.o
HAL_RCC_EnableCSS                                 build/stm32f4xx_hal_rcc.o
HAL_RCC_GetClockConfig                            build/stm32f4xx_hal_rcc.o
HAL_RCC_GetHCLKFreq                               build/stm32f4xx_hal_rcc.o
HAL_RCC_GetOscConfig                              build/stm32f4xx_hal_rcc.o
HAL_RCC_GetPCLK1Freq                              build/stm32f4xx_hal_rcc.o
                                                  build/stm32f4xx_hal_uart.o
                                                  build/stm32f4xx_hal_i2c.o
HAL_RCC_GetPCLK2Freq                              build/stm32f4xx_hal_rcc.o
                                                  build/stm32f4xx_hal_uart.o
HAL_RCC_GetSysClockFreq                           build/stm32f4xx_hal_rcc.o
HAL_RCC_MCOConfig                                 build/stm32f4xx_hal_rcc.o
HAL_RCC_NMI_IRQHandler                            build/stm32f4xx_hal_rcc.o
HAL_RCC_OscConfig                                 build/stm32f4xx_hal_rcc.o
                                                  build/main.o
HAL_ResumeTick                                    build/stm32f4xx_hal.o
HAL_SYSTICK_CLKSourceConfig                       build/stm32f4xx_hal_cortex.o
HAL_SYSTICK_Callback                              build/stm32f4xx_hal_cortex.o
HAL_SYSTICK_Config                                build/stm32f4xx_hal_cortex.o
                                                  build/stm32f4xx_hal.o
HAL_SYSTICK_IRQHandler                            build/stm32f4xx_hal_cortex.o
HAL_SetTickFreq                                   build/stm32f4xx_hal.o
HAL_SuspendTick                                   build/stm32f4xx_hal.o
HAL_UARTEx_ReceiveToIdle                          build/stm32f4xx_hal_uart.o
HAL_UARTEx_ReceiveToIdle_DMA                      build/stm32f4xx_hal_uart.o
HAL_UARTEx_ReceiveToIdle_IT                       build/stm32f4xx_hal_uart.o
HAL_UARTEx_RxEventCallback                        build/stm32f4xx_hal_uart.o
HAL_UART_Abort                                    build/stm32f4xx_hal_uart.o
HAL_UART_AbortCpltCallback                        build/stm32f4xx_hal_uart.o
HAL_UART_AbortReceive                             build/stm32f4xx_hal_uart.o
HAL_UART_AbortReceiveCpltCallback                 build/stm32f4xx_hal_uart.o
HAL_UART_AbortReceive_IT                          build/stm32f4xx_hal_uart.o
HAL_UART_AbortTransmit                            build/stm32f4xx_hal_uart.o
HAL_UART_AbortTransmitCpltCallback                build/stm32f4xx_hal_uart.o
HAL_UART_AbortTransmit_IT                         build/stm32f4xx_hal_uart.o
HAL_UART_Abort_IT                                 build/stm32f4xx_hal_uart.o
HAL_UART_DMAPause                                 build/stm32f4xx_hal_uart.o
HAL_UART_DMAResume                                build/stm32f4xx_hal_uart.o
HAL_UART_DMAStop                                  build/stm32f4xx_hal_uart.o
HAL_UART_DeInit                                   build/stm32f4xx_hal_uart.o
HAL_UART_ErrorCallback                            build/stm32f4xx_hal_uart.o
HAL_UART_GetError                                 build/stm32f4xx_hal_uart.o
HAL_UART_GetState                                 build/stm32f4xx_hal_uart.o
HAL_UART_IRQHandler                               build/stm32f4xx_hal_uart.o
                                                  build/stm32f4xx_it.o
HAL_UART_Init                                     build/stm32f4xx_hal_uart.o
                                                  build/main.o
HAL_UART_MspDeInit                                build/stm32f4xx_hal_msp.o
HAL_UART_MspInit                                  build/stm32f4xx_hal_msp.o
HAL_UART_Receive                                  build/stm32f4xx_hal_uart.o
                                                  build/AML_MPUSensor.o
HAL_UART_Receive_DMA                              build/stm32f4xx_hal_uart.o
                                                  build/AML_MPUSensor.o
HAL_UART_Receive_IT                               build/stm32f4xx_hal_uart.o
HAL_UART_RxCpltCallback                           build/AML_MPUSensor.o
HAL_UART_RxHalfCpltCallback                       build/stm32f4xx_hal_uart.o
HAL_UART_Transmit                                 build/stm32f4xx_hal_uart.o
HAL_UART_Transmit_DMA                             build/stm32f4xx_hal_uart.o
HAL_UART_Transmit_IT                              build/stm32f4xx_hal_uart.o
HAL_UART_TxCpltCallback                           build/stm32f4xx_hal_uart.o
HAL_UART_TxHalfCpltCallback                       build/stm32f4xx_hal_uart.o
HASH_RNG_IRQHandler                               build/startup_stm32f407xx.o
HardFault_Handler                                 build/stm32f4xx_it.o
I2C1_ER_IRQHandler                                build/startup_stm32f407xx.o
I2C1_EV_IRQHandler                                build/startup_stm32f407xx.o
I2C2_ER_IRQHandler                                build/startup_stm32f407xx.o
I2C2_EV_IRQHandler                                build/startup_stm32f407xx.o
I2C3_ER_IRQHandler                                build/startup_stm32f407xx.o
I2C3_EV_IRQHandler                                build/startup_stm32f407xx.o
InterruptThresholdSettings                        build/vl53l0x_api.o
Kd                                                build/AML_MPUSensor.o
Ki                                                build/AML_MPUSensor.o
Kp                                                build/AML_MPUSensor.o
Laser_Val                                         build/AML_LaserSensor.o
MemManage_Handler                                 build/stm32f4xx_it.o
NMI_Handler                                       build/stm32f4xx_it.o
OTG_FS_IRQHandler                                 build/startup_stm32f407xx.o
OTG_FS_WKUP_IRQHandler                            build/startup_stm32f407xx.o
OTG_HS_EP1_IN_IRQHandler                          build/startup_stm32f407xx.o
OTG_HS_EP1_OUT_IRQHandler                         build/startup_stm32f407xx.o
OTG_HS_IRQHandler                                 build/startup_stm32f407xx.o
OTG_HS_WKUP_IRQHandler                            build/startup_stm32f407xx.o
PID                                               build/pid.o
PID2                                              build/pid.o
PID_Compute                                       build/pid.o
                                                  build/AML_MPUSensor.o
PID_GetDirection                                  build/pid.o
PID_GetKd                                         build/pid.o
PID_GetKi                                         build/pid.o
PID_GetKp                                         build/pid.o
PID_GetMode                                       build/pid.o
PID_Init                                          build/pid.o
PID_SetControllerDirection                        build/pid.o
PID_SetMode                                       build/pid.o
PID_SetOutputLimits                               build/pid.o
PID_SetSampleTime                                 build/pid.o
PID_SetTunings                                    build/pid.o
PID_SetTunings2                                   build/pid.o
PVD_IRQHandler                                    build/startup_stm32f407xx.o
PendSV_Handler                                    build/stm32f4xx_it.o
PhaseCal                                          build/AML_LaserSensor.o
RCC_IRQHandler                                    build/startup_stm32f407xx.o
RTC_Alarm_IRQHandler                              build/startup_stm32f407xx.o
RTC_WKUP_IRQHandler                               build/startup_stm32f407xx.o
Reset_Handler                                     build/startup_stm32f407xx.o
SDIO_IRQHandler                                   build/startup_stm32f407xx.o
SPI1_IRQHandler                                   build/startup_stm32f407xx.o
SPI2_IRQHandler                                   build/startup_stm32f407xx.o
SPI3_IRQHandler                                   build/startup_stm32f407xx.o
SVC_Handler                                       build/stm32f4xx_it.o
SensorValue                                       build/AML_LaserSensor.o