<html>
<body>
<pre>
<h1>µVision Build Log</h1>
<h2>Tool Versions:</h2>
IDE-Version: µVision V5.31.0.0
Copyright (C) 2020 ARM Ltd and ARM Germany GmbH. All rights reserved.
License Information: a anmh1205@gmail.com, b, LIC=----
 
Tool Versions:
Toolchain:       MDK-Lite  Version: 5.31.0.0
Toolchain Path:  C:\Keil_v5\ARM\ARMCC\Bin
C Compiler:      Armcc.exe V5.06 update 6 (build 750)
Assembler:       Armasm.exe V5.06 update 6 (build 750)
Linker/Locator:  ArmLink.exe V5.06 update 6 (build 750)
Library Manager: ArmAr.exe V5.06 update 6 (build 750)
Hex Converter:   FromElf.exe V5.06 update 6 (build 750)
CPU DLL:         SARMCM3.DLL V5.31.0.0
Dialog DLL:      DCM.DLL V1.17.3.0
Target DLL:      STLink\ST-LINKIII-KEIL_SWO.dll V3.0.7.0
Dialog DLL:      TCM.DLL V1.46.0.0
 
<h2>Project:</h2>
E:\1. Phenikaa University\AML\0. Project\5. MicroMouse\3. Github Repo\1. MicroMouse Code\2. MicroMouse - STM32F407VGT6\E\MDK-ARM\E.uvprojx
Project File Date:  10/19/2023

<h2>Output:</h2>
*** Using Compiler 'V5.06 update 6 (build 750)', folder: 'C:\Keil_v5\ARM\ARMCC\Bin'
Build target 'E'
compiling AML_MotorControl.c...
../Core/Inc/AML_Encoder.h(8): warning:  #1295-D: Deprecated declaration AML_Encoder_GetLeftValue - give arg types
  int16_t AML_Encoder_GetLeftValue();
../Core/Inc/AML_Encoder.h(9): warning:  #1295-D: Deprecated declaration AML_Encoder_GetRightValue - give arg types
  int16_t AML_Encoder_GetRightValue();
../Core/Inc/AML_Encoder.h(10): warning:  #1295-D: Deprecated declaration AML_Encoder_ResetLeftValue - give arg types
  void AML_Encoder_ResetLeftValue();
../Core/Inc/AML_Encoder.h(11): warning:  #1295-D: Deprecated declaration AML_Encoder_ResetRightValue - give arg types
  void AML_Encoder_ResetRightValue();
../Core/Inc/AML_Encoder.h(13): warning:  #1-D: last line of file ends without a newline
  #endif // AML_ENCODER_H
../Core/Inc/AML_MotorControl.h(9): warning:  #1295-D: Deprecated declaration AML_MotorControl_Setup - give arg types
  void AML_MotorControl_Setup();
../Core/Inc/AML_MotorControl.h(15): warning:  #1-D: last line of file ends without a newline
  #endif // AML_MOTORCONTROL_H
..\Core\Src\AML_MotorControl.c(20): warning:  #188-D: enumerated type mixed with another type
          HAL_GPIO_WritePin(AIN1_GPIO_Port, AIN1_Pin, direction);
..\Core\Src\AML_MotorControl.c(21): warning:  #188-D: enumerated type mixed with another type
          HAL_GPIO_WritePin(AIN2_GPIO_Port, AIN2_Pin, !direction);
..\Core\Src\AML_MotorControl.c(27): warning:  #188-D: enumerated type mixed with another type
          HAL_GPIO_WritePin(AIN1_GPIO_Port, AIN1_Pin, !direction);
..\Core\Src\AML_MotorControl.c(28): warning:  #188-D: enumerated type mixed with another type
          HAL_GPIO_WritePin(AIN2_GPIO_Port, AIN2_Pin, direction);
..\Core\Src\AML_MotorControl.c(45): warning:  #188-D: enumerated type mixed with another type
          HAL_GPIO_WritePin(BIN1_GPIO_Port, BIN1_Pin, direction);
..\Core\Src\AML_MotorControl.c(46): warning:  #188-D: enumerated type mixed with another type
          HAL_GPIO_WritePin(BIN2_GPIO_Port, BIN2_Pin, !direction);
..\Core\Src\AML_MotorControl.c(52): warning:  #188-D: enumerated type mixed with another type
          HAL_GPIO_WritePin(BIN1_GPIO_Port, BIN1_Pin, !direction);
..\Core\Src\AML_MotorControl.c(53): warning:  #188-D: enumerated type mixed with another type
          HAL_GPIO_WritePin(BIN2_GPIO_Port, BIN2_Pin, direction);
..\Core\Src\AML_MotorControl.c: 15 warnings, 0 errors
linking...
Program Size: Code=26026 RO-data=458 RW-data=812 ZI-data=5060  
FromELF: creating hex file...
"E\E.axf" - 0 Error(s), 15 Warning(s).

<h2>Software Packages used:</h2>

Package Vendor: ARM
                http://www.keil.com/pack/ARM.CMSIS.5.7.0.pack
                ARM.CMSIS.5.7.0
                CMSIS (Cortex Microcontroller Software Interface Standard)
   * Component: CORE Version: 5.4.0

Package Vendor: Keil
                https://www.keil.com/pack/Keil.STM32F4xx_DFP.2.17.0.pack
                Keil.STM32F4xx_DFP.2.17.0
                STMicroelectronics STM32F4 Series Device Support, Drivers and Examples

<h2>Collection of Component include folders:</h2>
  .\RTE\_E
  D:\ARM\CMSIS\5.7.0\CMSIS\Core\Include
  D:\Keil\STM32F4xx_DFP\2.17.0\Drivers\CMSIS\Device\ST\STM32F4xx\Include

<h2>Collection of Component Files used:</h2>

   * Component: ARM::CMSIS:CORE:5.4.0
Build Time Elapsed:  00:00:02
</pre>
</body>
</html>
