<html>
<body>
<pre>
<h1>µVision Build Log</h1>
<h2>Tool Versions:</h2>
IDE-Version: µVision V5.31.0.0
Copyright (C) 2020 ARM Ltd and ARM Germany GmbH. All rights reserved.
License Information: a anmh1205@gmail.com, b, LIC=----
 
Tool Versions:
Toolchain:       MDK-Lite  Version: 5.31.0.0
Toolchain Path:  C:\Keil_v5\ARM\ARMCC\Bin
C Compiler:      Armcc.exe V5.06 update 6 (build 750)
Assembler:       Armasm.exe V5.06 update 6 (build 750)
Linker/Locator:  ArmLink.exe V5.06 update 6 (build 750)
Library Manager: ArmAr.exe V5.06 update 6 (build 750)
Hex Converter:   FromElf.exe V5.06 update 6 (build 750)
CPU DLL:         SARMCM3.DLL V5.31.0.0
Dialog DLL:      DCM.DLL V1.17.3.0
Target DLL:      STLink\ST-LINKIII-KEIL_SWO.dll V3.0.7.0
Dialog DLL:      TCM.DLL V1.46.0.0
 
<h2>Project:</h2>
E:\1. Phenikaa University\AML\0. Project\5. MicroMouse\3. Github Repo\1. MicroMouse Code\2. MicroMouse - STM32F407VGT6\E\MDK-ARM\E.uvprojx
Project File Date:  10/13/2023

<h2>Output:</h2>
*** Using Compiler 'V5.06 update 6 (build 750)', folder: 'C:\Keil_v5\ARM\ARMCC\Bin'
Build target 'E'
compiling main.c...
../Core/Inc/AML_MPUSensor.h(9): warning:  #1295-D: Deprecated declaration AML_MPUSensor_Setup - give arg types
  void AML_MPUSensor_Setup();
../Core/Inc/AML_MPUSensor.h(10): warning:  #1295-D: Deprecated declaration AML_MPUSensor_ResetAngle - give arg types
  uint8_t AML_MPUSensor_ResetAngle();
../Core/Inc/AML_MPUSensor.h(11): warning:  #1295-D: Deprecated declaration AML_MPUSensor_GetAngle - give arg types
  double AML_MPUSensor_GetAngle();
../Core/Inc/AML_LaserSensor.h(18): warning:  #1295-D: Deprecated declaration AML_LaserSensor_Setup - give arg types
  uint8_t AML_LaserSensor_Setup();
../Core/Inc/AML_LaserSensor.h(19): warning:  #1295-D: Deprecated declaration AML_LaserSensor_ReadAll - give arg types
  void AML_LaserSensor_ReadAll();
../Core/Inc/AML_LaserSensor.h(22): warning:  #1-D: last line of file ends without a newline
  #endif
../Core/Inc/AML_Keyboard.h(7): warning:  #1295-D: Deprecated declaration AML_Keyboard_Setup - give arg types
  void AML_Keyboard_Setup();
../Core/Inc/AML_Keyboard.h(8): warning:  #1295-D: Deprecated declaration AML_Keyboard_GetKey - give arg types
  uint8_t AML_Keyboard_GetKey();
../Core/Inc/AML_Keyboard.h(9): warning:  #1295-D: Deprecated declaration AML_Keyboard_WaitStartKey - give arg types
  void AML_Keyboard_WaitStartKey();
../Core/Inc/AML_Keyboard.h(11): warning:  #1-D: last line of file ends without a newline
  #endif // AML_KEYBOARD_H
../Core/Src/main.c: 10 warnings, 0 errors
compiling AML_Keyboard.c...
../Core/Inc/AML_Keyboard.h(7): warning:  #1295-D: Deprecated declaration AML_Keyboard_Setup - give arg types
  void AML_Keyboard_Setup();
../Core/Inc/AML_Keyboard.h(8): warning:  #1295-D: Deprecated declaration AML_Keyboard_GetKey - give arg types
  uint8_t AML_Keyboard_GetKey();
../Core/Inc/AML_Keyboard.h(9): warning:  #1295-D: Deprecated declaration AML_Keyboard_WaitStartKey - give arg types
  void AML_Keyboard_WaitStartKey();
../Core/Inc/AML_Keyboard.h(11): warning:  #1-D: last line of file ends without a newline
  #endif // AML_KEYBOARD_H
..\Core\Src\AML_Keyboard.c(36): warning:  #940-D: missing return statement at end of non-void function "AML_Keyboard_GetKey" 
  }
..\Core\Src\AML_Keyboard.c: 5 warnings, 0 errors
compiling AML_MPUSensor.c...
../Core/Inc/AML_MPUSensor.h(9): warning:  #1295-D: Deprecated declaration AML_MPUSensor_Setup - give arg types
  void AML_MPUSensor_Setup();
../Core/Inc/AML_MPUSensor.h(10): warning:  #1295-D: Deprecated declaration AML_MPUSensor_ResetAngle - give arg types
  uint8_t AML_MPUSensor_ResetAngle();
../Core/Inc/AML_MPUSensor.h(11): warning:  #1295-D: Deprecated declaration AML_MPUSensor_GetAngle - give arg types
  double AML_MPUSensor_GetAngle();
..\Core\Src\AML_MPUSensor.c: 3 warnings, 0 errors
linking...
Program Size: Code=21486 RO-data=458 RW-data=772 ZI-data=4844  
FromELF: creating hex file...
"E\E.axf" - 0 Error(s), 18 Warning(s).

<h2>Software Packages used:</h2>

Package Vendor: ARM
                http://www.keil.com/pack/ARM.CMSIS.5.7.0.pack
                ARM.CMSIS.5.7.0
                CMSIS (Cortex Microcontroller Software Interface Standard)
   * Component: CORE Version: 5.4.0

Package Vendor: Keil
                https://www.keil.com/pack/Keil.STM32F4xx_DFP.2.17.0.pack
                Keil.STM32F4xx_DFP.2.17.0
                STMicroelectronics STM32F4 Series Device Support, Drivers and Examples

<h2>Collection of Component include folders:</h2>
  .\RTE\_E
  D:\ARM\CMSIS\5.7.0\CMSIS\Core\Include
  D:\Keil\STM32F4xx_DFP\2.17.0\Drivers\CMSIS\Device\ST\STM32F4xx\Include

<h2>Collection of Component Files used:</h2>

   * Component: ARM::CMSIS:CORE:5.4.0
Build Time Elapsed:  00:00:04
</pre>
</body>
</html>
